Archive member included because of file (symbol)

/usr/bin/../lib/gcc/arm-none-eabi/4.9.3/armv7-m/libgcc.a(_aeabi_uldivmod.o)
                              obj_zoul/strformat.o (__aeabi_uldivmod)
/usr/bin/../lib/gcc/arm-none-eabi/4.9.3/armv7-m/libgcc.a(bpabi.o)
                              /usr/bin/../lib/gcc/arm-none-eabi/4.9.3/armv7-m/libgcc.a(_aeabi_uldivmod.o) (__gnu_uldivmod_helper)
/usr/bin/../lib/gcc/arm-none-eabi/4.9.3/armv7-m/libgcc.a(_dvmd_tls.o)
                              /usr/bin/../lib/gcc/arm-none-eabi/4.9.3/armv7-m/libgcc.a(_aeabi_uldivmod.o) (__aeabi_ldiv0)
/usr/bin/../lib/gcc/arm-none-eabi/4.9.3/armv7-m/libgcc.a(_divdi3.o)
                              /usr/bin/../lib/gcc/arm-none-eabi/4.9.3/armv7-m/libgcc.a(bpabi.o) (__divdi3)
/usr/bin/../lib/gcc/arm-none-eabi/4.9.3/armv7-m/libgcc.a(_udivdi3.o)
                              /usr/bin/../lib/gcc/arm-none-eabi/4.9.3/armv7-m/libgcc.a(bpabi.o) (__udivdi3)
/usr/bin/../lib/gcc/arm-none-eabi/4.9.3/../../../../arm-none-eabi/lib/armv7-m/libc.a(lib_a-malloc.o)
                              obj_zoul/contiki-main.o (malloc)
/usr/bin/../lib/gcc/arm-none-eabi/4.9.3/../../../../arm-none-eabi/lib/armv7-m/libc.a(lib_a-mallocr.o)
                              /usr/bin/../lib/gcc/arm-none-eabi/4.9.3/../../../../arm-none-eabi/lib/armv7-m/libc.a(lib_a-malloc.o) (_malloc_r)
/usr/bin/../lib/gcc/arm-none-eabi/4.9.3/../../../../arm-none-eabi/lib/armv7-m/libc.a(lib_a-memcmp.o)
                              obj_zoul/slip.o (memcmp)
/usr/bin/../lib/gcc/arm-none-eabi/4.9.3/../../../../arm-none-eabi/lib/armv7-m/libc.a(lib_a-memcpy.o)
                              obj_zoul/slip.o (memcpy)
/usr/bin/../lib/gcc/arm-none-eabi/4.9.3/../../../../arm-none-eabi/lib/armv7-m/libc.a(lib_a-memmove.o)
                              obj_zoul/mmem.o (memmove)
/usr/bin/../lib/gcc/arm-none-eabi/4.9.3/../../../../arm-none-eabi/lib/armv7-m/libc.a(lib_a-memset.o)
                              obj_zoul/gpio.o (memset)
/usr/bin/../lib/gcc/arm-none-eabi/4.9.3/../../../../arm-none-eabi/lib/armv7-m/libc.a(lib_a-mlock.o)
                              /usr/bin/../lib/gcc/arm-none-eabi/4.9.3/../../../../arm-none-eabi/lib/armv7-m/libc.a(lib_a-mallocr.o) (__malloc_lock)
/usr/bin/../lib/gcc/arm-none-eabi/4.9.3/../../../../arm-none-eabi/lib/armv7-m/libc.a(lib_a-reent.o)
                              obj_zoul/syscalls.o (errno)
/usr/bin/../lib/gcc/arm-none-eabi/4.9.3/../../../../arm-none-eabi/lib/armv7-m/libc.a(lib_a-sbrkr.o)
                              /usr/bin/../lib/gcc/arm-none-eabi/4.9.3/../../../../arm-none-eabi/lib/armv7-m/libc.a(lib_a-mallocr.o) (_sbrk_r)
/usr/bin/../lib/gcc/arm-none-eabi/4.9.3/../../../../arm-none-eabi/lib/armv7-m/libc.a(lib_a-strcmp.o)
                              obj_zoul/cfs-coffee.o (strcmp)
/usr/bin/../lib/gcc/arm-none-eabi/4.9.3/../../../../arm-none-eabi/lib/armv7-m/libc.a(lib_a-strcpy.o)
                              obj_zoul/contiki-main.o (strcpy)
/usr/bin/../lib/gcc/arm-none-eabi/4.9.3/../../../../arm-none-eabi/lib/armv7-m/libc.a(lib_a-strlen.o)
                              obj_zoul/contiki-main.o (strlen)
/usr/bin/../lib/gcc/arm-none-eabi/4.9.3/../../../../arm-none-eabi/lib/armv7-m/libc.a(lib_a-strncmp.o)
                              obj_zoul/slip.o (strncmp)
/usr/bin/../lib/gcc/arm-none-eabi/4.9.3/../../../../arm-none-eabi/lib/armv7-m/libc.a(lib_a-strncpy.o)
                              obj_zoul/cfs-coffee.o (strncpy)
/usr/bin/../lib/gcc/arm-none-eabi/4.9.3/../../../../arm-none-eabi/lib/armv7-m/libc.a(lib_a-freer.o)
                              /usr/bin/../lib/gcc/arm-none-eabi/4.9.3/../../../../arm-none-eabi/lib/armv7-m/libc.a(lib_a-malloc.o) (_free_r)
/usr/bin/../lib/gcc/arm-none-eabi/4.9.3/../../../../arm-none-eabi/lib/armv7-m/libc.a(lib_a-impure.o)
                              /usr/bin/../lib/gcc/arm-none-eabi/4.9.3/../../../../arm-none-eabi/lib/armv7-m/libc.a(lib_a-malloc.o) (_impure_ptr)

Allocating common symbols
Common symbol       size              file

compower_idle_activity
                    0x8               obj_zoul/compower.o
energest_total_time
                    0x30              obj_zoul/energest.o
my_weight           0x1               obj_zoul/contiki-main.o
usb_setup_buffer    0x8               obj_zoul/usb-core.o
rdc_transmission_count
                    0x4               obj_zoul/contiki-main.o
energest_total_count
                    0x4               obj_zoul/energest.o
dao_ack_count       0x4               obj_zoul/contiki-main.o
my_parent_number    0x1               obj_zoul/contiki-main.o
errno               0x4               /usr/bin/../lib/gcc/arm-none-eabi/4.9.3/../../../../arm-none-eabi/lib/armv7-m/libc.a(lib_a-reent.o)
slip_active         0x1               obj_zoul/slip.o
rimestats           0x48              obj_zoul/rimestats.o
energest_current_mode
                    0xc               obj_zoul/energest.o
packetbuf_addrs     0x8               obj_zoul/packetbuf.o
[...]
Memory Configuration

Name             Origin             Length             Attributes
FLASH_FW         0x00264000         0x0001bfd4         xr
FLASH_CCA        0x0027ffd4         0x0000002c         xr
NRSRAM           0x20000000         0x00000000         xrw
FRSRAM           0x20000000         0x00008000         xrw
*default*        0x00000000         0xffffffff

Linker script and memory map

LOAD obj_zoul/startup-gcc.o
LOAD obj_zoul/contiki-main.o
LOAD obj_zoul/leds.o
LOAD obj_zoul/leds-arch.o
LOAD obj_zoul/cc1200-zoul-arch.o
LOAD obj_zoul/dual_radio.o
LOAD obj_zoul/adc-zoul.o
LOAD obj_zoul/button-sensor.o
LOAD obj_zoul/zoul-sensors.o
LOAD obj_zoul/board.o
LOAD obj_zoul/soc.o
LOAD obj_zoul/clock.o
LOAD obj_zoul/rtimer-arch.o
LOAD obj_zoul/uart.o
LOAD obj_zoul/watchdog.o
LOAD obj_zoul/nvic.o
LOAD obj_zoul/cpu.o
LOAD obj_zoul/sys-ctrl.o
LOAD obj_zoul/gpio.o
LOAD obj_zoul/ioc.o
LOAD obj_zoul/spi.o
LOAD obj_zoul/adc.o
LOAD obj_zoul/crypto.o
LOAD obj_zoul/aes.o
LOAD obj_zoul/ecb.o
LOAD obj_zoul/cbc.o
LOAD obj_zoul/ctr.o
LOAD obj_zoul/cbc-mac.o
LOAD obj_zoul/gcm.o
LOAD obj_zoul/ccm.o
LOAD obj_zoul/sha256.o
LOAD obj_zoul/cc2538-aes-128.o
LOAD obj_zoul/cc2538-ccm-star.o
LOAD obj_zoul/cc2538-rf.o
LOAD obj_zoul/udma.o
LOAD obj_zoul/lpm.o
LOAD obj_zoul/pka.o
LOAD obj_zoul/bignum-driver.o
LOAD obj_zoul/ecc-driver.o
LOAD obj_zoul/ecc-algorithm.o
LOAD obj_zoul/ecc-curve.o
LOAD obj_zoul/dbg.o
LOAD obj_zoul/ieee-addr.o
LOAD obj_zoul/slip-arch.o
LOAD obj_zoul/slip.o
LOAD obj_zoul/i2c.o
LOAD obj_zoul/cc2538-temp-sensor.o
LOAD obj_zoul/vdd3-sensor.o
LOAD obj_zoul/cfs-coffee.o
LOAD obj_zoul/cfs-coffee-arch.o
LOAD obj_zoul/pwm.o
LOAD obj_zoul/dbg-printf.o
LOAD obj_zoul/dbg-snprintf.o
LOAD obj_zoul/dbg-sprintf.o
LOAD obj_zoul/strformat.o
LOAD obj_zoul/usb-core.o
LOAD obj_zoul/cdc-acm.o
LOAD obj_zoul/usb-arch.o
LOAD obj_zoul/usb-serial.o
LOAD obj_zoul/cdc-acm-descriptors.o
LOAD obj_zoul/arg.o
LOAD obj_zoul/autostart.o
LOAD obj_zoul/compower.o
LOAD obj_zoul/ctimer.o
LOAD obj_zoul/energest.o
LOAD obj_zoul/etimer.o
LOAD obj_zoul/log_message.o
LOAD obj_zoul/mt.o
LOAD obj_zoul/process.o
LOAD obj_zoul/procinit.o
LOAD obj_zoul/residual.o
LOAD obj_zoul/rtimer.o
LOAD obj_zoul/stimer.o
LOAD obj_zoul/timer.o
LOAD obj_zoul/nullradio.o
LOAD obj_zoul/serial-line.o
LOAD obj_zoul/aes-128.o
LOAD obj_zoul/assert.o
LOAD obj_zoul/ccm-star.o
LOAD obj_zoul/crc16.o
LOAD obj_zoul/gcr.o
LOAD obj_zoul/ifft.o
LOAD obj_zoul/list.o
LOAD obj_zoul/me.o
LOAD obj_zoul/memb.o
LOAD obj_zoul/me_tabs.o
LOAD obj_zoul/mmem.o
LOAD obj_zoul/petsciiconv.o
LOAD obj_zoul/print-stats.o
LOAD obj_zoul/random.o
LOAD obj_zoul/ringbuf.o
LOAD obj_zoul/ringbufindex.o
LOAD obj_zoul/sensors.o
LOAD obj_zoul/settings.o
LOAD obj_zoul/trickle-timer.o
LOAD obj_zoul/abc.o
LOAD obj_zoul/announcement.o
LOAD obj_zoul/broadcast-announcement.o
LOAD obj_zoul/broadcast.o
LOAD obj_zoul/chameleon-bitopt.o
LOAD obj_zoul/chameleon.o
LOAD obj_zoul/chameleon-raw.o
LOAD obj_zoul/channel.o
LOAD obj_zoul/collect.o
LOAD obj_zoul/collect-link-estimate.o
LOAD obj_zoul/collect-neighbor.o
LOAD obj_zoul/ipolite.o
LOAD obj_zoul/mesh.o
LOAD obj_zoul/multihop.o
LOAD obj_zoul/neighbor-discovery.o
LOAD obj_zoul/netflood.o
LOAD obj_zoul/packetqueue.o
LOAD obj_zoul/polite-announcement.o
LOAD obj_zoul/polite.o
LOAD obj_zoul/rime.o
LOAD obj_zoul/rimestats.o
LOAD obj_zoul/rmh.o
LOAD obj_zoul/route.o
LOAD obj_zoul/route-discovery.o
LOAD obj_zoul/rucb.o
LOAD obj_zoul/rudolph1.o
LOAD obj_zoul/rudolph2.o
LOAD obj_zoul/runicast.o
LOAD obj_zoul/stbroadcast.o
LOAD obj_zoul/stunicast.o
LOAD obj_zoul/timesynch.o
LOAD obj_zoul/trickle.o
LOAD obj_zoul/unicast.o
LOAD obj_zoul/syscalls.o
LOAD obj_zoul/linkaddr.o
LOAD obj_zoul/nbr-table.o
LOAD obj_zoul/netstack.o
LOAD obj_zoul/packetbuf.o
LOAD obj_zoul/queuebuf.o
LOAD obj_zoul/csma.o
LOAD obj_zoul/frame802154.o
LOAD obj_zoul/frame802154e-ie.o
LOAD obj_zoul/framer-802154.o
LOAD obj_zoul/framer-nullmac.o
LOAD obj_zoul/mac.o
LOAD obj_zoul/mac-sequence.o
LOAD obj_zoul/nordc.o
LOAD obj_zoul/nullmac.o
LOAD obj_zoul/nullrdc.o
LOAD obj_zoul/nullrdc-noframer.o
LOAD obj_zoul/phase.o
LOAD obj_zoul/contikimac.o
LOAD obj_zoul/contikimac-framer.o
LOAD obj_zoul/anti-replay.o
LOAD obj_zoul/ccm-star-packetbuf.o
LOAD obj_zoul/nullsec.o
LOAD obj_zoul/noncoresec.o
LOAD obj_zoul/cc1200_802154g_863_870_fsk_38kbps.o
LOAD obj_zoul/cc1200-802154g-863-870-fsk-50kbps.o
LOAD obj_zoul/cc1200_802154g_915_921_fsk_38kbps.o
LOAD obj_zoul/cc1200_802154g_915_921_fsk_50kbps.o
LOAD obj_zoul/cc1200.o
LOAD example-unicast.co
START GROUP
LOAD /usr/bin/../lib/gcc/arm-none-eabi/4.9.3/armv7-m/libgcc.a
LOAD /usr/bin/../lib/gcc/arm-none-eabi/4.9.3/../../../../arm-none-eabi/lib/armv7-m/libc.a
END GROUP

.text           0x00264000     0x76fc
                0x00264000                _text = .
 *(SORT(.vectors))
 .vectors       0x00264000      0x28c obj_zoul/startup-gcc.o
                0x00264000                vectors
 *(SORT(.text*))
 .text.reset_handler
                0x0026428c       0x40 obj_zoul/startup-gcc.o
                0x0026428c                reset_handler
 .text.startup.main
                0x002642cc      0x228 obj_zoul/contiki-main.o
                0x002642cc                main
 .text.show_leds
                0x002644f4       0xe4 obj_zoul/leds.o
 .text.leds_init
                0x002645d8       0x14 obj_zoul/leds.o
                0x002645d8                leds_init
 .text.leds_on  0x002645ec       0x10 obj_zoul/leds.o
                0x002645ec                leds_on
 .text.leds_off
                0x002645fc       0x10 obj_zoul/leds.o
                0x002645fc                leds_off
 .text.leds_arch_init
                0x0026460c       0x10 obj_zoul/leds-arch.o
                0x0026460c                leds_arch_init
 .text.leds_arch_set
                0x0026461c        0xc obj_zoul/leds-arch.o
                0x0026461c                leds_arch_set
 .text.cc1200_arch_spi_select
                0x00264628       0x18 obj_zoul/cc1200-zoul-arch.o
                0x00264628                cc1200_arch_spi_select
 .text.cc1200_arch_spi_deselect
                0x00264640        0xc obj_zoul/cc1200-zoul-arch.o
                0x00264640                cc1200_arch_spi_deselect
 .text.cc1200_arch_spi_rw_byte
                0x0026464c       0x20 obj_zoul/cc1200-zoul-arch.o
                0x0026464c                cc1200_arch_spi_rw_byte
 .text.cc1200_arch_spi_rw
                0x0026466c       0x88 obj_zoul/cc1200-zoul-arch.o
                0x0026466c                cc1200_arch_spi_rw
 .text.cc1200_arch_gpio0_setup_irq
                0x002646f4       0x7c obj_zoul/cc1200-zoul-arch.o
                0x002646f4                cc1200_arch_gpio0_setup_irq
 .text.cc1200_arch_gpio2_setup_irq
                0x00264770       0x7c obj_zoul/cc1200-zoul-arch.o
                0x00264770                cc1200_arch_gpio2_setup_irq
 .text.cc1200_arch_gpio0_enable_irq
                0x002647ec       0x24 obj_zoul/cc1200-zoul-arch.o
                0x002647ec                cc1200_arch_gpio0_enable_irq
 .text.cc1200_arch_gpio0_disable_irq
                0x00264810       0x10 obj_zoul/cc1200-zoul-arch.o
                0x00264810                cc1200_arch_gpio0_disable_irq
 .text.cc1200_arch_gpio2_enable_irq
                0x00264820       0x24 obj_zoul/cc1200-zoul-arch.o
                0x00264820                cc1200_arch_gpio2_enable_irq
 .text.cc1200_arch_gpio2_disable_irq
                0x00264844       0x10 obj_zoul/cc1200-zoul-arch.o
                0x00264844                cc1200_arch_gpio2_disable_irq
 .text.cc1200_arch_gpio0_read_pin
                0x00264854       0x10 obj_zoul/cc1200-zoul-arch.o
                0x00264854                cc1200_arch_gpio0_read_pin
 .text.cc1200_arch_gpio2_read_pin
                0x00264864        0xc obj_zoul/cc1200-zoul-arch.o
                0x00264864                cc1200_arch_gpio2_read_pin
 .text.cc1200_arch_init
                0x00264870       0x84 obj_zoul/cc1200-zoul-arch.o
                0x00264870                cc1200_arch_init
 .text.value    0x002648f4       0x20 obj_zoul/button-sensor.o
 .text.duration_exceeded_callback
                0x00264914       0x3c obj_zoul/button-sensor.o
 .text.config_user
                0x00264950       0xa0 obj_zoul/button-sensor.o
 .text.btn_callback
                0x002649f0       0x5c obj_zoul/button-sensor.o
 .text.soc_get_rev
                0x00264a4c       0x18 obj_zoul/soc.o
                0x00264a4c                soc_get_rev
 .text.soc_get_sram_size
                0x00264a64       0x1c obj_zoul/soc.o
                0x00264a64                soc_get_sram_size
 .text.soc_print_info
                0x00264a80       0xfc obj_zoul/soc.o
                0x00264a80                soc_print_info
 .text.update_ticks
                0x00264b7c       0x4c obj_zoul/clock.o
 .text.clock_init
                0x00264bc8       0x50 obj_zoul/clock.o
                0x00264bc8                clock_init
 .text.clock_time
                0x00264c18       0x14 obj_zoul/clock.o
                0x00264c18                clock_time
 .text.clock_seconds
                0x00264c2c       0x14 obj_zoul/clock.o
                0x00264c2c                clock_seconds
 .text.clock_delay_usec
                0x00264c40       0x1c obj_zoul/clock.o
                0x00264c40                clock_delay_usec
 .text.clock_adjust
                0x00264c5c       0x20 obj_zoul/clock.o
                0x00264c5c                clock_adjust
 .text.clock_isr
                0x00264c7c       0x3c obj_zoul/clock.o
                0x00264c7c                clock_isr
 .text.rtimer_arch_next_trigger
                0x00264cb8        0xc obj_zoul/rtimer-arch.o
                0x00264cb8                rtimer_arch_next_trigger
 .text.rtimer_arch_now
                0x00264cc4       0x2c obj_zoul/rtimer-arch.o
                0x00264cc4                rtimer_arch_now
 .text.rtimer_arch_schedule
                0x00264cf0       0x58 obj_zoul/rtimer-arch.o
                0x00264cf0                rtimer_arch_schedule
 .text.rtimer_isr
                0x00264d48       0x54 obj_zoul/rtimer-arch.o
                0x00264d48                rtimer_isr
 .text.permit_pm1
                0x00264d9c       0x2c obj_zoul/uart.o
 .text.uart_isr
                0x00264dc8       0x98 obj_zoul/uart.o
 .text.uart_init
                0x00264e60      0x1ac obj_zoul/uart.o
                0x00264e60                uart_init
 .text.uart_set_input
                0x0026500c       0x10 obj_zoul/uart.o
                0x0026500c                uart_set_input
 .text.uart_write_byte
                0x0026501c       0x1c obj_zoul/uart.o
                0x0026501c                uart_write_byte
 .text.watchdog_init
                0x00265038        0xc obj_zoul/watchdog.o
                0x00265038                watchdog_init
 .text.watchdog_start
                0x00265044        0xc obj_zoul/watchdog.o
                0x00265044                watchdog_start
 .text.watchdog_periodic
                0x00265050       0x10 obj_zoul/watchdog.o
                0x00265050                watchdog_periodic
 .text.nvic_init
                0x00265060       0x3c obj_zoul/nvic.o
                0x00265060                nvic_init
 .text.nvic_interrupt_enable
                0x0026509c       0x18 obj_zoul/nvic.o
                0x0026509c                nvic_interrupt_enable
 .text.nvic_interrupt_disable
                0x002650b4       0x18 obj_zoul/nvic.o
                0x002650b4                nvic_interrupt_disable
 .text.nvic_interrupt_unpend
                0x002650cc       0x18 obj_zoul/nvic.o
                0x002650cc                nvic_interrupt_unpend
 .text.sys_ctrl_get_reset_cause
                0x002650e4       0x10 obj_zoul/sys-ctrl.o
                0x002650e4                sys_ctrl_get_reset_cause
 .text.sys_ctrl_get_reset_cause_str
                0x002650f4       0x14 obj_zoul/sys-ctrl.o
                0x002650f4                sys_ctrl_get_reset_cause_str
 .text.sys_ctrl_init
                0x00265108       0x28 obj_zoul/sys-ctrl.o
                0x00265108                sys_ctrl_init
 .text.sys_ctrl_get_sys_clock
                0x00265130       0x18 obj_zoul/sys-ctrl.o
                0x00265130                sys_ctrl_get_sys_clock
 .text.sys_ctrl_get_io_clock
                0x00265148       0x18 obj_zoul/sys-ctrl.o
                0x00265148                sys_ctrl_get_io_clock
 .text.gpio_register_callback
                0x00265160       0x10 obj_zoul/gpio.o
                0x00265160                gpio_register_callback
 .text.notify   0x00265170       0x30 obj_zoul/gpio.o
                0x00265170                notify
 .text.gpio_port_isr
                0x002651a0       0x84 obj_zoul/gpio.o
 .text.gpio_init
                0x00265224       0x10 obj_zoul/gpio.o
                0x00265224                gpio_init
 .text.ioc_init
                0x00265234       0x1c obj_zoul/ioc.o
                0x00265234                ioc_init
 .text.ioc_set_over
                0x00265250       0x14 obj_zoul/ioc.o
                0x00265250                ioc_set_over
 .text.ioc_set_sel
                0x00265264       0x14 obj_zoul/ioc.o
                0x00265264                ioc_set_sel
 .text.spix_enable
                0x00265278       0x18 obj_zoul/spi.o
                0x00265278                spix_enable
 .text.spix_init
                0x00265290      0x100 obj_zoul/spi.o
                0x00265290                spix_init
 .text.spix_cs_init
                0x00265390       0x38 obj_zoul/spi.o
                0x00265390                spix_cs_init
 .text.adc_get  0x002653c8       0x78 obj_zoul/adc.o
                0x002653c8                adc_get
 .text.permit_pm1
                0x00265440       0x10 obj_zoul/crypto.o
 .text.crypto_isr
                0x00265450       0x58 obj_zoul/crypto.o
                0x00265450                crypto_isr
 .text.crypto_enable
                0x002654a8       0x20 obj_zoul/crypto.o
                0x002654a8                crypto_enable
 .text.crypto_init
                0x002654c8       0x3c obj_zoul/crypto.o
                0x002654c8                crypto_init
 .text.crypto_disable
                0x00265504       0x20 obj_zoul/crypto.o
                0x00265504                crypto_disable
 .text.on       0x00265524       0x40 obj_zoul/cc2538-rf.o
 .text.read     0x00265564       0xc4 obj_zoul/cc2538-rf.o
 .text.off      0x00265628       0x64 obj_zoul/cc2538-rf.o
 .text.set_channel
                0x0026568c       0x48 obj_zoul/cc2538-rf.o
 .text.init     0x002656d4       0xe0 obj_zoul/cc2538-rf.o
 .text.process_thread_cc2538_rf_process
                0x002657b4       0x74 obj_zoul/cc2538-rf.o
 .text.cc2538_rf_rx_tx_isr
                0x00265828       0x48 obj_zoul/cc2538-rf.o
                0x00265828                cc2538_rf_rx_tx_isr
 .text.cc2538_rf_err_isr
                0x00265870       0x64 obj_zoul/cc2538-rf.o
                0x00265870                cc2538_rf_err_isr
 .text.udma_init
                0x002658d4       0x30 obj_zoul/udma.o
                0x002658d4                udma_init
 .text.udma_set_channel_src
                0x00265904       0x10 obj_zoul/udma.o
                0x00265904                udma_set_channel_src
 .text.udma_set_channel_dst
                0x00265914       0x14 obj_zoul/udma.o
                0x00265914                udma_set_channel_dst
 .text.udma_set_channel_control_word
                0x00265928       0x14 obj_zoul/udma.o
                0x00265928                udma_set_channel_control_word
 .text.udma_channel_enable
                0x0026593c       0x18 obj_zoul/udma.o
                0x0026593c                udma_channel_enable
 .text.udma_channel_mask_set
                0x00265954       0x18 obj_zoul/udma.o
                0x00265954                udma_channel_mask_set
 .text.udma_channel_sw_request
                0x0026596c       0x18 obj_zoul/udma.o
                0x0026596c                udma_channel_sw_request
 .text.udma_channel_get_mode
                0x00265984       0x1c obj_zoul/udma.o
                0x00265984                udma_channel_get_mode
 .text.udma_isr
                0x002659a0       0x10 obj_zoul/udma.o
                0x002659a0                udma_isr
 .text.udma_err_isr
                0x002659b0        0xc obj_zoul/udma.o
                0x002659b0                udma_err_isr
 .text.select_32_mhz_xosc
                0x002659bc       0x2c obj_zoul/lpm.o
 .text.enter_pm0
                0x002659e8       0x6c obj_zoul/lpm.o
 .text.lpm_exit
                0x00265a54       0x6c obj_zoul/lpm.o
                0x00265a54                lpm_exit
 .text.lpm_enter
                0x00265ac0      0x128 obj_zoul/lpm.o
                0x00265ac0                lpm_enter
 .text.lpm_register_peripheral
                0x00265be8       0x20 obj_zoul/lpm.o
                0x00265be8                lpm_register_peripheral
 .text.lpm_init
                0x00265c08       0x24 obj_zoul/lpm.o
                0x00265c08                lpm_init
 .text.pka_isr  0x00265c2c       0x58 obj_zoul/pka.o
                0x00265c2c                pka_isr
 .text.ieee_addr_cpy_to
                0x00265c84       0x80 obj_zoul/ieee-addr.o
                0x00265c84                ieee_addr_cpy_to
 .text.load_file
                0x00265d04       0x60 obj_zoul/cfs-coffee.o
 .text.find_file
                0x00265d64       0x90 obj_zoul/cfs-coffee.o
 .text.find_contiguous_pages
                0x00265df4       0x84 obj_zoul/cfs-coffee.o
 .text.remove_by_page.isra.1
                0x00265e78       0xb8 obj_zoul/cfs-coffee.o
 .text.reserve.constprop.4
                0x00265f30      0x21c obj_zoul/cfs-coffee.o
 .text.cfs_open
                0x0026614c       0x9c obj_zoul/cfs-coffee.o
                0x0026614c                cfs_open
 .text.cfs_close
                0x002661e8       0x24 obj_zoul/cfs-coffee.o
                0x002661e8                cfs_close
 .text.cfs_seek
                0x0026620c       0x5c obj_zoul/cfs-coffee.o
                0x0026620c                cfs_seek
 .text.cfs_read
                0x00266268       0x58 obj_zoul/cfs-coffee.o
                0x00266268                cfs_read
 .text.cfs_write
                0x002662c0      0x1a4 obj_zoul/cfs-coffee.o
                0x002662c0                cfs_write
 .text.printf   0x00266464       0x20 obj_zoul/dbg-printf.o
                0x00266464                printf
 .text.sprintf  0x00266484       0x30 obj_zoul/dbg-sprintf.o
                0x00266484                sprintf
 .text.fill_space
                0x002664b4       0x34 obj_zoul/strformat.o
 .text.format_str_v
                0x002664e8      0x6e8 obj_zoul/strformat.o
                0x002664e8                format_str_v
 .text.process_thread_ctimer_process
                0x00266bd0       0x80 obj_zoul/ctimer.o
 .text.ctimer_init
                0x00266c50       0x28 obj_zoul/ctimer.o
                0x00266c50                ctimer_init
 .text.ctimer_set_with_process
                0x00266c78       0x44 obj_zoul/ctimer.o
                0x00266c78                ctimer_set_with_process
 .text.ctimer_set
                0x00266cbc       0x14 obj_zoul/ctimer.o
                0x00266cbc                ctimer_set
 .text.ctimer_stop
                0x00266cd0       0x2c obj_zoul/ctimer.o
                0x00266cd0                ctimer_stop
 .text.energest_init
                0x00266cfc       0x28 obj_zoul/energest.o
                0x00266cfc                energest_init
 .text.energest_type_time
                0x00266d24       0x38 obj_zoul/energest.o
                0x00266d24                energest_type_time
 .text.energest_type_set
                0x00266d5c        0xc obj_zoul/energest.o
                0x00266d5c                energest_type_set
 .text.update_time
                0x00266d68       0x44 obj_zoul/etimer.o
 .text.etimer_request_poll
                0x00266dac        0xc obj_zoul/etimer.o
                0x00266dac                etimer_request_poll
 .text.process_thread_etimer_process
                0x00266db8       0x94 obj_zoul/etimer.o
 .text.add_timer
                0x00266e4c       0x40 obj_zoul/etimer.o
 .text.etimer_pending
                0x00266e8c       0x10 obj_zoul/etimer.o
                0x00266e8c                etimer_pending
 .text.etimer_stop
                0x00266e9c       0x34 obj_zoul/etimer.o
                0x00266e9c                etimer_stop
 .text.log_initialization
                0x00266ed0      0x160 obj_zoul/log_message.o
                0x00266ed0                log_initialization
 .text.call_process.part.0
                0x00267030       0x38 obj_zoul/process.o
 .text.exit_process
                0x00267068       0x80 obj_zoul/process.o
 .text.do_poll  0x002670e8       0x30 obj_zoul/process.o
 .text.process_alloc_event
                0x00267118       0x10 obj_zoul/process.o
                0x00267118                process_alloc_event
 .text.process_init
                0x00267128       0x30 obj_zoul/process.o
                0x00267128                process_init
 .text.process_run
                0x00267158       0xb0 obj_zoul/process.o
                0x00267158                process_run
 .text.process_nevents
                0x00267208       0x14 obj_zoul/process.o
                0x00267208                process_nevents
 .text.process_post
                0x0026721c       0x44 obj_zoul/process.o
                0x0026721c                process_post
 .text.process_post_synch
                0x00267260       0x14 obj_zoul/process.o
                0x00267260                process_post_synch
 .text.process_start
                0x00267274       0x30 obj_zoul/process.o
                0x00267274                process_start
 .text.process_poll
                0x002672a4       0x18 obj_zoul/process.o
                0x002672a4                process_poll
 .text.get_residual_energy
                0x002672bc       0x28 obj_zoul/residual.o
                0x002672bc                get_residual_energy
 .text.rtimer_run_next
                0x002672e4       0x28 obj_zoul/rtimer.o
                0x002672e4                rtimer_run_next
 .text.process_thread_serial_line_process
                0x0026730c       0x98 obj_zoul/serial-line.o
 .text.serial_line_input_byte
                0x002673a4       0x44 obj_zoul/serial-line.o
                0x002673a4                serial_line_input_byte
 .text.serial_line_init
                0x002673e8       0x24 obj_zoul/serial-line.o
                0x002673e8                serial_line_init
 .text.random_rand
                0x0026740c       0x20 obj_zoul/random.o
                0x0026740c                random_rand
 .text.random_init
                0x0026742c       0x78 obj_zoul/random.o
                0x0026742c                random_init
 .text.process_thread_sensors_process
                0x002674a4       0xd4 obj_zoul/sensors.o
 .text.sensors_changed
                0x00267578       0x38 obj_zoul/sensors.o
                0x00267578                sensors_changed
 .text.abc_open
                0x002675b0       0x20 obj_zoul/abc.o
                0x002675b0                abc_open
 .text.announcement_init
                0x002675d0        0xc obj_zoul/announcement.o
                0x002675d0                announcement_init
 .text.announcement_register_observer_callback
                0x002675dc        0xc obj_zoul/announcement.o
                0x002675dc                announcement_register_observer_callback
 .text.announcement_list
                0x002675e8        0xc obj_zoul/announcement.o
                0x002675e8                announcement_list
 .text.announcement_heard
                0x002675f4       0x38 obj_zoul/announcement.o
                0x002675f4                announcement_heard
 .text.set_timers
                0x0026762c       0x3c obj_zoul/broadcast-announcement.o
 .text.send_timer
                0x00267668       0x18 obj_zoul/broadcast-announcement.o
 .text.send_adv
                0x00267680       0x54 obj_zoul/broadcast-announcement.o
 .text.new_announcement
                0x002676d4       0x18 obj_zoul/broadcast-announcement.o
 .text.broadcast_announcement_init
                0x002676ec       0x34 obj_zoul/broadcast-announcement.o
                0x002676ec                broadcast_announcement_init
 .text.sent_by_abc
                0x00267720       0x5c obj_zoul/broadcast.o
 .text.recv_from_abc
                0x0026777c       0x40 obj_zoul/broadcast.o
 .text.broadcast_open
                0x002677bc       0x24 obj_zoul/broadcast.o
                0x002677bc                broadcast_open
 .text.broadcast_send
                0x002677e0       0x2c obj_zoul/broadcast.o
                0x002677e0                broadcast_send
 .text.get_bits_in_byte
                0x0026780c       0x24 obj_zoul/chameleon-bitopt.o
 .text.chameleon_parse
                0x00267830       0x1c obj_zoul/chameleon.o
                0x00267830                chameleon_parse
 .text.chameleon_create
                0x0026784c       0x20 obj_zoul/chameleon.o
                0x0026784c                chameleon_create
 .text.chameleon_hdrsize
                0x0026786c        0xc obj_zoul/chameleon.o
                0x0026786c                chameleon_hdrsize
 .text.channel_init
                0x00267878        0xc obj_zoul/channel.o
                0x00267878                channel_init
 .text.channel_open
                0x00267884       0x10 obj_zoul/channel.o
                0x00267884                channel_open
 .text.channel_close
                0x00267894        0xc obj_zoul/channel.o
                0x00267894                channel_close
 .text.channel_lookup
                0x002678a0       0x20 obj_zoul/channel.o
                0x002678a0                channel_lookup
 .text.packet_sent
                0x002678c0       0x68 obj_zoul/rime.o
 .text.input    0x00267928       0x34 obj_zoul/rime.o
 .text.rime_output
                0x0026795c       0x24 obj_zoul/rime.o
                0x0026795c                rime_output
 .text._sbrk    0x00267980       0x2c obj_zoul/syscalls.o
                0x00267980                _sbrk
 .text.netstack_init
                0x002679ac       0x38 obj_zoul/netstack.o
                0x002679ac                netstack_init
 .text.packetbuf_hdrreduce
                0x002679e4       0x2c obj_zoul/packetbuf.o
                0x002679e4                packetbuf_hdrreduce
 .text.packetbuf_set_datalen
                0x00267a10        0xc obj_zoul/packetbuf.o
                0x00267a10                packetbuf_set_datalen
 .text.packetbuf_hdrptr
                0x00267a1c        0x8 obj_zoul/packetbuf.o
                0x00267a1c                packetbuf_hdrptr
 .text.packetbuf_datalen
                0x00267a24        0xc obj_zoul/packetbuf.o
                0x00267a24                packetbuf_datalen
 .text.packetbuf_hdrlen
                0x00267a30       0x18 obj_zoul/packetbuf.o
                0x00267a30                packetbuf_hdrlen
 .text.packetbuf_compact
                0x00267a48       0x4c obj_zoul/packetbuf.o
                0x00267a48                packetbuf_compact
 .text.packetbuf_dataptr
                0x00267a94       0x10 obj_zoul/packetbuf.o
                0x00267a94                packetbuf_dataptr
 .text.packetbuf_totlen
                0x00267aa4       0x14 obj_zoul/packetbuf.o
                0x00267aa4                packetbuf_totlen
 .text.packetbuf_hdralloc
                0x00267ab8       0x3c obj_zoul/packetbuf.o
                0x00267ab8                packetbuf_hdralloc
 .text.packetbuf_attr_clear
                0x00267af4       0x2c obj_zoul/packetbuf.o
                0x00267af4                packetbuf_attr_clear
 .text.packetbuf_clear
                0x00267b20       0x20 obj_zoul/packetbuf.o
                0x00267b20                packetbuf_clear
 .text.packetbuf_copyfrom
                0x00267b40       0x2c obj_zoul/packetbuf.o
                0x00267b40                packetbuf_copyfrom
 .text.packetbuf_attr_copyfrom
                0x00267b6c       0x28 obj_zoul/packetbuf.o
                0x00267b6c                packetbuf_attr_copyfrom
 .text.packetbuf_set_attr
                0x00267b94       0x10 obj_zoul/packetbuf.o
                0x00267b94                packetbuf_set_attr
 .text.packetbuf_attr
                0x00267ba4        0xc obj_zoul/packetbuf.o
                0x00267ba4                packetbuf_attr
 .text.packetbuf_set_addr
                0x00267bb0       0x18 obj_zoul/packetbuf.o
                0x00267bb0                packetbuf_set_addr
 .text.packetbuf_addr
                0x00267bc8       0x10 obj_zoul/packetbuf.o
                0x00267bc8                packetbuf_addr
 .text.packetbuf_holds_broadcast
                0x00267bd8       0x10 obj_zoul/packetbuf.o
                0x00267bd8                packetbuf_holds_broadcast
 .text.queuebuf_init
                0x00267be8       0x1c obj_zoul/queuebuf.o
                0x00267be8                queuebuf_init
 .text.queuebuf_to_packetbuf
                0x00267c04       0x30 obj_zoul/queuebuf.o
                0x00267c04                queuebuf_to_packetbuf
 .text.frame802154_get_pan_id
                0x00267c34        0xc obj_zoul/frame802154.o
                0x00267c34                frame802154_get_pan_id
 .text.frame802154_parse
                0x00267c40      0x174 obj_zoul/frame802154.o
                0x00267c40                frame802154_parse
 .text.create_frame.isra.0
                0x00267db4      0x124 obj_zoul/framer-802154.o
 .text.mac_sequence_is_duplicate
                0x00267ed8       0x34 obj_zoul/mac-sequence.o
                0x00267ed8                mac_sequence_is_duplicate
 .text.mac_sequence_register_seqno
                0x00267f0c       0x4c obj_zoul/mac-sequence.o
                0x00267f0c                mac_sequence_register_seqno
 .text.send_packet
                0x00267f58        0xc obj_zoul/nullmac.o
 .text.packet_input
                0x00267f64        0xc obj_zoul/nullmac.o
 .text.on       0x00267f70        0xc obj_zoul/nullmac.o
 .text.off      0x00267f7c        0xc obj_zoul/nullmac.o
 .text.on       0x00267f88        0xc obj_zoul/nullrdc.o
 .text.send_one_packet
                0x00267f94      0x118 obj_zoul/nullrdc.o
 .text.off      0x002680ac       0x18 obj_zoul/nullrdc.o
 .text.packet_input
                0x002680c4       0x58 obj_zoul/nullrdc.o
 .text.hdr_length
                0x0026811c       0x10 obj_zoul/contikimac-framer.o
 .text.parse    0x0026812c       0x38 obj_zoul/contikimac-framer.o
 .text.create   0x00268164       0x6c obj_zoul/contikimac-framer.o
 .text.input    0x002681d0        0xc obj_zoul/nullsec.o
 .text.send     0x002681dc       0x20 obj_zoul/nullsec.o
 .text.pending_packet
                0x002681fc       0x14 obj_zoul/cc1200.o
 .text.get_value
                0x00268210       0x94 obj_zoul/cc1200.o
 .text.update_txpower
                0x002682a4       0x28 obj_zoul/cc1200.o
 .text.rx_rx    0x002682cc       0x7c obj_zoul/cc1200.o
 .text.calibrate
                0x00268348       0x78 obj_zoul/cc1200.o
 .text.idle_calibrate_rx
                0x002683c0       0x60 obj_zoul/cc1200.o
 .text.idle     0x00268420       0x88 obj_zoul/cc1200.o
 .text.off      0x002684a8       0x48 obj_zoul/cc1200.o
 .text.on       0x002684f0       0x6c obj_zoul/cc1200.o
 .text.receiving_packet
                0x0026855c       0x30 obj_zoul/cc1200.o
 .text.set_channel
                0x0026858c      0x104 obj_zoul/cc1200.o
 .text.set_value
                0x00268690       0x8c obj_zoul/cc1200.o
 .text.channel_clear
                0x0026871c       0x98 obj_zoul/cc1200.o
 .text.prepare  0x002687b4       0x28 obj_zoul/cc1200.o
 .text.read     0x002687dc       0x58 obj_zoul/cc1200.o
 .text.idle_tx_rx
                0x00268834      0x1d0 obj_zoul/cc1200.o
 .text.transmit
                0x00268a04       0xe8 obj_zoul/cc1200.o
 .text.cc1200_init
                0x00268aec      0x190 obj_zoul/cc1200.o
                0x00268aec                cc1200_init
 .text.cc1200_rx_interrupt
                0x00268c7c      0x1fc obj_zoul/cc1200.o
                0x00268c7c                cc1200_rx_interrupt
 .text.process_thread_cc1200_process
                0x00268e78       0x84 obj_zoul/cc1200.o
 .text.process_thread_example_unicast_process
                0x00268efc      0x118 example-unicast.co
 .text.recv_uc  0x00269014       0x64 example-unicast.co
 .text          0x00269078       0x30 /usr/bin/../lib/gcc/arm-none-eabi/4.9.3/armv7-m/libgcc.a(_aeabi_uldivmod.o)
                0x00269078                __aeabi_uldivmod
 .text          0x002690a8       0x60 /usr/bin/../lib/gcc/arm-none-eabi/4.9.3/armv7-m/libgcc.a(bpabi.o)
                0x002690a8                __gnu_ldivmod_helper
                0x002690d8                __gnu_uldivmod_helper
 .text          0x00269108        0x4 /usr/bin/../lib/gcc/arm-none-eabi/4.9.3/armv7-m/libgcc.a(_dvmd_tls.o)
                0x00269108                __aeabi_ldiv0
                0x00269108                __aeabi_idiv0
 .text          0x0026910c      0x2ac /usr/bin/../lib/gcc/arm-none-eabi/4.9.3/armv7-m/libgcc.a(_divdi3.o)
                0x0026910c                __divdi3
 .text          0x002693b8      0x270 /usr/bin/../lib/gcc/arm-none-eabi/4.9.3/armv7-m/libgcc.a(_udivdi3.o)
                0x002693b8                __udivdi3
 .text.malloc   0x00269628       0x10 /usr/bin/../lib/gcc/arm-none-eabi/4.9.3/../../../../arm-none-eabi/lib/armv7-m/libc.a(lib_a-malloc.o)
                0x00269628                malloc
 .text.free     0x00269638       0x10 /usr/bin/../lib/gcc/arm-none-eabi/4.9.3/../../../../arm-none-eabi/lib/armv7-m/libc.a(lib_a-malloc.o)
                0x00269638                free
 .text._malloc_r
                0x00269648      0x50c /usr/bin/../lib/gcc/arm-none-eabi/4.9.3/../../../../arm-none-eabi/lib/armv7-m/libc.a(lib_a-mallocr.o)
                0x00269648                _malloc_r
 .text.memcmp   0x00269b54       0x64 /usr/bin/../lib/gcc/arm-none-eabi/4.9.3/../../../../arm-none-eabi/lib/armv7-m/libc.a(lib_a-memcmp.o)
                0x00269b54                memcmp
 .text          0x00269bb8       0xec /usr/bin/../lib/gcc/arm-none-eabi/4.9.3/../../../../arm-none-eabi/lib/armv7-m/libc.a(lib_a-memcpy.o)
                0x00269bb8                memcpy
 .text.memset   0x00269ca4       0x9c /usr/bin/../lib/gcc/arm-none-eabi/4.9.3/../../../../arm-none-eabi/lib/armv7-m/libc.a(lib_a-memset.o)
                0x00269ca4                memset
 .text.__malloc_lock
                0x00269d40        0x4 /usr/bin/../lib/gcc/arm-none-eabi/4.9.3/../../../../arm-none-eabi/lib/armv7-m/libc.a(lib_a-mlock.o)
                0x00269d40                __malloc_lock
 .text.__malloc_unlock
                0x00269d44        0x4 /usr/bin/../lib/gcc/arm-none-eabi/4.9.3/../../../../arm-none-eabi/lib/armv7-m/libc.a(lib_a-mlock.o)
                0x00269d44                __malloc_unlock
 .text._sbrk_r  0x00269d48       0x24 /usr/bin/../lib/gcc/arm-none-eabi/4.9.3/../../../../arm-none-eabi/lib/armv7-m/libc.a(lib_a-sbrkr.o)
                0x00269d48                _sbrk_r
 .text          0x00269d6c      0x1bc /usr/bin/../lib/gcc/arm-none-eabi/4.9.3/../../../../arm-none-eabi/lib/armv7-m/libc.a(lib_a-strcmp.o)
                0x00269d6c                strcmp
 .text.strcpy   0x00269f28       0xbc /usr/bin/../lib/gcc/arm-none-eabi/4.9.3/../../../../arm-none-eabi/lib/armv7-m/libc.a(lib_a-strcpy.o)
                0x00269f28                strcpy
 .text.strlen   0x00269fe4       0x5c /usr/bin/../lib/gcc/arm-none-eabi/4.9.3/../../../../arm-none-eabi/lib/armv7-m/libc.a(lib_a-strlen.o)
                0x00269fe4                strlen
 .text.strncpy  0x0026a040       0x68 /usr/bin/../lib/gcc/arm-none-eabi/4.9.3/../../../../arm-none-eabi/lib/armv7-m/libc.a(lib_a-strncpy.o)
                0x0026a040                strncpy
 .text._malloc_trim_r
                0x0026a0a8       0x9c /usr/bin/../lib/gcc/arm-none-eabi/4.9.3/../../../../arm-none-eabi/lib/armv7-m/libc.a(lib_a-freer.o)
                0x0026a0a8                _malloc_trim_r
 .text._free_r  0x0026a144      0x1b0 /usr/bin/../lib/gcc/arm-none-eabi/4.9.3/../../../../arm-none-eabi/lib/armv7-m/libc.a(lib_a-freer.o)
                0x0026a144                _free_r
 .text.default_handler
                0x0026a2f4        0x2 obj_zoul/startup-gcc.o
                0x0026a2f4                default_handler
 .text.nmi_handler
                0x0026a2f6        0x6 obj_zoul/startup-gcc.o
                0x0026a2f6                nmi_handler
 .text.fade     0x0026a2fc       0x54 obj_zoul/contiki-main.o
 .text.cc1200_int_handler
                0x0026a350        0x4 obj_zoul/cc1200-zoul-arch.o
                0x0026a350                cc1200_int_handler
 .text.board_init
                0x0026a354        0x2 obj_zoul/board.o
                0x0026a354                board_init
 .text.clock_delay
                0x0026a356        0x6 obj_zoul/clock.o
                0x0026a356                clock_delay
 .text.rtimer_arch_init
                0x0026a35c        0x2 obj_zoul/rtimer-arch.o
                0x0026a35c                rtimer_arch_init
 .text.uart0_isr
                0x0026a35e        0x6 obj_zoul/uart.o
                0x0026a35e                uart0_isr
 .text.uart1_isr
                0x0026a364        0x6 obj_zoul/uart.o
                0x0026a364                uart1_isr
 .text.cpu_cpsie
                0x0026a36a        0x8 obj_zoul/cpu.o
                0x0026a36a                cpu_cpsie
 .text.cpu_cpsid
                0x0026a372        0x8 obj_zoul/cpu.o
                0x0026a372                cpu_cpsid
 .text.gpio_port_a_isr
                0x0026a37a        0x6 obj_zoul/gpio.o
                0x0026a37a                gpio_port_a_isr
 .text.gpio_port_b_isr
                0x0026a380        0x6 obj_zoul/gpio.o
                0x0026a380                gpio_port_b_isr
 .text.gpio_port_c_isr
                0x0026a386        0x6 obj_zoul/gpio.o
                0x0026a386                gpio_port_c_isr
 .text.gpio_port_d_isr
                0x0026a38c        0x6 obj_zoul/gpio.o
                0x0026a38c                gpio_port_d_isr
 .text.putchar  0x0026a392       0x10 obj_zoul/dbg.o
                0x0026a392                putchar
 .text.dbg_send_bytes
                0x0026a3a2       0x20 obj_zoul/dbg.o
                0x0026a3a2                dbg_send_bytes
 .text.puts     0x0026a3c2       0x20 obj_zoul/dbg.o
                0x0026a3c2                puts
 .text.configure
                0x0026a3e2        0x4 obj_zoul/cc2538-temp-sensor.o
 .text.status   0x0026a3e6        0x4 obj_zoul/cc2538-temp-sensor.o
 .text.value    0x0026a3ea       0x34 obj_zoul/cc2538-temp-sensor.o
 .text.configure
                0x0026a41e        0x4 obj_zoul/vdd3-sensor.o
 .text.status   0x0026a422        0x4 obj_zoul/vdd3-sensor.o
 .text.value    0x0026a426       0x2a obj_zoul/vdd3-sensor.o
 .text.read_header
                0x0026a450        0x8 obj_zoul/cfs-coffee.o
 .text.file_end
                0x0026a458       0x50 obj_zoul/cfs-coffee.o
 .text.write_header
                0x0026a4a8       0x10 obj_zoul/cfs-coffee.o
 .text.next_file.isra.0
                0x0026a4b8       0x1a obj_zoul/cfs-coffee.o
 .text.cfs_coffee_arch_erase
                0x0026a4d2       0x24 obj_zoul/cfs-coffee-arch.o
                0x0026a4d2                cfs_coffee_arch_erase
 .text.cfs_coffee_arch_write
                0x0026a4f6       0xce obj_zoul/cfs-coffee-arch.o
                0x0026a4f6                cfs_coffee_arch_write
 .text.cfs_coffee_arch_read
                0x0026a5c4       0x24 obj_zoul/cfs-coffee-arch.o
                0x0026a5c4                cfs_coffee_arch_read
 .text.write_str
                0x0026a5e8       0x10 obj_zoul/dbg-printf.o
 .text.buffer_str
                0x0026a5f8       0x16 obj_zoul/dbg-sprintf.o
 .text.autostart_start
                0x0026a60e       0x14 obj_zoul/autostart.o
                0x0026a60e                autostart_start
 .text.etimer_set
                0x0026a622       0x12 obj_zoul/etimer.o
                0x0026a622                etimer_set
 .text.etimer_expired
                0x0026a634        0xa obj_zoul/etimer.o
                0x0026a634                etimer_expired
 .text.call_process
                0x0026a63e        0xc obj_zoul/process.o
 .text.rtimer_init
                0x0026a64a        0x4 obj_zoul/rtimer.o
                0x0026a64a                rtimer_init
 .text.timer_set
                0x0026a64e        0xe obj_zoul/timer.o
                0x0026a64e                timer_set
 .text.timer_expired
                0x0026a65c       0x1c obj_zoul/timer.o
                0x0026a65c                timer_expired
 .text.list_init
                0x0026a678        0x6 obj_zoul/list.o
                0x0026a678                list_init
 .text.list_head
                0x0026a67e        0x4 obj_zoul/list.o
                0x0026a67e                list_head
 .text.list_tail
                0x0026a682       0x10 obj_zoul/list.o
                0x0026a682                list_tail
 .text.list_remove
                0x0026a692       0x28 obj_zoul/list.o
                0x0026a692                list_remove
 .text.list_add
                0x0026a6ba       0x1e obj_zoul/list.o
                0x0026a6ba                list_add
 .text.list_item_next
                0x0026a6d8        0x6 obj_zoul/list.o
                0x0026a6d8                list_item_next
 .text.memb_init
                0x0026a6de       0x20 obj_zoul/memb.o
                0x0026a6de                memb_init
 .text.memb_inmemb
                0x0026a6fe       0x1c obj_zoul/memb.o
                0x0026a6fe                memb_inmemb
 .text.ringbuf_init
                0x0026a71a        0xe obj_zoul/ringbuf.o
                0x0026a71a                ringbuf_init
 .text.ringbuf_put
                0x0026a728       0x28 obj_zoul/ringbuf.o
                0x0026a728                ringbuf_put
 .text.ringbuf_get
                0x0026a750       0x20 obj_zoul/ringbuf.o
                0x0026a750                ringbuf_get
 .text.abc_close
                0x0026a770        0x4 obj_zoul/abc.o
                0x0026a770                abc_close
 .text.abc_send
                0x0026a774        0x4 obj_zoul/abc.o
                0x0026a774                abc_send
 .text.abc_input
                0x0026a778        0xa obj_zoul/abc.o
                0x0026a778                abc_input
 .text.abc_sent
                0x0026a782        0xa obj_zoul/abc.o
                0x0026a782                abc_sent
 .text.adv_packet_sent
                0x0026a78c        0x2 obj_zoul/broadcast-announcement.o
 .text.adv_packet_received
                0x0026a78e       0x44 obj_zoul/broadcast-announcement.o
 .text.broadcast_close
                0x0026a7d2        0x4 obj_zoul/broadcast.o
                0x0026a7d2                broadcast_close
 .text.header_size
                0x0026a7d6       0x16 obj_zoul/chameleon-bitopt.o
 .text.get_bits
                0x0026a7ec       0x74 obj_zoul/chameleon-bitopt.o
                0x0026a7ec                get_bits
 .text.unpack_header
                0x0026a860       0xa6 obj_zoul/chameleon-bitopt.o
 .text.set_bits_in_byte
                0x0026a906       0x1a obj_zoul/chameleon-bitopt.o
                0x0026a906                set_bits_in_byte
 .text.set_bits
                0x0026a920       0x78 obj_zoul/chameleon-bitopt.o
                0x0026a920                set_bits
 .text.pack_header
                0x0026a998       0x8a obj_zoul/chameleon-bitopt.o
 .text.chameleon_init
                0x0026aa22        0x4 obj_zoul/chameleon.o
                0x0026aa22                chameleon_init
 .text.channel_set_attributes
                0x0026aa26       0x18 obj_zoul/channel.o
                0x0026aa26                channel_set_attributes
 .text.init     0x0026aa3e       0x28 obj_zoul/rime.o
 .text.linkaddr_copy
                0x0026aa66        0x6 obj_zoul/linkaddr.o
                0x0026aa66                linkaddr_copy
 .text.linkaddr_cmp
                0x0026aa6c       0x10 obj_zoul/linkaddr.o
                0x0026aa6c                linkaddr_cmp
 .text.frame802154_has_panid
                0x0026aa7c       0x4c obj_zoul/frame802154.o
                0x0026aa7c                frame802154_has_panid
 .text.field_len
                0x0026aac8       0x84 obj_zoul/frame802154.o
 .text.frame802154_is_broadcast_addr
                0x0026ab4c       0x1e obj_zoul/frame802154.o
                0x0026ab4c                frame802154_is_broadcast_addr
 .text.frame802154_hdrlen
                0x0026ab6a       0x32 obj_zoul/frame802154.o
                0x0026ab6a                frame802154_hdrlen
 .text.frame802154_create
                0x0026ab9c       0xe6 obj_zoul/frame802154.o
                0x0026ab9c                frame802154_create
 .text.parse    0x0026ac82       0x9e obj_zoul/framer-802154.o
 .text.create   0x0026ad20        0x6 obj_zoul/framer-802154.o
 .text.hdr_length
                0x0026ad26        0x6 obj_zoul/framer-802154.o
 .text.mac_call_sent_callback
                0x0026ad2c       0x16 obj_zoul/mac.o
                0x0026ad2c                mac_call_sent_callback
 .text.channel_check_interval
                0x0026ad42        0x4 obj_zoul/nullmac.o
 .text.init     0x0026ad46        0x2 obj_zoul/nullmac.o
 .text.channel_check_interval
                0x0026ad48        0x4 obj_zoul/nullrdc.o
 .text.init     0x0026ad4c        0x4 obj_zoul/nullrdc.o
 .text.send_list
                0x0026ad50       0x20 obj_zoul/nullrdc.o
 .text.send_packet
                0x0026ad70        0x4 obj_zoul/nullrdc.o
 .text.init     0x0026ad74        0x2 obj_zoul/nullsec.o
 .text.get_object
                0x0026ad76        0x4 obj_zoul/cc1200.o
 .text.set_object
                0x0026ad7a        0x4 obj_zoul/cc1200.o
 .text.strobe   0x0026ad7e       0x18 obj_zoul/cc1200.o
 .text.state    0x0026ad96        0xe obj_zoul/cc1200.o
 .text.single_write
                0x0026ada4       0x2e obj_zoul/cc1200.o
 .text.single_read
                0x0026add2       0x32 obj_zoul/cc1200.o
 .text.burst_write.constprop.12
                0x0026ae04       0x22 obj_zoul/cc1200.o
 .text.send     0x0026ae26       0x16 obj_zoul/cc1200.o
 .text.burst_read.constprop.13
                0x0026ae3c       0x22 obj_zoul/cc1200.o
 *(SORT(.rodata*))
 *fill*         0x0026ae5e        0x2 00000000
 .rodata.button_sensor
                0x0026ae60       0x10 obj_zoul/button-sensor.o
                0x0026ae60                button_sensor
 .rodata.uart_regs
                0x0026ae70       0x58 obj_zoul/uart.o
 .rodata.reset_cause.4767
                0x0026aec8       0x10 obj_zoul/sys-ctrl.o
 .rodata.spi_regs
                0x0026aed8       0x30 obj_zoul/spi.o
 .rodata.cc2538_temp_sensor
                0x0026af08       0x10 obj_zoul/cc2538-temp-sensor.o
                0x0026af08                cc2538_temp_sensor
 .rodata.vdd3_sensor
                0x0026af18       0x10 obj_zoul/vdd3-sensor.o
                0x0026af18                vdd3_sensor
 .rodata.ENERGEST_DISSIPATION_RATE
                0x0026af28       0x38 obj_zoul/residual.o
                0x0026af28                ENERGEST_DISSIPATION_RATE
 .rodata.broadcast_callbacks
                0x0026af60        0x8 obj_zoul/broadcast-announcement.o
 .rodata.broadcast
                0x0026af68        0x8 obj_zoul/broadcast.o
 .rodata.chameleon_bitopt
                0x0026af70        0xc obj_zoul/chameleon-bitopt.o
                0x0026af70                chameleon_bitopt
 .rodata.rime_driver
                0x0026af7c        0xc obj_zoul/rime.o
                0x0026af7c                rime_driver
 .rodata.framer_802154
                0x0026af88        0xc obj_zoul/framer-802154.o
                0x0026af88                framer_802154
 .rodata.nullmac_driver
                0x0026af94       0x1c obj_zoul/nullmac.o
                0x0026af94                nullmac_driver
 .rodata.nullrdc_driver
                0x0026afb0       0x20 obj_zoul/nullrdc.o
                0x0026afb0                nullrdc_driver
 .rodata.contikimac_framer
                0x0026afd0        0xc obj_zoul/contikimac-framer.o
                0x0026afd0                contikimac_framer
 .rodata.nullsec_driver
                0x0026afdc       0x10 obj_zoul/nullsec.o
                0x0026afdc                nullsec_driver
 .rodata.cc1200_802154g_863_870_fsk_50kbps
                0x0026afec       0x1c obj_zoul/cc1200-802154g-863-870-fsk-50kbps.o
                0x0026afec                cc1200_802154g_863_870_fsk_50kbps
 .rodata.cc1200_driver
                0x0026b008       0x38 obj_zoul/cc1200.o
                0x0026b008                cc1200_driver
 .rodata.broadcast_callbacks
                0x0026b040        0x8 example-unicast.co
 .rodata.autostart_processes
                0x0026b048        0x8 example-unicast.co
                0x0026b048                autostart_processes
 .rodata.str1.4
                0x0026b050        0x4 /usr/bin/../lib/gcc/arm-none-eabi/4.9.3/../../../../arm-none-eabi/lib/armv7-m/libc.a(lib_a-impure.o)
                                  0x2 (size before relaxing)
 .rodata.linkaddr_null
                0x0026b054        0x2 obj_zoul/linkaddr.o
                0x0026b054                linkaddr_null
 .rodata.preferredSettings
                0x0026b056       0xd0 obj_zoul/cc1200-802154g-863-870-fsk-50kbps.o
 .rodata.str1.1
                0x0026b126       0xca obj_zoul/contiki-main.o
 .rodata.str1.1
                0x0026b1f0        0x7 obj_zoul/button-sensor.o
 .rodata.str1.1
                0x0026b1f7       0x94 obj_zoul/soc.o
                                 0xa6 (size before relaxing)
 .rodata.str1.1
                0x0026b28b       0x2d obj_zoul/sys-ctrl.o
 .rodata.str1.1
                0x0026b2b8       0x11 obj_zoul/cc2538-rf.o
 .rodata.str1.1
                0x0026b2c9       0x14 obj_zoul/cc2538-temp-sensor.o
 .rodata.str1.1
                0x0026b2dd        0x5 obj_zoul/vdd3-sensor.o
 .rodata.buffer.4159
                0x0026b2e2       0x10 obj_zoul/strformat.o
 .rodata.str1.1
                0x0026b2f2       0x33 obj_zoul/strformat.o
                                 0x37 (size before relaxing)
 .rodata.buffer.4150
                0x0026b325       0x10 obj_zoul/strformat.o
 .rodata.str1.1
                0x0026b335        0xf obj_zoul/ctimer.o
 .rodata.str1.1
                0x0026b344        0xc obj_zoul/etimer.o
 .rodata.str1.1
                0x0026b350      0x1d6 obj_zoul/log_message.o
 .rodata.str1.1
                0x0026b526        0xe obj_zoul/serial-line.o
 .rodata.str1.1
                0x0026b534        0x8 obj_zoul/sensors.o
 .rodata.attributes
                0x0026b53c        0x2 obj_zoul/abc.o
 .rodata.attributes
                0x0026b53e        0x4 obj_zoul/broadcast.o
 .rodata.str1.1
                0x0026b542       0x5f obj_zoul/broadcast.o
 .rodata.bitmask
                0x0026b5a1        0x9 obj_zoul/chameleon-bitopt.o
 .rodata.str1.1
                0x0026b5aa       0x6f obj_zoul/rime.o
 .rodata.str1.1
                0x0026b619        0x8 obj_zoul/nullmac.o
 .rodata.str1.1
                0x0026b621        0x8 obj_zoul/nullrdc.o
 .rodata.str1.1
                0x0026b629        0x8 obj_zoul/nullsec.o
 .rodata.rf_cfg_descriptor
                0x0026b631       0x24 obj_zoul/cc1200-802154g-863-870-fsk-50kbps.o
 .rodata.str1.1
                0x0026b655       0x74 obj_zoul/cc1200.o
 .rodata        0x0026b6c9        0xa example-unicast.co
 .rodata.str1.1
                0x0026b6d3       0x29 example-unicast.co
                0x0026b6fc                _etext = .

.glue_7         0x0026b6fc        0x0
 .glue_7        0x00000000        0x0 linker stubs

.glue_7t        0x0026b6fc        0x0
 .glue_7t       0x00000000        0x0 linker stubs

.vfp11_veneer   0x0026b6fc        0x0
 .vfp11_veneer  0x00000000        0x0 linker stubs

.v4_bx          0x0026b6fc        0x0
 .v4_bx         0x00000000        0x0 linker stubs

.iplt           0x0026b6fc        0x0
 .iplt          0x00000000        0x0 obj_zoul/startup-gcc.o

.socdata        0x20000000       0x40
 *(SORT(.udma_channel_control_table))
 .udma_channel_control_table
                0x20000000       0x40 obj_zoul/udma.o

.data           0x20000040      0x8e3 load address 0x0026b6fc
                0x20000040                _data = .
 *(SORT(.data*))
 .data.impure_data
                0x20000040      0x428 /usr/bin/../lib/gcc/arm-none-eabi/4.9.3/../../../../arm-none-eabi/lib/armv7-m/libc.a(lib_a-impure.o)
 .data.sensors  0x20000468       0x10 obj_zoul/zoul-sensors.o
                0x20000468                sensors
 .data.cc2538_rf_process
                0x20000478       0x10 obj_zoul/cc2538-rf.o
                0x20000478                cc2538_rf_process
 .data.ctxt     0x20000488        0x8 obj_zoul/dbg-printf.o
 .data.ctimer_process
                0x20000490       0x10 obj_zoul/ctimer.o
                0x20000490                ctimer_process
 .data.etimer_process
                0x200004a0       0x10 obj_zoul/etimer.o
                0x200004a0                etimer_process
 .data.serial_line_process
                0x200004b0       0x10 obj_zoul/serial-line.o
                0x200004b0                serial_line_process
 .data.sensors_process
                0x200004c0       0x10 obj_zoul/sensors.o
                0x200004c0                sensors_process
 .data.heap_end.5065
                0x200004d0        0x4 obj_zoul/syscalls.o
 .data.bufmem   0x200004d4        0xc obj_zoul/queuebuf.o
 .data.buframmem
                0x200004e0        0xc obj_zoul/queuebuf.o
 .data.cc1200_process
                0x200004ec       0x10 obj_zoul/cc1200.o
                0x200004ec                cc1200_process
 .data.example_unicast_process
                0x200004fc       0x10 example-unicast.co
                0x200004fc                example_unicast_process
 .data.__malloc_av_
                0x2000050c      0x408 /usr/bin/../lib/gcc/arm-none-eabi/4.9.3/../../../../arm-none-eabi/lib/armv7-m/libc.a(lib_a-mallocr.o)
                0x2000050c                __malloc_av_
 .data.__malloc_trim_threshold
                0x20000914        0x4 /usr/bin/../lib/gcc/arm-none-eabi/4.9.3/../../../../arm-none-eabi/lib/armv7-m/libc.a(lib_a-mallocr.o)
                0x20000914                __malloc_trim_threshold
 .data.__malloc_sbrk_base
                0x20000918        0x4 /usr/bin/../lib/gcc/arm-none-eabi/4.9.3/../../../../arm-none-eabi/lib/armv7-m/libc.a(lib_a-mallocr.o)
                0x20000918                __malloc_sbrk_base
 .data._impure_ptr
                0x2000091c        0x4 /usr/bin/../lib/gcc/arm-none-eabi/4.9.3/../../../../arm-none-eabi/lib/armv7-m/libc.a(lib_a-impure.o)
                0x2000091c                _impure_ptr
 .data.mac_pan_id
                0x20000920        0x2 obj_zoul/frame802154.o
 .data.rf_channel
                0x20000922        0x1 obj_zoul/cc2538-rf.o
                0x20000923                _edata = .
                0x0026b6fc                _ldata = LOADADDR (.data)

.igot.plt       0x20000924        0x0 load address 0x0026bfdf
 .igot.plt      0x00000000        0x0 obj_zoul/startup-gcc.o

.ARM.exidx      0x0026bfe0        0x8
 *(SORT(.ARM.exidx*))
 .ARM.exidx     0x0026bfe0        0x8 /usr/bin/../lib/gcc/arm-none-eabi/4.9.3/armv7-m/libgcc.a(_divdi3.o)
 .ARM.exidx     0x0026bfe8        0x0 /usr/bin/../lib/gcc/arm-none-eabi/4.9.3/armv7-m/libgcc.a(_udivdi3.o)
                                  0x8 (size before relaxing)

.bss            0x20000928      0xee1
                0x20000928                _bss = .
 *(SORT(.bss*))
 .bss.rt_ticks_startup
                0x20000928        0x8 obj_zoul/clock.o
 .bss.rt_ticks_epoch
                0x20000930        0x8 obj_zoul/clock.o
 .bss.press_counter
                0x20000938       0x20 obj_zoul/button-sensor.o
 .bss.debouncetimer
                0x20000958        0x8 obj_zoul/button-sensor.o
 .bss.press_duration
                0x20000960        0x4 obj_zoul/button-sensor.o
 .bss.next_trigger
                0x20000964        0x4 obj_zoul/rtimer-arch.o
 .bss.input_handler
                0x20000968        0x8 obj_zoul/uart.o
 .bss.interrupt_disable
                0x20000970        0x4 obj_zoul/nvic.o
 .bss.interrupt_pend
                0x20000974        0x4 obj_zoul/nvic.o
 .bss.interrupt_unpend
                0x20000978        0x4 obj_zoul/nvic.o
 .bss.interrupt_enable
                0x2000097c        0x4 obj_zoul/nvic.o
 .bss.gpio_callbacks
                0x20000980       0x80 obj_zoul/gpio.o
 .bss.ioc_sel   0x20000a00        0x4 obj_zoul/ioc.o
 .bss.ioc_over  0x20000a04        0x4 obj_zoul/ioc.o
 .bss.notification_process
                0x20000a08        0x4 obj_zoul/crypto.o
 .bss.irq_energest
                0x20000a0c        0x4 obj_zoul/lpm.o
 .bss.periph_permit_pm1_funcs
                0x20000a10       0x14 obj_zoul/lpm.o
 .bss.notification_process
                0x20000a24        0x4 obj_zoul/pka.o
 .bss.coffee_fd_set
                0x20000a28       0x3c obj_zoul/cfs-coffee.o
 .bss.coffee_files
                0x20000a64       0x3c obj_zoul/cfs-coffee.o
 .bss.ctimer_list_list
                0x20000aa0        0x4 obj_zoul/ctimer.o
 .bss.timerlist
                0x20000aa4        0x4 obj_zoul/etimer.o
 .bss.next_expiration
                0x20000aa8        0x4 obj_zoul/etimer.o
 .bss.fd.6013   0x20000aac        0x4 obj_zoul/log_message.o
 .bss.p.5428    0x20000ab0        0x4 obj_zoul/process.o
 .bss.receiver.5427
                0x20000ab4        0x4 obj_zoul/process.o
 .bss.process_current
                0x20000ab8        0x4 obj_zoul/process.o
                0x20000ab8                process_current
 .bss.process_list
                0x20000abc        0x4 obj_zoul/process.o
                0x20000abc                process_list
 .bss.data.5426
                0x20000ac0        0x4 obj_zoul/process.o
 .bss.events    0x20000ac4      0x180 obj_zoul/process.o
 .bss.next_rtimer
                0x20000c44        0x4 obj_zoul/rtimer.o
 .bss.rxbuf     0x20000c48        0x8 obj_zoul/serial-line.o
 .bss.ptr.4782  0x20000c50        0x4 obj_zoul/serial-line.o
 .bss.events.4798
                0x20000c54        0x4 obj_zoul/sensors.o
 .bss.i.4797    0x20000c58        0x4 obj_zoul/sensors.o
 .bss.announcements_list
                0x20000c5c        0x4 obj_zoul/announcement.o
 .bss.observer_callback
                0x20000c60        0x4 obj_zoul/announcement.o
 .bss.c         0x20000c64       0x6c obj_zoul/broadcast-announcement.o
 .bss.channel_list_list
                0x20000cd0        0x4 obj_zoul/channel.o
 .bss.sniffers_list
                0x20000cd4        0x4 obj_zoul/rime.o
 .bss.packetbuf_aligned
                0x20000cd8       0x80 obj_zoul/packetbuf.o
 .bss.bufmem_memb_mem
                0x20000d58       0x20 obj_zoul/queuebuf.o
 .bss.cal_timer
                0x20000d78        0x4 obj_zoul/cc1200.o
 .bss.tx_mode_value
                0x20000d7c        0x4 obj_zoul/cc1200.o
 .bss.rx_mode_value
                0x20000d80        0x4 obj_zoul/cc1200.o
 .bss.broadcast
                0x20000d84       0x18 example-unicast.co
 .bss.led_count
                0x20000d9c        0x4 example-unicast.co
 .bss.count.7332
                0x20000da0        0x4 example-unicast.co
 .bss.buf.7335  0x20000da4        0x4 example-unicast.co
 .bss.et.7334   0x20000da8       0x10 example-unicast.co
 .bss.__malloc_max_total_mem
                0x20000db8        0x4 /usr/bin/../lib/gcc/arm-none-eabi/4.9.3/../../../../arm-none-eabi/lib/armv7-m/libc.a(lib_a-mallocr.o)
                0x20000db8                __malloc_max_total_mem
 .bss.__malloc_max_sbrked_mem
                0x20000dbc        0x4 /usr/bin/../lib/gcc/arm-none-eabi/4.9.3/../../../../arm-none-eabi/lib/armv7-m/libc.a(lib_a-mallocr.o)
                0x20000dbc                __malloc_max_sbrked_mem
 .bss.__malloc_top_pad
                0x20000dc0        0x4 /usr/bin/../lib/gcc/arm-none-eabi/4.9.3/../../../../arm-none-eabi/lib/armv7-m/libc.a(lib_a-mallocr.o)
                0x20000dc0                __malloc_top_pad
 .bss.__malloc_current_mallinfo
                0x20000dc4       0x28 /usr/bin/../lib/gcc/arm-none-eabi/4.9.3/../../../../arm-none-eabi/lib/armv7-m/libc.a(lib_a-mallocr.o)
                0x20000dc4                __malloc_current_mallinfo
 .bss.skip_pages.4849
                0x20000dec        0x2 obj_zoul/cfs-coffee.o
 .bss.next_free
                0x20000dee        0x2 obj_zoul/cfs-coffee.o
 .bss.buflen    0x20000df0        0x2 obj_zoul/packetbuf.o
 .bss.bufptr    0x20000df2        0x2 obj_zoul/packetbuf.o
 .bss.buframmem_memb_mem
                0x20000df4      0x5f0 obj_zoul/queuebuf.o
 .bss.received_seqnos
                0x200013e4       0x40 obj_zoul/mac-sequence.o
 .bss.rx_pkt_len
                0x20001424        0x2 obj_zoul/cc1200.o
 .bss.bytes_read.6966
                0x20001426        0x2 obj_zoul/cc1200.o
 .bss.tx_pkt_len
                0x20001428        0x2 obj_zoul/cc1200.o
 .bss.payload_len.6965
                0x2000142a        0x2 obj_zoul/cc1200.o
 .bss.leds      0x2000142c        0x1 obj_zoul/leds.o
 .bss.press_event_counter
                0x2000142d        0x1 obj_zoul/button-sensor.o
 .bss.rf_flags  0x2000142e        0x1 obj_zoul/cc2538-rf.o
 .bss.max_pm    0x2000142f        0x1 obj_zoul/lpm.o
 .bss.gc_wait   0x20001430        0x1 obj_zoul/cfs-coffee.o
 .bss.last_pages_are_active.4850
                0x20001431        0x1 obj_zoul/cfs-coffee.o
 .bss.initialized
                0x20001432        0x1 obj_zoul/ctimer.o
 .bss.fevent    0x20001433        0x1 obj_zoul/process.o
 .bss.snum.5443
                0x20001434        0x1 obj_zoul/process.o
 .bss.nevents   0x20001435        0x1 obj_zoul/process.o
 .bss.poll_requested
                0x20001436        0x1 obj_zoul/process.o
 .bss.ev.5425   0x20001437        0x1 obj_zoul/process.o
 .bss.lastevent
                0x20001438        0x1 obj_zoul/process.o
 .bss.rxbuf_data
                0x20001439       0x80 obj_zoul/serial-line.o
 .bss.overflow.4775
                0x200014b9        0x1 obj_zoul/serial-line.o
 .bss.buf.4781  0x200014ba       0x80 obj_zoul/serial-line.o
 .bss.num_sensors
                0x2000153a        0x1 obj_zoul/sensors.o
 .bss.hdrlen    0x2000153b        0x1 obj_zoul/packetbuf.o
 .bss.buframmem_memb_count
                0x2000153c        0x8 obj_zoul/queuebuf.o
 .bss.bufmem_memb_count
                0x20001544        0x8 obj_zoul/queuebuf.o
 .bss.mac_dsn   0x2000154c        0x1 obj_zoul/framer-802154.o
 .bss.initialized
                0x2000154d        0x1 obj_zoul/framer-802154.o
 .bss.new_rf_channel
                0x2000154e        0x1 obj_zoul/cc1200.o
 .bss.rx_pkt    0x2000154f       0x81 obj_zoul/cc1200.o
 .bss.cca_threshold
                0x200015d0        0x1 obj_zoul/cc1200.o
 .bss.tx_pkt    0x200015d1       0x7f obj_zoul/cc1200.o
 .bss.spi_locked
                0x20001650        0x1 obj_zoul/cc1200.o
 .bss.rf_channel
                0x20001651        0x1 obj_zoul/cc1200.o
 .bss.new_cca_threshold
                0x20001652        0x1 obj_zoul/cc1200.o
 .bss.new_txpower
                0x20001653        0x1 obj_zoul/cc1200.o
 .bss.txpower   0x20001654        0x1 obj_zoul/cc1200.o
 .bss.buf.6967  0x20001655       0x81 obj_zoul/cc1200.o
 .bss.rf_flags  0x200016d6        0x1 obj_zoul/cc1200.o
 *(SORT(COMMON))
 *fill*         0x200016d7        0x1 
 COMMON         0x200016d8       0x74 obj_zoul/contiki-main.o
                0x200016d8                my_weight
                0x200016dc                rdc_transmission_count
                0x200016e0                dao_ack_count
                0x200016e4                my_parent_number
                0x200016e8                dao_fwd_count
                0x200016ec                control_message_count
                0x200016f0                csma_drop_count
                0x200016f4                icmp_count
                0x200016f8                dio_count
                0x200016fc                data_fwd_count
                0x20001700                dead
                0x20001704                avg_est_load
                0x20001708                my_sink_reachability
                0x20001709                led_end
                0x2000170c                dao_count
                0x20001710                join_instance
                0x20001714                dao_ack_fwd_count
                0x20001718                LSA_count
                0x2000171c                init_phase
                0x2000171d                parent_update
                0x20001720                rdc_retransmission_count
                0x20001724                tree_level
                0x20001728                latest_id
                0x2000172c                data_btb
                0x20001730                csma_transmission_count
                0x20001734                rdc_collision_count
                0x20001738                data_message_count
                0x2000173c                dio_ack_count
                0x20001740                tcp_output_count
                0x20001744                count_index
                0x20001748                dis_count
 COMMON         0x2000174c       0x70 obj_zoul/energest.o
                0x2000174c                energest_total_time
                0x2000177c                energest_total_count
                0x20001780                energest_current_mode
                0x2000178c                energest_current_time
 COMMON         0x200017bc        0x4 obj_zoul/log_message.o
                0x200017bc                log_file
 COMMON         0x200017c0        0x4 /usr/bin/../lib/gcc/arm-none-eabi/4.9.3/../../../../arm-none-eabi/lib/armv7-m/libc.a(lib_a-reent.o)
                0x200017c0                errno
 COMMON         0x200017c4        0x2 obj_zoul/linkaddr.o
                0x200017c4                linkaddr_node_addr
 COMMON         0x200017c6       0x3c obj_zoul/packetbuf.o
                0x200017c6                packetbuf_addrs
                0x200017ce                packetbuf_attrs
 COMMON         0x20001802        0x1 obj_zoul/button-sensor.o
                0x20001802                button_press_duration_exceeded
 COMMON         0x20001803        0x4 obj_zoul/zoul-sensors.o
                0x20001803                sensors_flags
 COMMON         0x20001807        0x1 obj_zoul/serial-line.o
                0x20001807                serial_line_event_message
 COMMON         0x20001808        0x1 obj_zoul/sensors.o
                0x20001808                sensors_event
                0x20001809                _ebss = .

.stack          0x20001810      0x800
 *(SORT(.stack))
 .stack         0x20001810      0x800 obj_zoul/startup-gcc.o
                0x20002010                _heap = .
                0x20008000                _eheap = (ORIGIN (FRSRAM) + 0x8000)

.nrdata         0x20000000        0x0
                0x20000000                _nrdata = .
 *(SORT(.nrdata*))
                0x20000000                _enrdata = .

.flashcca       0x0027ffd4       0x2c
 *(SORT(.flashcca))
 .flashcca      0x0027ffd4       0x2c obj_zoul/startup-gcc.o
                0x0027ffd4                flash_cca_lock_page
OUTPUT(example-unicast.elf elf32-littlearm)

.rel.dyn        0x00280000        0x0
 .rel.iplt      0x00000000        0x0 obj_zoul/startup-gcc.o

.comment        0x00000000       0x70
 .comment       0x00000000       0x70 obj_zoul/startup-gcc.o
                                 0x71 (size before relaxing)
 .comment       0x00000000       0x71 obj_zoul/contiki-main.o
 .comment       0x00000000       0x71 obj_zoul/leds.o
 .comment       0x00000000       0x71 obj_zoul/leds-arch.o
 .comment       0x00000000       0x71 obj_zoul/cc1200-zoul-arch.o
 .comment       0x00000000       0x71 obj_zoul/button-sensor.o
 .comment       0x00000000       0x71 obj_zoul/zoul-sensors.o
 .comment       0x00000000       0x71 obj_zoul/board.o
 .comment       0x00000000       0x71 obj_zoul/soc.o
 .comment       0x00000000       0x71 obj_zoul/clock.o
 .comment       0x00000000       0x71 obj_zoul/rtimer-arch.o
 .comment       0x00000000       0x71 obj_zoul/uart.o
 .comment       0x00000000       0x71 obj_zoul/watchdog.o
 .comment       0x00000000       0x71 obj_zoul/nvic.o
 .comment       0x00000000       0x71 obj_zoul/cpu.o
 .comment       0x00000000       0x71 obj_zoul/sys-ctrl.o
 .comment       0x00000000       0x71 obj_zoul/gpio.o
 .comment       0x00000000       0x71 obj_zoul/ioc.o
 .comment       0x00000000       0x71 obj_zoul/spi.o
 .comment       0x00000000       0x71 obj_zoul/adc.o
 .comment       0x00000000       0x71 obj_zoul/crypto.o
 .comment       0x00000000       0x71 obj_zoul/cc2538-rf.o
 .comment       0x00000000       0x71 obj_zoul/udma.o
 .comment       0x00000000       0x71 obj_zoul/lpm.o
 .comment       0x00000000       0x71 obj_zoul/pka.o
 .comment       0x00000000       0x71 obj_zoul/dbg.o
 .comment       0x00000000       0x71 obj_zoul/ieee-addr.o
 .comment       0x00000000       0x71 obj_zoul/cc2538-temp-sensor.o
 .comment       0x00000000       0x71 obj_zoul/vdd3-sensor.o
 .comment       0x00000000       0x71 obj_zoul/cfs-coffee.o
 .comment       0x00000000       0x71 obj_zoul/cfs-coffee-arch.o
 .comment       0x00000000       0x71 obj_zoul/dbg-printf.o
 .comment       0x00000000       0x71 obj_zoul/dbg-sprintf.o
 .comment       0x00000000       0x71 obj_zoul/strformat.o
 .comment       0x00000000       0x71 obj_zoul/autostart.o
 .comment       0x00000000       0x71 obj_zoul/ctimer.o
 .comment       0x00000000       0x71 obj_zoul/energest.o
 .comment       0x00000000       0x71 obj_zoul/etimer.o
 .comment       0x00000000       0x71 obj_zoul/log_message.o
 .comment       0x00000000       0x71 obj_zoul/process.o
 .comment       0x00000000       0x71 obj_zoul/residual.o
 .comment       0x00000000       0x71 obj_zoul/rtimer.o
 .comment       0x00000000       0x71 obj_zoul/timer.o
 .comment       0x00000000       0x71 obj_zoul/serial-line.o
 .comment       0x00000000       0x71 obj_zoul/list.o
 .comment       0x00000000       0x71 obj_zoul/memb.o
 .comment       0x00000000       0x71 obj_zoul/random.o
 .comment       0x00000000       0x71 obj_zoul/ringbuf.o
 .comment       0x00000000       0x71 obj_zoul/sensors.o
 .comment       0x00000000       0x71 obj_zoul/abc.o
 .comment       0x00000000       0x71 obj_zoul/announcement.o
 .comment       0x00000000       0x71 obj_zoul/broadcast-announcement.o
 .comment       0x00000000       0x71 obj_zoul/broadcast.o
 .comment       0x00000000       0x71 obj_zoul/chameleon-bitopt.o
 .comment       0x00000000       0x71 obj_zoul/chameleon.o
 .comment       0x00000000       0x71 obj_zoul/channel.o
 .comment       0x00000000       0x71 obj_zoul/rime.o
 .comment       0x00000000       0x71 obj_zoul/syscalls.o
 .comment       0x00000000       0x71 obj_zoul/linkaddr.o
 .comment       0x00000000       0x71 obj_zoul/netstack.o
 .comment       0x00000000       0x71 obj_zoul/packetbuf.o
 .comment       0x00000000       0x71 obj_zoul/queuebuf.o
 .comment       0x00000000       0x71 obj_zoul/frame802154.o
 .comment       0x00000000       0x71 obj_zoul/framer-802154.o
 .comment       0x00000000       0x71 obj_zoul/mac.o
 .comment       0x00000000       0x71 obj_zoul/mac-sequence.o
 .comment       0x00000000       0x71 obj_zoul/nullmac.o
 .comment       0x00000000       0x71 obj_zoul/nullrdc.o
 .comment       0x00000000       0x71 obj_zoul/contikimac-framer.o
 .comment       0x00000000       0x71 obj_zoul/nullsec.o
 .comment       0x00000000       0x71 obj_zoul/cc1200-802154g-863-870-fsk-50kbps.o
 .comment       0x00000000       0x71 obj_zoul/cc1200.o
 .comment       0x00000000       0x71 example-unicast.co

.ARM.attributes
                0x00000000       0x31
 .ARM.attributes
                0x00000000       0x33 obj_zoul/startup-gcc.o
 .ARM.attributes
                0x00000033       0x33 obj_zoul/contiki-main.o
 .ARM.attributes
                0x00000066       0x33 obj_zoul/leds.o
 .ARM.attributes
                0x00000099       0x33 obj_zoul/leds-arch.o
 .ARM.attributes
                0x000000cc       0x33 obj_zoul/cc1200-zoul-arch.o
 .ARM.attributes
                0x000000ff       0x33 obj_zoul/button-sensor.o
 .ARM.attributes
                0x00000132       0x33 obj_zoul/zoul-sensors.o
 .ARM.attributes
                0x00000165       0x33 obj_zoul/board.o
 .ARM.attributes
                0x00000198       0x33 obj_zoul/soc.o
 .ARM.attributes
                0x000001cb       0x33 obj_zoul/clock.o
 .ARM.attributes
                0x000001fe       0x33 obj_zoul/rtimer-arch.o
 .ARM.attributes
                0x00000231       0x33 obj_zoul/uart.o
 .ARM.attributes
                0x00000264       0x33 obj_zoul/watchdog.o
 .ARM.attributes
                0x00000297       0x33 obj_zoul/nvic.o
 .ARM.attributes
                0x000002ca       0x33 obj_zoul/cpu.o
 .ARM.attributes
                0x000002fd       0x33 obj_zoul/sys-ctrl.o
 .ARM.attributes
                0x00000330       0x33 obj_zoul/gpio.o
 .ARM.attributes
                0x00000363       0x33 obj_zoul/ioc.o
 .ARM.attributes
                0x00000396       0x33 obj_zoul/spi.o
 .ARM.attributes
                0x000003c9       0x33 obj_zoul/adc.o
 .ARM.attributes
                0x000003fc       0x33 obj_zoul/crypto.o
 .ARM.attributes
                0x0000042f       0x33 obj_zoul/cc2538-rf.o
 .ARM.attributes
                0x00000462       0x33 obj_zoul/udma.o
 .ARM.attributes
                0x00000495       0x33 obj_zoul/lpm.o
 .ARM.attributes
                0x000004c8       0x33 obj_zoul/pka.o
 .ARM.attributes
                0x000004fb       0x33 obj_zoul/dbg.o
 .ARM.attributes
                0x0000052e       0x33 obj_zoul/ieee-addr.o
 .ARM.attributes
                0x00000561       0x33 obj_zoul/cc2538-temp-sensor.o
 .ARM.attributes
                0x00000594       0x33 obj_zoul/vdd3-sensor.o
 .ARM.attributes
                0x000005c7       0x33 obj_zoul/cfs-coffee.o
 .ARM.attributes
                0x000005fa       0x33 obj_zoul/cfs-coffee-arch.o
 .ARM.attributes
                0x0000062d       0x33 obj_zoul/dbg-printf.o
 .ARM.attributes
                0x00000660       0x33 obj_zoul/dbg-sprintf.o
 .ARM.attributes
                0x00000693       0x33 obj_zoul/strformat.o
 .ARM.attributes
                0x000006c6       0x33 obj_zoul/autostart.o
 .ARM.attributes
                0x000006f9       0x33 obj_zoul/ctimer.o
 .ARM.attributes
                0x0000072c       0x33 obj_zoul/energest.o
 .ARM.attributes
                0x0000075f       0x33 obj_zoul/etimer.o
 .ARM.attributes
                0x00000792       0x33 obj_zoul/log_message.o
 .ARM.attributes
                0x000007c5       0x33 obj_zoul/process.o
 .ARM.attributes
                0x000007f8       0x33 obj_zoul/residual.o
 .ARM.attributes
                0x0000082b       0x33 obj_zoul/rtimer.o
 .ARM.attributes
                0x0000085e       0x33 obj_zoul/timer.o
 .ARM.attributes
                0x00000891       0x33 obj_zoul/serial-line.o
 .ARM.attributes
                0x000008c4       0x33 obj_zoul/list.o
 .ARM.attributes
                0x000008f7       0x33 obj_zoul/memb.o
 .ARM.attributes
                0x0000092a       0x33 obj_zoul/random.o
 .ARM.attributes
                0x0000095d       0x33 obj_zoul/ringbuf.o
 .ARM.attributes
                0x00000990       0x33 obj_zoul/sensors.o
 .ARM.attributes
                0x000009c3       0x33 obj_zoul/abc.o
 .ARM.attributes
                0x000009f6       0x33 obj_zoul/announcement.o
 .ARM.attributes
                0x00000a29       0x33 obj_zoul/broadcast-announcement.o
 .ARM.attributes
                0x00000a5c       0x33 obj_zoul/broadcast.o
 .ARM.attributes
                0x00000a8f       0x33 obj_zoul/chameleon-bitopt.o
 .ARM.attributes
                0x00000ac2       0x33 obj_zoul/chameleon.o
 .ARM.attributes
                0x00000af5       0x33 obj_zoul/channel.o
 .ARM.attributes
                0x00000b28       0x33 obj_zoul/rime.o
 .ARM.attributes
                0x00000b5b       0x33 obj_zoul/syscalls.o
 .ARM.attributes
                0x00000b8e       0x33 obj_zoul/linkaddr.o
 .ARM.attributes
                0x00000bc1       0x33 obj_zoul/netstack.o
 .ARM.attributes
                0x00000bf4       0x33 obj_zoul/packetbuf.o
 .ARM.attributes
                0x00000c27       0x33 obj_zoul/queuebuf.o
 .ARM.attributes
                0x00000c5a       0x33 obj_zoul/frame802154.o
 .ARM.attributes
                0x00000c8d       0x33 obj_zoul/framer-802154.o
 .ARM.attributes
                0x00000cc0       0x33 obj_zoul/mac.o
 .ARM.attributes
                0x00000cf3       0x33 obj_zoul/mac-sequence.o
 .ARM.attributes
                0x00000d26       0x33 obj_zoul/nullmac.o
 .ARM.attributes
                0x00000d59       0x33 obj_zoul/nullrdc.o
 .ARM.attributes
                0x00000d8c       0x33 obj_zoul/contikimac-framer.o
 .ARM.attributes
                0x00000dbf       0x33 obj_zoul/nullsec.o
 .ARM.attributes
                0x00000df2       0x33 obj_zoul/cc1200-802154g-863-870-fsk-50kbps.o
 .ARM.attributes
                0x00000e25       0x33 obj_zoul/cc1200.o
 .ARM.attributes
                0x00000e58       0x33 example-unicast.co
 .ARM.attributes
                0x00000e8b       0x1d /usr/bin/../lib/gcc/arm-none-eabi/4.9.3/armv7-m/libgcc.a(_aeabi_uldivmod.o)
 .ARM.attributes
                0x00000ea8       0x2d /usr/bin/../lib/gcc/arm-none-eabi/4.9.3/armv7-m/libgcc.a(bpabi.o)
 .ARM.attributes
                0x00000ed5       0x1d /usr/bin/../lib/gcc/arm-none-eabi/4.9.3/armv7-m/libgcc.a(_dvmd_tls.o)
 .ARM.attributes
                0x00000ef2       0x2d /usr/bin/../lib/gcc/arm-none-eabi/4.9.3/armv7-m/libgcc.a(_divdi3.o)
 .ARM.attributes
                0x00000f1f       0x2d /usr/bin/../lib/gcc/arm-none-eabi/4.9.3/armv7-m/libgcc.a(_udivdi3.o)
 .ARM.attributes
                0x00000f4c       0x2d /usr/bin/../lib/gcc/arm-none-eabi/4.9.3/../../../../arm-none-eabi/lib/armv7-m/libc.a(lib_a-malloc.o)
 .ARM.attributes
                0x00000f79       0x2d /usr/bin/../lib/gcc/arm-none-eabi/4.9.3/../../../../arm-none-eabi/lib/armv7-m/libc.a(lib_a-mallocr.o)
 .ARM.attributes
                0x00000fa6       0x2d /usr/bin/../lib/gcc/arm-none-eabi/4.9.3/../../../../arm-none-eabi/lib/armv7-m/libc.a(lib_a-memcmp.o)
 .ARM.attributes
                0x00000fd3       0x1b /usr/bin/../lib/gcc/arm-none-eabi/4.9.3/../../../../arm-none-eabi/lib/armv7-m/libc.a(lib_a-memcpy.o)
 .ARM.attributes
                0x00000fee       0x2d /usr/bin/../lib/gcc/arm-none-eabi/4.9.3/../../../../arm-none-eabi/lib/armv7-m/libc.a(lib_a-memset.o)
 .ARM.attributes
                0x0000101b       0x2d /usr/bin/../lib/gcc/arm-none-eabi/4.9.3/../../../../arm-none-eabi/lib/armv7-m/libc.a(lib_a-mlock.o)
 .ARM.attributes
                0x00001048       0x2d /usr/bin/../lib/gcc/arm-none-eabi/4.9.3/../../../../arm-none-eabi/lib/armv7-m/libc.a(lib_a-reent.o)
 .ARM.attributes
                0x00001075       0x2d /usr/bin/../lib/gcc/arm-none-eabi/4.9.3/../../../../arm-none-eabi/lib/armv7-m/libc.a(lib_a-sbrkr.o)
 .ARM.attributes
                0x000010a2       0x1b /usr/bin/../lib/gcc/arm-none-eabi/4.9.3/../../../../arm-none-eabi/lib/armv7-m/libc.a(lib_a-strcmp.o)
 .ARM.attributes
                0x000010bd       0x2d /usr/bin/../lib/gcc/arm-none-eabi/4.9.3/../../../../arm-none-eabi/lib/armv7-m/libc.a(lib_a-strcpy.o)
 .ARM.attributes
                0x000010ea       0x2d /usr/bin/../lib/gcc/arm-none-eabi/4.9.3/../../../../arm-none-eabi/lib/armv7-m/libc.a(lib_a-strlen.o)
 .ARM.attributes
                0x00001117       0x2d /usr/bin/../lib/gcc/arm-none-eabi/4.9.3/../../../../arm-none-eabi/lib/armv7-m/libc.a(lib_a-strncpy.o)
 .ARM.attributes
                0x00001144       0x2d /usr/bin/../lib/gcc/arm-none-eabi/4.9.3/../../../../arm-none-eabi/lib/armv7-m/libc.a(lib_a-freer.o)
 .ARM.attributes
                0x00001171       0x2d /usr/bin/../lib/gcc/arm-none-eabi/4.9.3/../../../../arm-none-eabi/lib/armv7-m/libc.a(lib_a-impure.o)

.debug_frame    0x00000000      0x370
 .debug_frame   0x00000000       0x28 /usr/bin/../lib/gcc/arm-none-eabi/4.9.3/armv7-m/libgcc.a(_aeabi_uldivmod.o)
 .debug_frame   0x00000028       0x54 /usr/bin/../lib/gcc/arm-none-eabi/4.9.3/armv7-m/libgcc.a(bpabi.o)
 .debug_frame   0x0000007c       0x34 /usr/bin/../lib/gcc/arm-none-eabi/4.9.3/armv7-m/libgcc.a(_divdi3.o)
 .debug_frame   0x000000b0       0x34 /usr/bin/../lib/gcc/arm-none-eabi/4.9.3/armv7-m/libgcc.a(_udivdi3.o)
 .debug_frame   0x000000e4       0x30 /usr/bin/../lib/gcc/arm-none-eabi/4.9.3/../../../../arm-none-eabi/lib/armv7-m/libc.a(lib_a-malloc.o)
 .debug_frame   0x00000114       0x54 /usr/bin/../lib/gcc/arm-none-eabi/4.9.3/../../../../arm-none-eabi/lib/armv7-m/libc.a(lib_a-mallocr.o)
 .debug_frame   0x00000168       0x38 /usr/bin/../lib/gcc/arm-none-eabi/4.9.3/../../../../arm-none-eabi/lib/armv7-m/libc.a(lib_a-memcmp.o)
 .debug_frame   0x000001a0       0x34 /usr/bin/../lib/gcc/arm-none-eabi/4.9.3/../../../../arm-none-eabi/lib/armv7-m/libc.a(lib_a-memset.o)
 .debug_frame   0x000001d4       0x30 /usr/bin/../lib/gcc/arm-none-eabi/4.9.3/../../../../arm-none-eabi/lib/armv7-m/libc.a(lib_a-mlock.o)
 .debug_frame   0x00000204       0x58 /usr/bin/../lib/gcc/arm-none-eabi/4.9.3/../../../../arm-none-eabi/lib/armv7-m/libc.a(lib_a-reent.o)
 .debug_frame   0x0000025c       0x2c /usr/bin/../lib/gcc/arm-none-eabi/4.9.3/../../../../arm-none-eabi/lib/armv7-m/libc.a(lib_a-sbrkr.o)
 .debug_frame   0x00000288       0x20 /usr/bin/../lib/gcc/arm-none-eabi/4.9.3/../../../../arm-none-eabi/lib/armv7-m/libc.a(lib_a-strcpy.o)
 .debug_frame   0x000002a8       0x20 /usr/bin/../lib/gcc/arm-none-eabi/4.9.3/../../../../arm-none-eabi/lib/armv7-m/libc.a(lib_a-strlen.o)
 .debug_frame   0x000002c8       0x34 /usr/bin/../lib/gcc/arm-none-eabi/4.9.3/../../../../arm-none-eabi/lib/armv7-m/libc.a(lib_a-strncpy.o)
 .debug_frame   0x000002fc       0x74 /usr/bin/../lib/gcc/arm-none-eabi/4.9.3/../../../../arm-none-eabi/lib/armv7-m/libc.a(lib_a-freer.o)

Cross Reference Table

Symbol                                            File
ENERGEST_DISSIPATION_RATE                         obj_zoul/residual.o
LSA_count                                         obj_zoul/nullrdc.o
                                                  obj_zoul/csma.o
                                                  obj_zoul/log_message.o
                                                  obj_zoul/soc.o
                                                  obj_zoul/contiki-main.o
__aeabi_idiv0                                     /usr/bin/../lib/gcc/arm-none-eabi/4.9.3/armv7-m/libgcc.a(_dvmd_tls.o)
__aeabi_ldiv0                                     /usr/bin/../lib/gcc/arm-none-eabi/4.9.3/armv7-m/libgcc.a(_dvmd_tls.o)
                                                  /usr/bin/../lib/gcc/arm-none-eabi/4.9.3/armv7-m/libgcc.a(_aeabi_uldivmod.o)
__aeabi_uldivmod                                  /usr/bin/../lib/gcc/arm-none-eabi/4.9.3/armv7-m/libgcc.a(_aeabi_uldivmod.o)
                                                  obj_zoul/strformat.o
__divdi3                                          /usr/bin/../lib/gcc/arm-none-eabi/4.9.3/armv7-m/libgcc.a(_divdi3.o)
                                                  /usr/bin/../lib/gcc/arm-none-eabi/4.9.3/armv7-m/libgcc.a(bpabi.o)
__gnu_ldivmod_helper                              /usr/bin/../lib/gcc/arm-none-eabi/4.9.3/armv7-m/libgcc.a(bpabi.o)
__gnu_uldivmod_helper                             /usr/bin/../lib/gcc/arm-none-eabi/4.9.3/armv7-m/libgcc.a(bpabi.o)
                                                  /usr/bin/../lib/gcc/arm-none-eabi/4.9.3/armv7-m/libgcc.a(_aeabi_uldivmod.o)
__malloc_av_                                      /usr/bin/../lib/gcc/arm-none-eabi/4.9.3/../../../../arm-none-eabi/lib/armv7-m/libc.a(lib_a-mallocr.o)
                                                  /usr/bin/../lib/gcc/arm-none-eabi/4.9.3/../../../../arm-none-eabi/lib/armv7-m/libc.a(lib_a-freer.o)
__malloc_current_mallinfo                         /usr/bin/../lib/gcc/arm-none-eabi/4.9.3/../../../../arm-none-eabi/lib/armv7-m/libc.a(lib_a-mallocr.o)
                                                  /usr/bin/../lib/gcc/arm-none-eabi/4.9.3/../../../../arm-none-eabi/lib/armv7-m/libc.a(lib_a-freer.o)
__malloc_lock                                     /usr/bin/../lib/gcc/arm-none-eabi/4.9.3/../../../../arm-none-eabi/lib/armv7-m/libc.a(lib_a-mlock.o)
                                                  /usr/bin/../lib/gcc/arm-none-eabi/4.9.3/../../../../arm-none-eabi/lib/armv7-m/libc.a(lib_a-freer.o)
                                                  /usr/bin/../lib/gcc/arm-none-eabi/4.9.3/../../../../arm-none-eabi/lib/armv7-m/libc.a(lib_a-mallocr.o)
__malloc_max_sbrked_mem                           /usr/bin/../lib/gcc/arm-none-eabi/4.9.3/../../../../arm-none-eabi/lib/armv7-m/libc.a(lib_a-mallocr.o)
__malloc_max_total_mem                            /usr/bin/../lib/gcc/arm-none-eabi/4.9.3/../../../../arm-none-eabi/lib/armv7-m/libc.a(lib_a-mallocr.o)
__malloc_sbrk_base                                /usr/bin/../lib/gcc/arm-none-eabi/4.9.3/../../../../arm-none-eabi/lib/armv7-m/libc.a(lib_a-mallocr.o)
                                                  /usr/bin/../lib/gcc/arm-none-eabi/4.9.3/../../../../arm-none-eabi/lib/armv7-m/libc.a(lib_a-freer.o)
__malloc_top_pad                                  /usr/bin/../lib/gcc/arm-none-eabi/4.9.3/../../../../arm-none-eabi/lib/armv7-m/libc.a(lib_a-mallocr.o)
                                                  /usr/bin/../lib/gcc/arm-none-eabi/4.9.3/../../../../arm-none-eabi/lib/armv7-m/libc.a(lib_a-freer.o)
__malloc_trim_threshold                           /usr/bin/../lib/gcc/arm-none-eabi/4.9.3/../../../../arm-none-eabi/lib/armv7-m/libc.a(lib_a-mallocr.o)
                                                  /usr/bin/../lib/gcc/arm-none-eabi/4.9.3/../../../../arm-none-eabi/lib/armv7-m/libc.a(lib_a-freer.o)
__malloc_unlock                                   /usr/bin/../lib/gcc/arm-none-eabi/4.9.3/../../../../arm-none-eabi/lib/armv7-m/libc.a(lib_a-mlock.o)
                                                  /usr/bin/../lib/gcc/arm-none-eabi/4.9.3/../../../../arm-none-eabi/lib/armv7-m/libc.a(lib_a-freer.o)
                                                  /usr/bin/../lib/gcc/arm-none-eabi/4.9.3/../../../../arm-none-eabi/lib/armv7-m/libc.a(lib_a-mallocr.o)
__udivdi3                                         /usr/bin/../lib/gcc/arm-none-eabi/4.9.3/armv7-m/libgcc.a(_udivdi3.o)
                                                  /usr/bin/../lib/gcc/arm-none-eabi/4.9.3/armv7-m/libgcc.a(bpabi.o)
_bss                                              obj_zoul/startup-gcc.o
_data                                             obj_zoul/startup-gcc.o
_ebss                                             obj_zoul/startup-gcc.o
_edata                                            obj_zoul/startup-gcc.o
_eheap                                            obj_zoul/syscalls.o
_free_r                                           /usr/bin/../lib/gcc/arm-none-eabi/4.9.3/../../../../arm-none-eabi/lib/armv7-m/libc.a(lib_a-freer.o)
                                                  /usr/bin/../lib/gcc/arm-none-eabi/4.9.3/../../../../arm-none-eabi/lib/armv7-m/libc.a(lib_a-reent.o)
                                                  /usr/bin/../lib/gcc/arm-none-eabi/4.9.3/../../../../arm-none-eabi/lib/armv7-m/libc.a(lib_a-mallocr.o)
                                                  /usr/bin/../lib/gcc/arm-none-eabi/4.9.3/../../../../arm-none-eabi/lib/armv7-m/libc.a(lib_a-malloc.o)
_global_impure_ptr                                /usr/bin/../lib/gcc/arm-none-eabi/4.9.3/../../../../arm-none-eabi/lib/armv7-m/libc.a(lib_a-impure.o)
_heap                                             obj_zoul/syscalls.o
_impure_ptr                                       /usr/bin/../lib/gcc/arm-none-eabi/4.9.3/../../../../arm-none-eabi/lib/armv7-m/libc.a(lib_a-impure.o)
                                                  /usr/bin/../lib/gcc/arm-none-eabi/4.9.3/../../../../arm-none-eabi/lib/armv7-m/libc.a(lib_a-reent.o)
                                                  /usr/bin/../lib/gcc/arm-none-eabi/4.9.3/../../../../arm-none-eabi/lib/armv7-m/libc.a(lib_a-malloc.o)
_ldata                                            obj_zoul/startup-gcc.o
_malloc_r                                         /usr/bin/../lib/gcc/arm-none-eabi/4.9.3/../../../../arm-none-eabi/lib/armv7-m/libc.a(lib_a-mallocr.o)
                                                  /usr/bin/../lib/gcc/arm-none-eabi/4.9.3/../../../../arm-none-eabi/lib/armv7-m/libc.a(lib_a-malloc.o)
_malloc_trim_r                                    /usr/bin/../lib/gcc/arm-none-eabi/4.9.3/../../../../arm-none-eabi/lib/armv7-m/libc.a(lib_a-freer.o)
_reclaim_reent                                    /usr/bin/../lib/gcc/arm-none-eabi/4.9.3/../../../../arm-none-eabi/lib/armv7-m/libc.a(lib_a-reent.o)
_sbrk                                             obj_zoul/syscalls.o
                                                  /usr/bin/../lib/gcc/arm-none-eabi/4.9.3/../../../../arm-none-eabi/lib/armv7-m/libc.a(lib_a-sbrkr.o)
_sbrk_r                                           /usr/bin/../lib/gcc/arm-none-eabi/4.9.3/../../../../arm-none-eabi/lib/armv7-m/libc.a(lib_a-sbrkr.o)
                                                  /usr/bin/../lib/gcc/arm-none-eabi/4.9.3/../../../../arm-none-eabi/lib/armv7-m/libc.a(lib_a-freer.o)
                                                  /usr/bin/../lib/gcc/arm-none-eabi/4.9.3/../../../../arm-none-eabi/lib/armv7-m/libc.a(lib_a-mallocr.o)
_xassert                                          obj_zoul/assert.o
abc_close                                         obj_zoul/abc.o
                                                  obj_zoul/polite.o
                                                  obj_zoul/broadcast.o
abc_input                                         obj_zoul/abc.o
                                                  obj_zoul/rime.o
abc_open                                          obj_zoul/abc.o
                                                  obj_zoul/polite.o
                                                  obj_zoul/broadcast.o
abc_send                                          obj_zoul/abc.o
                                                  obj_zoul/polite.o
                                                  obj_zoul/broadcast.o
abc_sent                                          obj_zoul/abc.o
                                                  obj_zoul/rime.o
adc_get                                           obj_zoul/adc.o
                                                  obj_zoul/vdd3-sensor.o
                                                  obj_zoul/cc2538-temp-sensor.o
                                                  obj_zoul/adc-zoul.o
adc_init                                          obj_zoul/adc.o
                                                  obj_zoul/adc-zoul.o
adc_zoul                                          obj_zoul/adc-zoul.o
aes_128_driver                                    obj_zoul/aes-128.o
aes_128_set_padded_key                            obj_zoul/aes-128.o
aes_auth_crypt_check_status                       obj_zoul/aes.o
                                                  obj_zoul/cc2538-ccm-star.o
                                                  obj_zoul/ctr.o
                                                  obj_zoul/cbc.o
                                                  obj_zoul/ecb.o
aes_auth_crypt_get_result                         obj_zoul/aes.o
                                                  obj_zoul/ccm.o
                                                  obj_zoul/gcm.o
                                                  obj_zoul/cbc-mac.o
                                                  obj_zoul/ctr.o
                                                  obj_zoul/cbc.o
                                                  obj_zoul/ecb.o
aes_auth_crypt_start                              obj_zoul/aes.o
                                                  obj_zoul/ccm.o
                                                  obj_zoul/gcm.o
                                                  obj_zoul/cbc-mac.o
                                                  obj_zoul/ctr.o
                                                  obj_zoul/cbc.o
                                                  obj_zoul/ecb.o
aes_load_keys                                     obj_zoul/aes.o
                                                  obj_zoul/cc2538-aes-128.o
announcement_bump                                 obj_zoul/announcement.o
                                                  obj_zoul/collect.o
announcement_heard                                obj_zoul/announcement.o
                                                  obj_zoul/polite-announcement.o
                                                  obj_zoul/broadcast-announcement.o
announcement_init                                 obj_zoul/announcement.o
                                                  obj_zoul/rime.o
announcement_list                                 obj_zoul/announcement.o
                                                  obj_zoul/polite-announcement.o
                                                  obj_zoul/broadcast-announcement.o
announcement_listen                               obj_zoul/announcement.o
announcement_register                             obj_zoul/announcement.o
                                                  obj_zoul/collect.o
announcement_register_listen_callback             obj_zoul/announcement.o
announcement_register_observer_callback           obj_zoul/announcement.o
                                                  obj_zoul/polite-announcement.o
                                                  obj_zoul/broadcast-announcement.o
announcement_remove                               obj_zoul/announcement.o
                                                  obj_zoul/collect.o
announcement_remove_value                         obj_zoul/announcement.o
announcement_set_value                            obj_zoul/announcement.o
                                                  obj_zoul/collect.o
arg_alloc                                         obj_zoul/arg.o
arg_free                                          obj_zoul/arg.o