Archive member included to satisfy reference by file (symbol)

obj_cooja/mtype358.a(simEnvChange.o)
                              obj_cooja/mtype358.o (simDontFallAsleep)
obj_cooja/mtype358.a(cooja_mt.o)
                              obj_cooja/mtype358.o (cooja_mt_start)
obj_cooja/mtype358.a(cooja_mtarch.o)
                              obj_cooja/mtype358.a(cooja_mt.o) (cooja_mtarch_init)
obj_cooja/mtype358.a(rtimer-arch.o)
                              obj_cooja/mtype358.o (rtimer_arch_next)
obj_cooja/mtype358.a(beep.o)  obj_cooja/mtype358.o (beep_interface)
obj_cooja/mtype358.a(button-sensor.o)
                              obj_cooja/mtype358.o (button_interface)
obj_cooja/mtype358.a(leds-arch.o)
                              obj_cooja/mtype358.o (leds_interface)
obj_cooja/mtype358.a(moteid.o)
                              obj_cooja/mtype358.o (moteid_interface)
obj_cooja/mtype358.a(pir-sensor.o)
                              obj_cooja/mtype358.o (pir_interface)
obj_cooja/mtype358.a(rs232.o)
                              obj_cooja/mtype358.o (rs232_interface)
obj_cooja/mtype358.a(vib-sensor.o)
                              obj_cooja/mtype358.o (vib_interface)
obj_cooja/mtype358.a(clock.o)
                              obj_cooja/mtype358.o (clock_interface)
obj_cooja/mtype358.a(log.o)   obj_cooja/mtype358.o (simlog_interface)
obj_cooja/mtype358.a(cfs-cooja.o)
                              obj_cooja/mtype358.o (cfs_interface)
obj_cooja/mtype358.a(cooja-radio.o)
                              obj_cooja/mtype358.o (radio_interface)
obj_cooja/mtype358.a(eeprom.o)
                              obj_cooja/mtype358.o (eeprom_interface)
obj_cooja/mtype358.a(random.o)
                              obj_cooja/mtype358.a(moteid.o) (random_init)
obj_cooja/mtype358.a(sensors.o)
                              obj_cooja/mtype358.o (sensors_process)
obj_cooja/mtype358.a(dual_conf.o)
                              obj_cooja/mtype358.a(cooja-radio.o) (long_range_radio)
obj_cooja/mtype358.a(autostart.o)
                              obj_cooja/mtype358.o (autostart_start)
obj_cooja/mtype358.a(ctimer.o)
                              obj_cooja/mtype358.o (ctimer_init)
obj_cooja/mtype358.a(etimer.o)
                              obj_cooja/mtype358.o (etimer_process)
obj_cooja/mtype358.a(process.o)
                              udp-client.co (process_current)
obj_cooja/mtype358.a(rtimer.o)
                              obj_cooja/mtype358.a(rtimer-arch.o) (rtimer_run_next)
obj_cooja/mtype358.a(stimer.o)
                              udp-client.co (stimer_remaining)
obj_cooja/mtype358.a(timer.o)
                              obj_cooja/mtype358.a(button-sensor.o) (timer_set)
obj_cooja/mtype358.a(serial-line.o)
                              udp-client.co (serial_line_event_message)
obj_cooja/mtype358.a(list.o)  obj_cooja/mtype358.a(ctimer.o) (list_init)
obj_cooja/mtype358.a(ringbuf.o)
                              obj_cooja/mtype358.a(serial-line.o) (ringbuf_init)
obj_cooja/mtype358.a(sicslowpan.o)
                              obj_cooja/mtype358.o (sicslowpan_driver)
obj_cooja/mtype358.a(uip-ds6-nbr.o)
                              obj_cooja/mtype358.a(sicslowpan.o) (uip_ds6_link_neighbor_callback)
obj_cooja/mtype358.a(uip-ds6-route.o)
                              udp-client.co (uip_ds6_route_nexthop)
obj_cooja/mtype358.a(uip-ds6.o)
                              udp-client.co (uip_ds6_if)
obj_cooja/mtype358.a(uip6.o)  udp-client.co (uip_lladdr)
obj_cooja/mtype358.a(tcpip.o)
                              udp-client.co (tcpip_event)
obj_cooja/mtype358.a(uip-debug.o)
                              udp-client.co (uip_debug_ipaddr_print)
obj_cooja/mtype358.a(uip-packetqueue)
                              obj_cooja/mtype358.a(uip-ds6-nbr.o) (uip_packetqueue_new)
obj_cooja/mtype358.a(uip-udp-packet.)
                              udp-client.co (uip_udp_packet_sendto)
obj_cooja/mtype358.a(rpl-dag.o)
                              obj_cooja/mtype358.a(tcpip.o) (rpl_repair_root)
obj_cooja/mtype358.a(rpl-ext-header.)
                              obj_cooja/mtype358.a(uip6.o) (rpl_verify_header)
obj_cooja/mtype358.a(rpl-icmp6.o)
                              obj_cooja/mtype358.a(rpl-dag.o) (rpl_icmp6_update_nbr_table)
obj_cooja/mtype358.a(rpl-jkof.o)
                              obj_cooja/mtype358.a(rpl-dag.o) (rpl_jkof)
obj_cooja/mtype358.a(rpl-timers.o)
                              obj_cooja/mtype358.a(rpl-dag.o) (rpl_reset_dio_timer)
obj_cooja/mtype358.a(rpl.o)   obj_cooja/mtype358.a(rpl-icmp6.o) (rpl_get_mode)
obj_cooja/mtype358.a(framer-802154.o)
                              obj_cooja/mtype358.a(sicslowpan.o) (framer_802154)
obj_cooja/mtype358.a(nullmac.o)
                              obj_cooja/mtype358.o (nullmac_driver)
obj_cooja/mtype358.a(nullrdc.o)
                              obj_cooja/mtype358.o (nullrdc_driver)
obj_cooja/mtype358.a(linkaddr.o)
                              obj_cooja/mtype358.o (linkaddr_node_addr)
[...]
Memory Configuration

Name             Origin             Length             Attributes
*default*        0x0000000000000000 0xffffffffffffffff

Linker script and memory map

LOAD /usr/lib/gcc/i686-linux-gnu/4.8/../../../i386-linux-gnu/crti.o
LOAD /usr/lib/gcc/i686-linux-gnu/4.8/crtbeginS.o
LOAD udp-client.co
LOAD obj_cooja/mtype358.o
LOAD obj_cooja/mtype358.a
LOAD /usr/lib/gcc/i686-linux-gnu/4.8/libgcc.a
LOAD /usr/lib/gcc/i686-linux-gnu/4.8/libgcc_s.so
LOAD /usr/lib/gcc/i686-linux-gnu/4.8/../../../i386-linux-gnu/libc.so
START GROUP
LOAD /lib/i386-linux-gnu/libc.so.6
LOAD /usr/lib/i386-linux-gnu/libc_nonshared.a
LOAD /lib/i386-linux-gnu/ld-linux.so.2
END GROUP
LOAD /usr/lib/gcc/i686-linux-gnu/4.8/libgcc.a
LOAD /usr/lib/gcc/i686-linux-gnu/4.8/libgcc_s.so
LOAD /usr/lib/gcc/i686-linux-gnu/4.8/crtendS.o
LOAD /usr/lib/gcc/i686-linux-gnu/4.8/../../../i386-linux-gnu/crtn.o
                0x0000000000000114                . = (0x0 + SIZEOF_HEADERS)

.note.gnu.build-id
                0x0000000000000114       0x24
 *(.note.gnu.build-id)
 .note.gnu.build-id
                0x0000000000000114       0x24 /usr/lib/gcc/i686-linux-gnu/4.8/../../../i386-linux-gnu/crti.o

.hash
 *(.hash)

.gnu.hash       0x0000000000000138     0x12b4
 *(.gnu.hash)
 .gnu.hash      0x0000000000000138     0x12b4 /usr/lib/gcc/i686-linux-gnu/4.8/../../../i386-linux-gnu/crti.o

.dynsym         0x00000000000013ec     0x2310
 *(.dynsym)
 .dynsym        0x00000000000013ec     0x2310 /usr/lib/gcc/i686-linux-gnu/4.8/../../../i386-linux-gnu/crti.o

.dynstr         0x00000000000036fc     0x244c
 *(.dynstr)
 .dynstr        0x00000000000036fc     0x244c /usr/lib/gcc/i686-linux-gnu/4.8/../../../i386-linux-gnu/crti.o

.gnu.version    0x0000000000005b48      0x462
 *(.gnu.version)
 .gnu.version   0x0000000000005b48      0x462 /usr/lib/gcc/i686-linux-gnu/4.8/../../../i386-linux-gnu/crti.o

.gnu.version_d  0x0000000000005fac        0x0
 *(.gnu.version_d)
 .gnu.version_d
                0x0000000000000000        0x0 /usr/lib/gcc/i686-linux-gnu/4.8/../../../i386-linux-gnu/crti.o

.gnu.version_r  0x0000000000005fac       0x40
 *(.gnu.version_r)
 .gnu.version_r
                0x0000000000005fac       0x40 /usr/lib/gcc/i686-linux-gnu/4.8/../../../i386-linux-gnu/crti.o

.rel.dyn        0x0000000000005fec     0x8f70
 *(.rel.init)
 .rel.init      0x0000000000000000        0x0 /usr/lib/gcc/i686-linux-gnu/4.8/../../../i386-linux-gnu/crti.o
 *(.rel.text .rel.text.* .rel.gnu.linkonce.t.*)
 .rel.text      0x0000000000005fec     0x8808 /usr/lib/gcc/i686-linux-gnu/4.8/../../../i386-linux-gnu/crti.o
 *(.rel.fini)
 .rel.fini      0x0000000000000000        0x0 /usr/lib/gcc/i686-linux-gnu/4.8/../../../i386-linux-gnu/crti.o
 *(.rel.rodata .rel.rodata.* .rel.gnu.linkonce.r.*)
 .rel.rodata    0x000000000000e7f4      0x4e0 /usr/lib/gcc/i686-linux-gnu/4.8/../../../i386-linux-gnu/crti.o
 *(.rel.data.rel.ro .rel.data.rel.ro.* .rel.gnu.linkonce.d.rel.ro.*)
 *(.rel.data .rel.data.* .rel.gnu.linkonce.d.*)
 .rel.data.rel  0x000000000000ecd4        0x8 /usr/lib/gcc/i686-linux-gnu/4.8/../../../i386-linux-gnu/crti.o
 .rel.data      0x000000000000ecdc      0x248 /usr/lib/gcc/i686-linux-gnu/4.8/../../../i386-linux-gnu/crti.o
 *(.rel.tdata .rel.tdata.* .rel.gnu.linkonce.td.*)
 *(.rel.tbss .rel.tbss.* .rel.gnu.linkonce.tb.*)
 *(.rel.ctors)
 *(.rel.dtors)
 *(.rel.got)
 .rel.got       0x000000000000ef24       0x28 /usr/lib/gcc/i686-linux-gnu/4.8/../../../i386-linux-gnu/crti.o
 *(.rel.bss .rel.bss.* .rel.gnu.linkonce.b.*)
 *(.rel.ifunc)
 .rel.ifunc     0x0000000000000000        0x0 /usr/lib/gcc/i686-linux-gnu/4.8/../../../i386-linux-gnu/crti.o
 .rel.fini_array
                0x000000000000ef4c        0x8 /usr/lib/gcc/i686-linux-gnu/4.8/../../../i386-linux-gnu/crti.o
 .rel.init_array
                0x000000000000ef54        0x8 /usr/lib/gcc/i686-linux-gnu/4.8/../../../i386-linux-gnu/crti.o

.rel.plt        0x000000000000ef5c       0x10
 *(.rel.plt)
 .rel.plt       0x000000000000ef5c       0x10 /usr/lib/gcc/i686-linux-gnu/4.8/../../../i386-linux-gnu/crti.o
 *(.rel.iplt)

.init           0x000000000000ef6c       0x23
 *(SORT(.init))
 .init          0x000000000000ef6c       0x1e /usr/lib/gcc/i686-linux-gnu/4.8/../../../i386-linux-gnu/crti.o
                0x000000000000ef6c                _init
 .init          0x000000000000ef8a        0x5 /usr/lib/gcc/i686-linux-gnu/4.8/../../../i386-linux-gnu/crtn.o

.plt            0x000000000000ef90       0x30
 *(.plt)
 .plt           0x000000000000ef90       0x30 /usr/lib/gcc/i686-linux-gnu/4.8/../../../i386-linux-gnu/crti.o
 *(.iplt)

.text           0x000000000000efc0    0x15a52
 *(.text.unlikely .text.*_unlikely .text.unlikely.*)
 *(.text.exit .text.exit.*)
 *(.text.startup .text.startup.*)
 *(.text.hot .text.hot.*)
 *(.text .stub .text.* .gnu.linkonce.t.*)
 .text          0x000000000000efc0        0x0 /usr/lib/gcc/i686-linux-gnu/4.8/../../../i386-linux-gnu/crti.o
 .gnu.linkonce.t.__x86.get_pc_thunk.bx
                0x000000000000efc0        0x4 /usr/lib/gcc/i686-linux-gnu/4.8/../../../i386-linux-gnu/crti.o
                0x000000000000efc0                __x86.get_pc_thunk.bx
 *fill*         0x000000000000efc4        0xc 
 .text          0x000000000000efd0      0x11b /usr/lib/gcc/i686-linux-gnu/4.8/crtbeginS.o
 .text          0x000000000000f0eb      0x5cc udp-client.co
 .text          0x000000000000f6b7      0x944 obj_cooja/mtype358.o
                0x000000000000f865                contiki_init
                0x000000000000fe12                Java_org_contikios_cooja_corecomm_Lib2_init
                0x000000000000fe52                Java_org_contikios_cooja_corecomm_Lib2_getMemory
                0x000000000000fe92                Java_org_contikios_cooja_corecomm_Lib2_setMemory
                0x000000000000ff09                Java_org_contikios_cooja_corecomm_Lib2_tick
                0x000000000000ffe9                Java_org_contikios_cooja_corecomm_Lib2_setReferenceAddress
 .text          0x000000000000fffb       0x63 obj_cooja/mtype358.a(simEnvChange.o)
                0x000000000000fffb                doActionsBeforeTick
                0x000000000001002c                doActionsAfterTick
 .text          0x000000000001005e       0xbc obj_cooja/mtype358.a(cooja_mt.o)
                0x000000000001005e                cooja_mt_init
                0x000000000001006b                cooja_mt_remove
                0x0000000000010078                cooja_mt_start
                0x00000000000100a5                cooja_mt_exec
                0x00000000000100d6                cooja_mt_exit
                0x00000000000100f8                cooja_mt_yield
 .text          0x000000000001011a      0x115 obj_cooja/mtype358.a(cooja_mtarch.o)
                0x000000000001011a                cooja_mtarch_init
                0x000000000001011f                cooja_mtarch_start
                0x000000000001019a                cooja_sw
                0x00000000000101bc                cooja_mtarch_exec
                0x00000000000101d8                cooja_mtarch_remove
                0x00000000000101dd                cooja_mtarch_yield
                0x00000000000101e7                cooja_mtarch_pstop
                0x00000000000101ec                cooja_mtarch_pstart
                0x00000000000101f1                cooja_mtarch_stack_usage
 .text          0x000000000001022f       0xc2 obj_cooja/mtype358.a(rtimer-arch.o)
                0x000000000001022f                rtimer_arch_init
                0x0000000000010252                rtimer_arch_schedule
                0x0000000000010269                rtimer_arch_next
                0x0000000000010273                rtimer_arch_pending
                0x000000000001027d                rtimer_arch_check
                0x00000000000102af                rtimer_arch_now
 .text          0x00000000000102f1       0x76 obj_cooja/mtype358.a(beep.o)
                0x00000000000102f1                beep_alarm
                0x00000000000102fd                beep_beep
                0x0000000000010309                beep
                0x0000000000010315                beep_down
                0x0000000000010321                beep_on
                0x000000000001032d                beep_off
                0x0000000000010339                beep_spinup
                0x0000000000010345                beep_quick
                0x0000000000010351                beep_long
 .text          0x0000000000010367      0x103 obj_cooja/mtype358.a(button-sensor.o)
 .text          0x000000000001046a       0x45 obj_cooja/mtype358.a(leds-arch.o)
                0x000000000001046a                leds_arch_init
                0x0000000000010476                leds_arch_get
                0x0000000000010482                leds_arch_set
 .text          0x00000000000104af       0x2f obj_cooja/mtype358.a(moteid.o)
 .text          0x00000000000104de       0xb1 obj_cooja/mtype358.a(pir-sensor.o)
 .text          0x000000000001058f      0x131 obj_cooja/mtype358.a(rs232.o)
                0x000000000001058f                rs232_init
                0x0000000000010594                rs232_set_speed
                0x00000000000105a2                rs232_set_input
                0x00000000000105af                rs232_send
                0x00000000000105d1                rs232_print
                0x00000000000105ec                slip_arch_writeb
 .text          0x00000000000106c0       0xb1 obj_cooja/mtype358.a(vib-sensor.o)
 .text          0x0000000000010771       0x34 obj_cooja/mtype358.a(clock.o)
                0x0000000000010771                clock_init
                0x0000000000010776                clock_time
                0x0000000000010780                clock_seconds
                0x0000000000010796                clock_delay
 .text          0x00000000000107a5      0x1ed obj_cooja/mtype358.a(log.o)
                0x00000000000107a5                simlog_char
                0x00000000000107e7                simlog
                0x0000000000010854                log_message
                0x000000000001087c                log_set_putchar_with_slip
                0x0000000000010889                log_putchar
                0x000000000001090d                log_puts
                0x0000000000010931                log_printf
 .text          0x0000000000010992      0x2c4 obj_cooja/mtype358.a(cfs-cooja.o)
                0x0000000000010992                cfs_open
                0x00000000000109fb                cfs_close
                0x0000000000010a07                cfs_read
                0x0000000000010aa5                cfs_write
                0x0000000000010b82                cfs_seek
                0x0000000000010c0a                cfs_remove
                0x0000000000010c33                cfs_opendir
                0x0000000000010c3d                cfs_readdir
                0x0000000000010c47                cfs_closedir
 .text          0x0000000000010c56      0x5b3 obj_cooja/mtype358.a(cooja-radio.o)
                0x0000000000010c80                radio_set_channel
                0x0000000000010c95                radio_set_txpower
                0x0000000000010cb5                radio_signal_strength_last
                0x0000000000010cbf                radio_signal_strength_current
                0x0000000000010cc9                radio_LQI
 .text          0x0000000000011209       0xef obj_cooja/mtype358.a(eeprom.o)
                0x0000000000011209                eeprom_init
                0x000000000001120e                eeprom_read
                0x000000000001127e                eeprom_write
 .text          0x00000000000112f8       0x28 obj_cooja/mtype358.a(random.o)
                0x00000000000112f8                random_init
                0x0000000000011313                random_rand
 .text          0x0000000000011320      0x2a1 obj_cooja/mtype358.a(sensors.o)
                0x000000000001135b                sensors_first
                0x0000000000011365                sensors_next
                0x0000000000011382                sensors_changed
                0x00000000000113b1                sensors_find
 .text          0x00000000000115c1      0x2d2 obj_cooja/mtype358.a(dual_conf.o)
                0x00000000000115c1                dual_radio_switch
                0x0000000000011601                dual_radio_change
                0x000000000001163b                sending_in_LR
                0x0000000000011666                dual_radio_received
                0x00000000000116b9                radio_received_is_longrange
                0x0000000000011849                dio_broadcast
                0x0000000000011872                dis_broadcast
 .text          0x0000000000011893       0x8e obj_cooja/mtype358.a(autostart.o)
                0x0000000000011893                autostart_start
                0x00000000000118de                autostart_exit
 .text          0x0000000000011921      0x334 obj_cooja/mtype358.a(ctimer.o)
                0x0000000000011a38                ctimer_init
                0x0000000000011a68                ctimer_set
                0x0000000000011a99                ctimer_set_with_process
                0x0000000000011b15                ctimer_reset
                0x0000000000011b64                ctimer_restart
                0x0000000000011bb3                ctimer_stop
                0x0000000000011bfe                ctimer_expired
 .text          0x0000000000011c55      0x40b obj_cooja/mtype358.a(etimer.o)
                0x0000000000011e68                etimer_request_poll
                0x0000000000011eec                etimer_set
                0x0000000000011f11                etimer_reset_with_new_interval
                0x0000000000011f38                etimer_reset
                0x0000000000011f56                etimer_restart
                0x0000000000011f74                etimer_adjust
                0x0000000000011f90                etimer_expired
                0x0000000000011fa3                etimer_expiration_time
                0x0000000000011fb5                etimer_start_time
                0x0000000000011fbf                etimer_pending
                0x0000000000011fd1                etimer_next_expiration_time
                0x0000000000011feb                etimer_stop
 .text          0x0000000000012060      0x560 obj_cooja/mtype358.a(process.o)
                0x0000000000012060                process_alloc_event
                0x0000000000012075                process_start
                0x000000000001225e                process_exit
                0x000000000001227a                process_init
                0x000000000001244b                process_run
                0x000000000001247e                process_nevents
                0x0000000000012499                process_post
                0x0000000000012545                process_post_synch
                0x000000000001257d                process_poll
                0x00000000000125ac                process_is_running
 .text          0x00000000000125c0       0xba obj_cooja/mtype358.a(rtimer.o)
                0x00000000000125c0                rtimer_init
                0x00000000000125cd                rtimer_set
                0x0000000000012624                rtimer_run_next
 .text          0x000000000001267a       0xa3 obj_cooja/mtype358.a(stimer.o)
                0x000000000001267a                stimer_set
                0x0000000000012695                stimer_reset
                0x00000000000126ac                stimer_restart
                0x00000000000126be                stimer_expired
                0x00000000000126e5                stimer_remaining
                0x0000000000012709                stimer_elapsed
 .text          0x000000000001271d       0x91 obj_cooja/mtype358.a(timer.o)
                0x000000000001271d                timer_set
                0x0000000000012738                timer_reset
                0x000000000001274f                timer_restart
                0x0000000000012761                timer_expired
                0x000000000001278a                timer_remaining
 .text          0x00000000000127ae      0x1fb obj_cooja/mtype358.a(serial-line.o)
                0x00000000000127ae                serial_line_input_byte
                0x0000000000012971                serial_line_init
 .text          0x00000000000129a9      0x244 obj_cooja/mtype358.a(list.o)
                0x00000000000129a9                list_init
                0x00000000000129b7                list_head
                0x00000000000129c1                list_copy
                0x00000000000129d0                list_tail
                0x0000000000012a06                list_add
                0x0000000000012a4f                list_push
                0x0000000000012a7b                list_chop
                0x0000000000012ae5                list_pop
                0x0000000000012b0d                list_remove
                0x0000000000012b74                list_length
                0x0000000000012ba2                list_insert
                0x0000000000012bd6                list_item_next
 .text          0x0000000000012bed      0x155 obj_cooja/mtype358.a(ringbuf.o)
                0x0000000000012bed                ringbuf_init
                0x0000000000012c1e                ringbuf_put
                0x0000000000012c9c                ringbuf_get
                0x0000000000012d09                ringbuf_size
                0x0000000000012d1b                ringbuf_elements
 .text          0x0000000000012d42     0x258b obj_cooja/mtype358.a(sicslowpan.o)
                0x00000000000132cc                rime_sniffer_add
                0x00000000000132d9                rime_sniffer_remove
                0x000000000001526c                sicslowpan_init
                0x00000000000152c3                sicslowpan_get_last_rssi
 .text          0x00000000000152cd      0x2dc obj_cooja/mtype358.a(uip-ds6-nbr.o)
                0x00000000000152ea                uip_ds6_neighbors_init
                0x0000000000015307                uip_ds6_nbr_add
                0x00000000000153b8                uip_ds6_nbr_rm
                0x0000000000015415                uip_ds6_nbr_get_ipaddr
                0x000000000001542a                uip_ds6_nbr_get_ll
                0x0000000000015446                uip_ds6_nbr_num
                0x000000000001548b                uip_ds6_nbr_lookup
                0x00000000000154f0                uip_ds6_nbr_ll_lookup
                0x000000000001550c                uip_ds6_nbr_ipaddr_from_lladdr
                0x0000000000015532                uip_ds6_nbr_lladdr_from_ipaddr
                0x0000000000015560                uip_ds6_link_neighbor_callback
 .text          0x00000000000155a9      0x916 obj_cooja/mtype358.a(uip-ds6-route.o)
                0x0000000000015620                uip_ds6_notification_add
                0x0000000000015651                uip_ds6_notification_rm
                0x000000000001566d                uip_ds6_route_init
                0x00000000000156f5                uip_ds6_route_nexthop
                0x000000000001571d                uip_ds6_route_head
                0x0000000000015732                uip_ds6_route_next
                0x0000000000015758                uip_ds6_route_is_nexthop
                0x0000000000015797                uip_ds6_route_num_routes
                0x00000000000157a1                uip_ds6_route_lookup
                0x0000000000015863                uip_ds6_route_add
                0x0000000000015a97                uip_ds6_route_rm
                0x0000000000015c2b                uip_ds6_route_rm_by_nexthop
                0x0000000000015c63                uip_ds6_defrt_add
                0x0000000000015d14                uip_ds6_defrt_rm
                0x0000000000015d93                uip_ds6_defrt_lookup
                0x0000000000015dec                uip_ds6_defrt_choose
                0x0000000000015e57                uip_ds6_defrt_periodic
 .text          0x0000000000015ebf     0x12ad obj_cooja/mtype358.a(uip-ds6.o)
                0x0000000000015ebf                uip_ds6_init
                0x0000000000016214                uip_ds6_periodic
                0x00000000000162ec                uip_ds6_list_loop
                0x0000000000016393                uip_ds6_prefix_add
                0x0000000000016451                uip_ds6_prefix_rm
                0x0000000000016463                uip_ds6_prefix_lookup
                0x00000000000164b4                uip_ds6_is_addr_onlink
                0x0000000000016528                uip_ds6_addr_add
                0x0000000000016656                uip_ds6_long_addr_add
                0x0000000000016784                uip_ds6_addr_rm
                0x0000000000016824                uip_ds6_addr_lookup
                0x000000000001686f                uip_ds6_long_addr_lookup
                0x00000000000168ba                uip_ds6_get_link_local
                0x0000000000016939                uip_ds6_long_get_link_local
                0x00000000000169b8                uip_ds6_get_global
                0x0000000000016a37                uip_ds6_long_get_global
                0x0000000000016ab6                uip_ds6_maddr_add
                0x0000000000016b28                uip_ds6_long_maddr_add
                0x0000000000016b9a                uip_ds6_maddr_rm
                0x0000000000016bac                uip_ds6_maddr_lookup
                0x0000000000016bf7                uip_ds6_long_maddr_lookup
                0x0000000000016c42                uip_ds6_aaddr_add
                0x0000000000016cb4                uip_ds6_long_aaddr_add
                0x0000000000016d26                uip_ds6_aaddr_rm
                0x0000000000016d38                uip_ds6_aaddr_lookup
                0x0000000000016d83                uip_ds6_long_aaddr_lookup
                0x0000000000016dce                uip_ds6_select_src
                0x0000000000017057                uip_ds6_set_addr_iid
                0x000000000001708e                get_match_length
                0x0000000000017120                uip_ds6_compute_reachable_time
 .text          0x000000000001716c     0x29f3 obj_cooja/mtype358.a(uip6.o)
                0x000000000001716c                uip_add32
                0x0000000000017305                uip_chksum
                0x00000000000173f3                uip_icmp6chksum
                0x0000000000017407                uip_tcpchksum
                0x000000000001741b                uip_udpchksum
                0x000000000001742f                uip_init
                0x00000000000174ff                uip_connect
                0x00000000000176ae                remove_ext_hdr
                0x0000000000017783                uip_udp_new
                0x00000000000178df                uip_unlisten
                0x000000000001793f                uip_listen
                0x0000000000017c01                uip_process
                0x0000000000019a53                uip_htons
                0x0000000000019a75                uip_htonl
                0x0000000000019ab5                uip_send
 .text          0x0000000000019b5f      0xa66 obj_cooja/mtype358.a(tcpip.o)
                0x0000000000019b5f                tcpip_output
                0x0000000000019b8d                tcpip_set_outputfunc
                0x0000000000019c21                tcp_connect
                0x0000000000019c76                tcp_unlisten
                0x0000000000019cd1                tcp_listen
                0x0000000000019d2a                tcp_attach
                0x0000000000019d4f                udp_attach
                0x0000000000019d74                udp_new
                0x0000000000019dc6                udp_broadcast_new
                0x000000000001a03a                tcpip_input
                0x000000000001a06e                tcpip_ipv6_output
                0x000000000001a40b                tcpip_poll_udp
                0x000000000001a42e                tcpip_poll_tcp
                0x000000000001a451                tcpip_uipcall
 .text          0x000000000001a5c5      0x1c1 obj_cooja/mtype358.a(uip-debug.o)
                0x000000000001a5c5                uip_debug_ipaddr_print
                0x000000000001a727                uip_debug_lladdr_print
 .text          0x000000000001a786      0x141 obj_cooja/mtype358.a(uip-packetqueue)
                0x000000000001a7b2                uip_packetqueue_new
                0x000000000001a7c0                uip_packetqueue_alloc
                0x000000000001a820                uip_packetqueue_free
                0x000000000001a861                uip_packetqueue_buf
                0x000000000001a87e                uip_packetqueue_buflen
                0x000000000001a89f                uip_packetqueue_set_buflen
 .text          0x000000000001a8c7      0x131 obj_cooja/mtype358.a(uip-udp-packet.)
                0x000000000001a8c7                uip_udp_packet_send
                0x000000000001a927                uip_udp_packet_sendto
 .text          0x000000000001a9f8     0x239b obj_cooja/mtype358.a(rpl-dag.o)
                0x000000000001a9f8                rpl_print_neighbor_list
                0x000000000001abcd                rpl_get_nbr
                0x000000000001ac27                rpl_dag_init
                0x000000000001ac44                rpl_get_parent
                0x000000000001ac66                rpl_get_parent_rank
                0x000000000001ac99                rpl_get_parent_link_metric
                0x000000000001accc                rpl_get_parent_ipaddr
                0x000000000001afcf                rpl_set_root
                0x000000000001b1f6                rpl_repair_root
                0x000000000001b432                rpl_set_prefix
                0x000000000001b531                rpl_set_default_route
                0x000000000001b5bd                rpl_alloc_instance
                0x000000000001b650                rpl_alloc_dag
                0x000000000001b701                rpl_set_default_instance
                0x000000000001b70e                rpl_get_default_instance
                0x000000000001b718                rpl_free_instance
                0x000000000001b7c7                rpl_free_dag
                0x000000000001b82d                rpl_add_parent
                0x000000000001b903                rpl_find_parent
                0x000000000001b95b                rpl_find_parent_any_dag
                0x000000000001b997                rpl_select_dag
                0x000000000001bd2d                rpl_select_parent
                0x000000000001bd8f                rpl_remove_parent
                0x000000000001bdb6                rpl_nullify_parent
                0x000000000001be54                rpl_move_parent
                0x000000000001bef1                rpl_has_downward_route
                0x000000000001bf44                rpl_get_any_dag
                0x000000000001bfa6                rpl_get_instance
                0x000000000001c009                rpl_find_of
                0x000000000001c046                rpl_join_instance
                0x000000000001c2c1                rpl_add_dag
                0x000000000001c6b0                rpl_local_repair
                0x000000000001c774                rpl_recalculate_ranks
                0x000000000001c7fa                rpl_process_parent_event
                0x000000000001c8ac                rpl_process_dio
 .text          0x000000000001cd93      0xbf3 obj_cooja/mtype358.a(rpl-ext-header.)
                0x000000000001cdb0                rpl_verify_header
                0x000000000001d22a                rpl_update_header_empty
                0x000000000001d541                rpl_update_header_final
                0x000000000001d6d0                rpl_remove_header
                0x000000000001d7da                rpl_invert_header
                0x000000000001d964                rpl_insert_header
 .text          0x000000000001d986     0x24d9 obj_cooja/mtype358.a(rpl-icmp6.o)
                0x000000000001dbe5                rpl_icmp6_update_nbr_table
                0x000000000001ddb2                dis_output
                0x000000000001e6fb                dio_output
                0x000000000001f92f                dao_output
                0x000000000001f9f6                dao_output_target
                0x000000000001fe13                dao_ack_output
                0x000000000001fe27                rpl_icmp6_register_handlers
 .text          0x000000000001fe5f      0x360 obj_cooja/mtype358.a(rpl-jkof.o)
 .text          0x00000000000201bf      0x7b3 obj_cooja/mtype358.a(rpl-timers.o)
                0x0000000000020405                rpl_reset_periodic_timer
                0x000000000002045a                rpl_reset_dio_timer
                0x0000000000020694                rpl_schedule_dao
                0x00000000000206af                rpl_schedule_dao_immediately
                0x00000000000206ca                rpl_cancel_dao
                0x000000000002072c                rpl_schedule_unicast_dio_immediately
                0x000000000002091a                rpl_schedule_probing
 .text          0x0000000000020972      0x59b obj_cooja/mtype358.a(rpl.o)
                0x0000000000020972                rpl_get_mode
                0x000000000002097c                rpl_set_mode
                0x0000000000020a0a                rpl_purge_routes
                0x0000000000020b04                rpl_remove_routes
                0x0000000000020b4a                rpl_remove_routes_by_nexthop
                0x0000000000020bb6                rpl_add_route
                0x0000000000020c31                rpl_link_neighbor_callback
                0x0000000000020d36                rpl_ipv6_neighbor_callback
                0x0000000000020da5                rpl_purge_dags
                0x0000000000020e87                rpl_init
 .text          0x0000000000020f0d      0x3f5 obj_cooja/mtype358.a(framer-802154.o)
 .text          0x0000000000021302       0x5e obj_cooja/mtype358.a(nullmac.o)
 .text          0x0000000000021360      0x74e obj_cooja/mtype358.a(nullrdc.o)
 .text          0x0000000000021aae       0x82 obj_cooja/mtype358.a(linkaddr.o)
                0x0000000000021aae                linkaddr_copy
                0x0000000000021ad0                linkaddr_cmp
                0x0000000000021afa                linkaddr_set_node_addr
                0x0000000000021b15                linkaddr_set_node_long_addr
 .text          0x0000000000021b30      0x88c obj_cooja/mtype358.a(nbr-table.o)
                0x0000000000021b30                lladdr_map_add_lr
                0x0000000000021bed                lladdr_map_rm_lr
                0x00000000000220b2                nbr_table_register
                0x00000000000220fa                nbr_table_head
                0x0000000000022156                nbr_table_next
                0x00000000000221bd                nbr_table_add_lladdr
                0x0000000000022299                nbr_table_get_from_lladdr
                0x00000000000222e6                nbr_table_remove
                0x0000000000022338                nbr_table_lock
                0x0000000000022362                nbr_table_unlock
                0x000000000002238c                nbr_table_get_lladdr
 .text          0x00000000000223bc       0x2b obj_cooja/mtype358.a(netstack.o)
                0x00000000000223bc                netstack_init
 .text          0x00000000000223e7      0x3cd obj_cooja/mtype358.a(packetbuf.o)
                0x00000000000223e7                packetbuf_clear
                0x0000000000022411                packetbuf_copyfrom
                0x0000000000022463                packetbuf_compact
                0x00000000000224e0                packetbuf_copyto
                0x0000000000022577                packetbuf_hdralloc
                0x00000000000225f4                packetbuf_hdrreduce
                0x000000000002263c                packetbuf_set_datalen
                0x0000000000022655                packetbuf_dataptr
                0x0000000000022672                packetbuf_hdrptr
                0x000000000002267c                packetbuf_datalen
                0x0000000000022688                packetbuf_hdrlen
                0x000000000002269f                packetbuf_totlen
                0x00000000000226b5                packetbuf_attr_clear
                0x0000000000022707                packetbuf_attr_copyto
                0x0000000000022750                packetbuf_attr_copyfrom
                0x0000000000022798                packetbuf_holds_broadcast
 .text          0x00000000000227b4      0x2b4 obj_cooja/mtype358.a(queuebuf.o)
                0x00000000000227be                queuebuf_init
                0x00000000000227de                queuebuf_numfree
                0x00000000000227f2                queuebuf_new_from_packetbuf
                0x0000000000022882                queuebuf_update_attr_from_packetbuf
                0x00000000000228b5                queuebuf_update_from_packetbuf
                0x00000000000228ff                queuebuf_free
                0x0000000000022946                queuebuf_to_packetbuf
                0x00000000000229ac                queuebuf_dataptr
                0x00000000000229e3                queuebuf_datalen
                0x0000000000022a06                queuebuf_addr
                0x0000000000022a38                queuebuf_attr
                0x0000000000022a63                queuebuf_debug_print
 .text          0x0000000000022a68       0x6e obj_cooja/mtype358.a(nullsec.o)
 .text          0x0000000000022ad6       0x19 obj_cooja/mtype358.a(watchdog.o)
                0x0000000000022ad6                watchdog_init
                0x0000000000022adb                watchdog_start
                0x0000000000022ae0                watchdog_periodic
                0x0000000000022ae5                watchdog_stop
                0x0000000000022aea                watchdog_reboot
 .text          0x0000000000022aef        0x0 obj_cooja/mtype358.a(rimestats.o)
 .text          0x0000000000022aef      0x1c1 obj_cooja/mtype358.a(memb.o)
                0x0000000000022aef                memb_init
                0x0000000000022b4d                memb_alloc
                0x0000000000022bb2                memb_free
                0x0000000000022c2d                memb_inmemb
                0x0000000000022c6c                memb_numfree
 .text          0x0000000000022cb0      0xab2 obj_cooja/mtype358.a(uip-icmp6.o)
                0x0000000000022d1e                uip_icmp6_input
                0x0000000000022d74                uip_icmp6_register_input_handler
                0x000000000002303c                uip_icmp6_error_output
                0x0000000000023381                uip_icmp6_send
                0x00000000000236f5                uip_icmp6_echo_reply_callback_add
                0x0000000000023726                uip_icmp6_echo_reply_callback_rm
                0x0000000000023742                uip_icmp6_init
 .text          0x0000000000023762      0x358 obj_cooja/mtype358.a(uip-nd6.o)
                0x00000000000237b6                uip_nd6_ns_output
                0x0000000000023ab5                uip_nd6_init
 .text          0x0000000000023aba      0x41f obj_cooja/mtype358.a(rpl-nbr-policy.)
                0x0000000000023cf5                find_removable_dis
                0x0000000000023d36                find_removable_dio
                0x0000000000023e26                find_removable_dao
                0x0000000000023e82                rpl_nbr_policy_find_removable
 .text          0x0000000000023ed9      0x97c obj_cooja/mtype358.a(frame802154.o)
                0x0000000000023f0a                frame802154_get_pan_id
                0x0000000000023f16                frame802154_set_pan_id
                0x0000000000023f2f                frame802154_has_panid
                0x000000000002401b                frame802154_check_dest_panid
                0x0000000000024083                frame802154_is_broadcast_addr
                0x00000000000240d0                frame802154_extract_linkaddr
                0x0000000000024310                frame802154_hdrlen
                0x0000000000024361                frame802154_create
                0x000000000002454c                frame802154_parse
 .text          0x0000000000024855      0x181 obj_cooja/mtype358.a(mac-sequence.o)
                0x000000000002488c                mac_sequence_is_duplicate
                0x000000000002490f                mac_sequence_register_seqno
 .text          0x00000000000249d6       0x3c obj_cooja/mtype358.a(mac.o)
                0x00000000000249d6                mac_call_sent_callback
 .text          0x0000000000024a12        0x0 /usr/lib/gcc/i686-linux-gnu/4.8/crtendS.o
 .text          0x0000000000024a12        0x0 /usr/lib/gcc/i686-linux-gnu/4.8/../../../i386-linux-gnu/crtn.o
 *(.gnu.warning)

.fini           0x0000000000024a14       0x14
 *(SORT(.fini))
 .fini          0x0000000000024a14        0xf /usr/lib/gcc/i686-linux-gnu/4.8/../../../i386-linux-gnu/crti.o
                0x0000000000024a14                _fini
 .fini          0x0000000000024a23        0x5 /usr/lib/gcc/i686-linux-gnu/4.8/../../../i386-linux-gnu/crtn.o
                0x0000000000024a28                PROVIDE (__etext, .)
                0x0000000000024a28                PROVIDE (_etext, .)
                0x0000000000024a28                PROVIDE (etext, .)

.rodata         0x0000000000024a40     0x1541
 *(.rodata .rodata.* .gnu.linkonce.r.*)
 .rodata        0x0000000000024a40      0x17e udp-client.co
                0x0000000000024a54                autostart_processes
 *fill*         0x0000000000024bbe        0x2 
 .rodata        0x0000000000024bc0      0x1b6 obj_cooja/mtype358.o
 *fill*         0x0000000000024d76        0x2 
 .rodata        0x0000000000024d78        0x8 obj_cooja/mtype358.a(beep.o)
                0x0000000000024d78                beep_interface
 .rodata        0x0000000000024d80       0x20 obj_cooja/mtype358.a(button-sensor.o)
                0x0000000000024d80                button_interface
                0x0000000000024d90                button_sensor
 .rodata        0x0000000000024da0        0x8 obj_cooja/mtype358.a(leds-arch.o)
                0x0000000000024da0                leds_interface
 .rodata        0x0000000000024da8        0x8 obj_cooja/mtype358.a(moteid.o)
                0x0000000000024da8                moteid_interface
 .rodata        0x0000000000024db0       0x1c obj_cooja/mtype358.a(pir-sensor.o)
                0x0000000000024db0                pir_interface
                0x0000000000024dbc                pir_sensor
 .rodata        0x0000000000024dcc        0xe obj_cooja/mtype358.a(rs232.o)
                0x0000000000024dcc                rs232_interface
 *fill*         0x0000000000024dda        0x2 
 .rodata        0x0000000000024ddc       0x24 obj_cooja/mtype358.a(vib-sensor.o)
                0x0000000000024ddc                vib_interface
                0x0000000000024df0                vib_sensor
 .rodata        0x0000000000024e00        0x8 obj_cooja/mtype358.a(clock.o)
                0x0000000000024e00                clock_interface
 .rodata        0x0000000000024e08        0x8 obj_cooja/mtype358.a(log.o)
                0x0000000000024e08                simlog_interface
 .rodata        0x0000000000024e10       0x2f obj_cooja/mtype358.a(cfs-cooja.o)
                0x0000000000024e10                cfs_interface
 *fill*         0x0000000000024e3f        0x1 
 .rodata        0x0000000000024e40      0x100 obj_cooja/mtype358.a(cooja-radio.o)
                0x0000000000024f00                cooja_radio_driver
                0x0000000000024f38                radio_interface
 .rodata        0x0000000000024f40        0x8 obj_cooja/mtype358.a(eeprom.o)
                0x0000000000024f40                eeprom_interface
 .rodata        0x0000000000024f48        0x8 obj_cooja/mtype358.a(sensors.o)
 .rodata        0x0000000000024f50      0x169 obj_cooja/mtype358.a(dual_conf.o)
 .rodata        0x00000000000250b9        0xf obj_cooja/mtype358.a(ctimer.o)
 .rodata        0x00000000000250c8        0xc obj_cooja/mtype358.a(etimer.o)
 .rodata        0x00000000000250d4        0xe obj_cooja/mtype358.a(serial-line.o)
 *fill*         0x00000000000250e2        0x2 
 .rodata        0x00000000000250e4       0x2c obj_cooja/mtype358.a(sicslowpan.o)
                0x00000000000250e4                unc_llconf
                0x00000000000250e8                unc_ctxconf
                0x00000000000250ec                unc_mxconf
                0x00000000000250f0                llprefix
                0x0000000000025104                sicslowpan_driver
 .rodata        0x0000000000025110      0x13c obj_cooja/mtype358.a(uip6.o)
 .rodata        0x000000000002524c       0x29 obj_cooja/mtype358.a(tcpip.o)
 .rodata        0x0000000000025275       0x3e obj_cooja/mtype358.a(uip-debug.o)
 *fill*         0x00000000000252b3        0x1 
 .rodata        0x00000000000252b4       0x72 obj_cooja/mtype358.a(rpl-dag.o)
 *fill*         0x0000000000025326        0x2 
 .rodata        0x0000000000025328      0x920 obj_cooja/mtype358.a(rpl-icmp6.o)
 .rodata        0x0000000000025c48        0xc obj_cooja/mtype358.a(framer-802154.o)
                0x0000000000025c48                framer_802154
 .rodata        0x0000000000025c54       0x24 obj_cooja/mtype358.a(nullmac.o)
                0x0000000000025c5c                nullmac_driver
 *fill*         0x0000000000025c78        0x8 
 .rodata        0x0000000000025c80      0x160 obj_cooja/mtype358.a(nullrdc.o)
                0x0000000000025dc0                nullrdc_driver
 .rodata        0x0000000000025de0        0x8 obj_cooja/mtype358.a(linkaddr.o)
                0x0000000000025de0                linkaddr_null
 .rodata        0x0000000000025de8       0x18 obj_cooja/mtype358.a(nullsec.o)
                0x0000000000025df0                nullsec_driver
 .rodata        0x0000000000025e00      0x181 obj_cooja/mtype358.a(rpl-nbr-policy.)

.rodata1
 *(.rodata1)

.eh_frame_hdr   0x0000000000025f84     0x12d4
 *(.eh_frame_hdr)
 .eh_frame_hdr  0x0000000000025f84     0x12d4 udp-client.co

.eh_frame       0x0000000000027258     0x4cb8
 *(.eh_frame)
 .eh_frame      0x0000000000027258       0x3c /usr/lib/gcc/i686-linux-gnu/4.8/../../../i386-linux-gnu/crti.o
                                         0x40 (size before relaxing)
 .eh_frame      0x0000000000027294       0xa8 udp-client.co
                                         0xc0 (size before relaxing)
 .eh_frame      0x000000000002733c      0x148 obj_cooja/mtype358.o
                                        0x160 (size before relaxing)
 .eh_frame      0x0000000000027484       0x40 obj_cooja/mtype358.a(simEnvChange.o)
                                         0x58 (size before relaxing)
 .eh_frame      0x00000000000274c4       0xc0 obj_cooja/mtype358.a(cooja_mt.o)
                                         0xd8 (size before relaxing)
 .eh_frame      0x0000000000027584      0x120 obj_cooja/mtype358.a(cooja_mtarch.o)
                                        0x138 (size before relaxing)
 .eh_frame      0x00000000000276a4       0xc0 obj_cooja/mtype358.a(rtimer-arch.o)
                                         0xd8 (size before relaxing)
 .eh_frame      0x0000000000027764      0x160 obj_cooja/mtype358.a(beep.o)
                                        0x178 (size before relaxing)
 .eh_frame      0x00000000000278c4       0xa0 obj_cooja/mtype358.a(button-sensor.o)
                                         0xb8 (size before relaxing)
 .eh_frame      0x0000000000027964       0xa0 obj_cooja/mtype358.a(leds-arch.o)
                                         0xb8 (size before relaxing)
 .eh_frame      0x0000000000027a04       0x40 obj_cooja/mtype358.a(moteid.o)
                                         0x58 (size before relaxing)
 .eh_frame      0x0000000000027a44       0xa0 obj_cooja/mtype358.a(pir-sensor.o)
                                         0xb8 (size before relaxing)
 .eh_frame      0x0000000000027ae4      0x100 obj_cooja/mtype358.a(rs232.o)
                                        0x118 (size before relaxing)
 .eh_frame      0x0000000000027be4       0xa0 obj_cooja/mtype358.a(vib-sensor.o)
                                         0xb8 (size before relaxing)
 .eh_frame      0x0000000000027c84       0xc0 obj_cooja/mtype358.a(clock.o)
                                         0xd8 (size before relaxing)
 .eh_frame      0x0000000000027d44      0x120 obj_cooja/mtype358.a(log.o)
                                        0x138 (size before relaxing)
 .eh_frame      0x0000000000027e64      0x160 obj_cooja/mtype358.a(cfs-cooja.o)
                                        0x178 (size before relaxing)
 .eh_frame      0x0000000000027fc4      0x2e0 obj_cooja/mtype358.a(cooja-radio.o)
                                        0x2f8 (size before relaxing)
 .eh_frame      0x00000000000282a4       0xa0 obj_cooja/mtype358.a(eeprom.o)
                                         0xb8 (size before relaxing)
 .eh_frame      0x0000000000028344       0x40 obj_cooja/mtype358.a(random.o)
                                         0x58 (size before relaxing)
 .eh_frame      0x0000000000028384       0xc0 obj_cooja/mtype358.a(sensors.o)
                                         0xd8 (size before relaxing)
 .eh_frame      0x0000000000028444      0x120 obj_cooja/mtype358.a(dual_conf.o)
                                        0x138 (size before relaxing)
 .eh_frame      0x0000000000028564       0x40 obj_cooja/mtype358.a(autostart.o)
                                         0x58 (size before relaxing)
 .eh_frame      0x00000000000285a4      0x100 obj_cooja/mtype358.a(ctimer.o)
                                        0x118 (size before relaxing)
 .eh_frame      0x00000000000286a4      0x1e0 obj_cooja/mtype358.a(etimer.o)
                                        0x1f8 (size before relaxing)
 .eh_frame      0x0000000000028884      0x1c8 obj_cooja/mtype358.a(process.o)
                                        0x1e0 (size before relaxing)
 .eh_frame      0x0000000000028a4c       0x60 obj_cooja/mtype358.a(rtimer.o)
                                         0x78 (size before relaxing)
 .eh_frame      0x0000000000028aac       0xc4 obj_cooja/mtype358.a(stimer.o)
                                         0xdc (size before relaxing)
 .eh_frame      0x0000000000028b70       0xa4 obj_cooja/mtype358.a(timer.o)
                                         0xbc (size before relaxing)
 .eh_frame      0x0000000000028c14       0x60 obj_cooja/mtype358.a(serial-line.o)
                                         0x78 (size before relaxing)
 .eh_frame      0x0000000000028c74      0x180 obj_cooja/mtype358.a(list.o)
                                        0x198 (size before relaxing)
 .eh_frame      0x0000000000028df4       0xa0 obj_cooja/mtype358.a(ringbuf.o)
                                         0xb8 (size before relaxing)
 .eh_frame      0x0000000000028e94      0x350 obj_cooja/mtype358.a(sicslowpan.o)
                                        0x368 (size before relaxing)
 .eh_frame      0x00000000000291e4      0x180 obj_cooja/mtype358.a(uip-ds6-nbr.o)
                                        0x198 (size before relaxing)
 .eh_frame      0x0000000000029364      0x2a0 obj_cooja/mtype358.a(uip-ds6-route.o)
                                        0x2b8 (size before relaxing)
 .eh_frame      0x0000000000029604      0x3c8 obj_cooja/mtype358.a(uip-ds6.o)
                                        0x3e0 (size before relaxing)
 .eh_frame      0x00000000000299cc      0x27c obj_cooja/mtype358.a(uip6.o)
                                        0x294 (size before relaxing)
 .eh_frame      0x0000000000029c48      0x270 obj_cooja/mtype358.a(tcpip.o)
                                        0x288 (size before relaxing)
 .eh_frame      0x0000000000029eb8       0x48 obj_cooja/mtype358.a(uip-debug.o)
                                         0x60 (size before relaxing)
 .eh_frame      0x0000000000029f00       0xe0 obj_cooja/mtype358.a(uip-packetqueue)
                                         0xf8 (size before relaxing)
 .eh_frame      0x0000000000029fe0       0x40 obj_cooja/mtype358.a(uip-udp-packet.)
                                         0x58 (size before relaxing)
 .eh_frame      0x000000000002a020      0x65c obj_cooja/mtype358.a(rpl-dag.o)
                                        0x674 (size before relaxing)
 .eh_frame      0x000000000002a67c      0x10c obj_cooja/mtype358.a(rpl-ext-header.)
                                        0x124 (size before relaxing)
 .eh_frame      0x000000000002a788      0x288 obj_cooja/mtype358.a(rpl-icmp6.o)
                                        0x2a0 (size before relaxing)
 .eh_frame      0x000000000002aa10       0xec obj_cooja/mtype358.a(rpl-jkof.o)
                                        0x104 (size before relaxing)
 .eh_frame      0x000000000002aafc      0x20c obj_cooja/mtype358.a(rpl-timers.o)
                                        0x224 (size before relaxing)
 .eh_frame      0x000000000002ad08      0x140 obj_cooja/mtype358.a(rpl.o)
                                        0x158 (size before relaxing)
 .eh_frame      0x000000000002ae48      0x108 obj_cooja/mtype358.a(framer-802154.o)
                                        0x120 (size before relaxing)
 .eh_frame      0x000000000002af50       0xc0 obj_cooja/mtype358.a(nullmac.o)
                                         0xd8 (size before relaxing)
 .eh_frame      0x000000000002b010      0x19c obj_cooja/mtype358.a(nullrdc.o)
                                        0x1b4 (size before relaxing)
 .eh_frame      0x000000000002b1ac       0x80 obj_cooja/mtype358.a(linkaddr.o)
                                         0x98 (size before relaxing)
 .eh_frame      0x000000000002b22c      0x2ac obj_cooja/mtype358.a(nbr-table.o)
                                        0x2c4 (size before relaxing)
 .eh_frame      0x000000000002b4d8       0x20 obj_cooja/mtype358.a(netstack.o)
                                         0x38 (size before relaxing)
 .eh_frame      0x000000000002b4f8      0x214 obj_cooja/mtype358.a(packetbuf.o)
                                        0x22c (size before relaxing)
 .eh_frame      0x000000000002b70c      0x1a0 obj_cooja/mtype358.a(queuebuf.o)
                                        0x1b8 (size before relaxing)
 .eh_frame      0x000000000002b8ac       0x80 obj_cooja/mtype358.a(nullsec.o)
                                         0x98 (size before relaxing)
 .eh_frame      0x000000000002b92c       0xa0 obj_cooja/mtype358.a(watchdog.o)
                                         0xb8 (size before relaxing)
 .eh_frame      0x000000000002b9cc       0xa0 obj_cooja/mtype358.a(memb.o)
                                         0xb8 (size before relaxing)
 .eh_frame      0x000000000002ba6c      0x164 obj_cooja/mtype358.a(uip-icmp6.o)
                                        0x17c (size before relaxing)
 .eh_frame      0x000000000002bbd0       0x68 obj_cooja/mtype358.a(uip-nd6.o)
                                         0x80 (size before relaxing)
 .eh_frame      0x000000000002bc38       0xc8 obj_cooja/mtype358.a(rpl-nbr-policy.)
                                         0xe0 (size before relaxing)
 .eh_frame      0x000000000002bd00      0x164 obj_cooja/mtype358.a(frame802154.o)
                                        0x17c (size before relaxing)
 .eh_frame      0x000000000002be64       0x88 obj_cooja/mtype358.a(mac-sequence.o)
                                         0xa0 (size before relaxing)
 .eh_frame      0x000000000002beec       0x20 obj_cooja/mtype358.a(mac.o)
                                         0x38 (size before relaxing)
 .eh_frame      0x000000000002bf0c        0x4 /usr/lib/gcc/i686-linux-gnu/4.8/crtendS.o

.gcc_except_table
 *(.gcc_except_table .gcc_except_table.*)

.exception_ranges
 *(.exception_ranges .exception_ranges*)
                0x000000000002bf10                . = (ALIGN (0x1000) - ((0x1000 - .) & 0xfff))
                0x000000000002cef8                . = DATA_SEGMENT_ALIGN (0x1000, 0x1000)

.eh_frame
 *(.eh_frame)

.gcc_except_table
 *(.gcc_except_table .gcc_except_table.*)

.exception_ranges
 *(.exception_ranges .exception_ranges*)

.tdata
 *(.tdata .tdata.* .gnu.linkonce.td.*)

.tbss
 *(.tbss .tbss.* .gnu.linkonce.tb.*)
 *(.tcommon)

.preinit_array
 *(.preinit_array)

.init_array     0x000000000002cef8        0x4
 *(SORT(.init_array.*) SORT(.ctors.*))
 *(.init_array EXCLUDE_FILE(*crtend?.o *crtend.o *crtbegin?.o *crtbegin.o) .ctors)
 .init_array    0x000000000002cef8        0x4 /usr/lib/gcc/i686-linux-gnu/4.8/crtbeginS.o

.fini_array     0x000000000002cefc        0x4
 *(SORT(.fini_array.*) SORT(.dtors.*))
 *(.fini_array EXCLUDE_FILE(*crtend?.o *crtend.o *crtbegin?.o *crtbegin.o) .dtors)
 .fini_array    0x000000000002cefc        0x4 /usr/lib/gcc/i686-linux-gnu/4.8/crtbeginS.o

.ctors
 *crtbegin.o(.ctors)
 *crtbegin?.o(.ctors)
 *(EXCLUDE_FILE(*crtend?.o *crtend.o) .ctors)
 *(SORT(.ctors.*))
 *(.ctors)

.dtors
 *crtbegin.o(.dtors)
 *crtbegin?.o(.dtors)
 *(EXCLUDE_FILE(*crtend?.o *crtend.o) .dtors)
 *(SORT(.dtors.*))
 *(.dtors)

.jcr            0x000000000002cf00        0x4
 *(.jcr)
 .jcr           0x000000000002cf00        0x0 /usr/lib/gcc/i686-linux-gnu/4.8/crtbeginS.o
 .jcr           0x000000000002cf00        0x4 /usr/lib/gcc/i686-linux-gnu/4.8/crtendS.o

.data.rel.ro
 *(.data.rel.ro.local* .gnu.linkonce.d.rel.ro.local.*)
 *(.data.rel.ro .data.rel.ro.* .gnu.linkonce.d.rel.ro.*)

.dynamic        0x000000000002cf04       0xe8
 *(.dynamic)
 .dynamic       0x000000000002cf04       0xe8 /usr/lib/gcc/i686-linux-gnu/4.8/../../../i386-linux-gnu/crti.o
                0x000000000002cf04                _DYNAMIC

.got            0x000000000002cfec       0x14
 *(.got)
 .got           0x000000000002cfec       0x14 /usr/lib/gcc/i686-linux-gnu/4.8/../../../i386-linux-gnu/crti.o
 *(.igot)
                0x000000000002dff4                . = DATA_SEGMENT_RELRO_END (., (SIZEOF (.got.plt) >= 0xc)?0xc:0x0)

.got.plt        0x000000000002d000       0x14
 *(.got.plt)
 .got.plt       0x000000000002d000       0x14 /usr/lib/gcc/i686-linux-gnu/4.8/../../../i386-linux-gnu/crti.o
                0x000000000002d000                _GLOBAL_OFFSET_TABLE_
 *(.igot.plt)

.data           0x000000000002d020      0x232
 *(.data .data.* .gnu.linkonce.d.*)
 .data          0x000000000002d020        0x0 /usr/lib/gcc/i686-linux-gnu/4.8/../../../i386-linux-gnu/crti.o
 .data          0x000000000002d020        0x0 /usr/lib/gcc/i686-linux-gnu/4.8/crtbeginS.o
 .data.rel      0x000000000002d020        0x4 /usr/lib/gcc/i686-linux-gnu/4.8/crtbeginS.o
                0x000000000002d020                __dso_handle
 .data          0x000000000002d024       0x10 udp-client.co
                0x000000000002d024                udp_client_process
 *fill*         0x000000000002d034        0xc 
 .data          0x000000000002d040       0x44 obj_cooja/mtype358.o
                0x000000000002d040                simInterfaces
                0x000000000002d074                sensors
 .data          0x000000000002d084        0x0 obj_cooja/mtype358.a(simEnvChange.o)
 .data          0x000000000002d084        0x0 obj_cooja/mtype358.a(cooja_mt.o)
 .data          0x000000000002d084        0x0 obj_cooja/mtype358.a(cooja_mtarch.o)
 .data          0x000000000002d084        0x0 obj_cooja/mtype358.a(rtimer-arch.o)
 .data          0x000000000002d084        0x0 obj_cooja/mtype358.a(beep.o)
 .data          0x000000000002d084        0x0 obj_cooja/mtype358.a(button-sensor.o)
 .data          0x000000000002d084        0x0 obj_cooja/mtype358.a(leds-arch.o)
 .data          0x000000000002d084        0x0 obj_cooja/mtype358.a(moteid.o)
 .data          0x000000000002d084        0x0 obj_cooja/mtype358.a(pir-sensor.o)
 .data          0x000000000002d084        0x0 obj_cooja/mtype358.a(rs232.o)
 .data          0x000000000002d084        0x0 obj_cooja/mtype358.a(vib-sensor.o)
 .data          0x000000000002d084        0x0 obj_cooja/mtype358.a(clock.o)
 .data          0x000000000002d084        0x0 obj_cooja/mtype358.a(log.o)
 .data          0x000000000002d084        0x0 obj_cooja/mtype358.a(cfs-cooja.o)
 .data          0x000000000002d084       0x38 obj_cooja/mtype358.a(cooja-radio.o)
                0x000000000002d084                simRadioChannel
                0x000000000002d088                simRadioChannelLR
                0x000000000002d08c                simRadioHWOn
                0x000000000002d08d                simRadioHWOnLR
                0x000000000002d090                simSignalStrength
                0x000000000002d094                simSignalStrengthLR
                0x000000000002d098                simLastSignalStrength
                0x000000000002d09c                simLastSignalStrengthLR
                0x000000000002d0a0                simPower
                0x000000000002d0a1                simPowerLR
                0x000000000002d0a4                simLQI
                0x000000000002d0a8                simLQILR
                0x000000000002d0ac                cooja_radio_process
 .data          0x000000000002d0bc        0x0 obj_cooja/mtype358.a(eeprom.o)
 .data          0x000000000002d0bc        0x0 obj_cooja/mtype358.a(random.o)
 .data          0x000000000002d0bc       0x10 obj_cooja/mtype358.a(sensors.o)
                0x000000000002d0bc                sensors_process
 .data          0x000000000002d0cc       0x24 obj_cooja/mtype358.a(dual_conf.o)
                0x000000000002d0cc                radio_received
                0x000000000002d0d0                dual_dio_broadcast
                0x000000000002d0e0                dual_dis_broadcast
 .data          0x000000000002d0f0        0x0 obj_cooja/mtype358.a(autostart.o)
 .data          0x000000000002d0f0       0x14 obj_cooja/mtype358.a(ctimer.o)
                0x000000000002d0f4                ctimer_process
 .data          0x000000000002d104       0x10 obj_cooja/mtype358.a(etimer.o)
                0x000000000002d104                etimer_process
 .data          0x000000000002d114        0x0 obj_cooja/mtype358.a(process.o)
 .data          0x000000000002d114        0x0 obj_cooja/mtype358.a(rtimer.o)
 .data          0x000000000002d114        0x0 obj_cooja/mtype358.a(stimer.o)
 .data          0x000000000002d114        0x0 obj_cooja/mtype358.a(timer.o)
 .data          0x000000000002d114       0x10 obj_cooja/mtype358.a(serial-line.o)
                0x000000000002d114                serial_line_process
 .data          0x000000000002d124        0x0 obj_cooja/mtype358.a(list.o)
 .data          0x000000000002d124        0x0 obj_cooja/mtype358.a(ringbuf.o)
 .data          0x000000000002d124        0x0 obj_cooja/mtype358.a(sicslowpan.o)
 .data          0x000000000002d124       0x14 obj_cooja/mtype358.a(uip-ds6-nbr.o)
                0x000000000002d134                ds6_neighbors
 .data          0x000000000002d138       0x44 obj_cooja/mtype358.a(uip-ds6-route.o)
                0x000000000002d148                nbr_routes
 .data          0x000000000002d17c        0x0 obj_cooja/mtype358.a(uip-ds6.o)
 .data          0x000000000002d17c        0x0 obj_cooja/mtype358.a(uip6.o)
 .data          0x000000000002d17c       0x10 obj_cooja/mtype358.a(tcpip.o)
                0x000000000002d17c                tcpip_process
 .data          0x000000000002d18c        0x0 obj_cooja/mtype358.a(uip-debug.o)
 .data          0x000000000002d18c        0xc obj_cooja/mtype358.a(uip-packetqueue)
 .data          0x000000000002d198        0x0 obj_cooja/mtype358.a(uip-udp-packet.)
 .data          0x000000000002d198       0x14 obj_cooja/mtype358.a(rpl-dag.o)
                0x000000000002d1a8                rpl_parents
 .data          0x000000000002d1ac        0x0 obj_cooja/mtype358.a(rpl-ext-header.)
 .data          0x000000000002d1ac       0x34 obj_cooja/mtype358.a(rpl-icmp6.o)
 .data          0x000000000002d1e0       0x20 obj_cooja/mtype358.a(rpl-jkof.o)
                0x000000000002d1e4                rpl_jkof
 .data          0x000000000002d200        0x0 obj_cooja/mtype358.a(rpl-timers.o)
 .data          0x000000000002d200        0x0 obj_cooja/mtype358.a(rpl.o)
 .data          0x000000000002d200        0x0 obj_cooja/mtype358.a(framer-802154.o)
 .data          0x000000000002d200        0x0 obj_cooja/mtype358.a(nullmac.o)
 .data          0x000000000002d200        0x2 obj_cooja/mtype358.a(nullrdc.o)
 .data          0x000000000002d202        0x0 obj_cooja/mtype358.a(linkaddr.o)
 *fill*         0x000000000002d202        0x2 
 .data          0x000000000002d204       0x10 obj_cooja/mtype358.a(nbr-table.o)
 .data          0x000000000002d214        0x0 obj_cooja/mtype358.a(netstack.o)
 .data          0x000000000002d214        0x4 obj_cooja/mtype358.a(packetbuf.o)
 .data          0x000000000002d218       0x18 obj_cooja/mtype358.a(queuebuf.o)
 .data          0x000000000002d230        0x0 obj_cooja/mtype358.a(nullsec.o)
 .data          0x000000000002d230        0x0 obj_cooja/mtype358.a(watchdog.o)
 .data          0x000000000002d230        0x0 obj_cooja/mtype358.a(rimestats.o)
 .data          0x000000000002d230        0x0 obj_cooja/mtype358.a(memb.o)
 .data          0x000000000002d230       0x20 obj_cooja/mtype358.a(uip-icmp6.o)
 .data          0x000000000002d250        0x0 obj_cooja/mtype358.a(uip-nd6.o)
 .data          0x000000000002d250        0x0 obj_cooja/mtype358.a(rpl-nbr-policy.)
 .data          0x000000000002d250        0x2 obj_cooja/mtype358.a(frame802154.o)
 .data          0x000000000002d252        0x0 obj_cooja/mtype358.a(mac-sequence.o)
 .data          0x000000000002d252        0x0 obj_cooja/mtype358.a(mac.o)
 .data          0x000000000002d252        0x0 /usr/lib/gcc/i686-linux-gnu/4.8/crtendS.o
 .data          0x000000000002d252        0x0 /usr/lib/gcc/i686-linux-gnu/4.8/../../../i386-linux-gnu/crtn.o

.tm_clone_table
                0x000000000002d254        0x0
 .tm_clone_table
                0x000000000002d254        0x0 /usr/lib/gcc/i686-linux-gnu/4.8/crtbeginS.o
 .tm_clone_table
                0x000000000002d254        0x0 /usr/lib/gcc/i686-linux-gnu/4.8/crtendS.o

.data1
 *(.data1)
                0x000000000002d254                _edata = .
                0x000000000002d254                PROVIDE (edata, .)
                0x000000000002d254                . = .
                0x000000000002d254                __bss_start = .

.bss            0x000000000002d260     0x8388
 *(.dynbss)
 .dynbss        0x0000000000000000        0x0 /usr/lib/gcc/i686-linux-gnu/4.8/../../../i386-linux-gnu/crti.o
 *(.bss .bss.* .gnu.linkonce.b.*)
 .bss           0x000000000002d260        0x0 /usr/lib/gcc/i686-linux-gnu/4.8/../../../i386-linux-gnu/crti.o
 .bss           0x000000000002d260        0x1 /usr/lib/gcc/i686-linux-gnu/4.8/crtbeginS.o
 *fill*         0x000000000002d261       0x1f 
 .bss           0x000000000002d280       0x60 udp-client.co
 .bss           0x000000000002d2e0     0x2030 obj_cooja/mtype358.o
 .bss           0x000000000002f310        0x1 obj_cooja/mtype358.a(simEnvChange.o)
                0x000000000002f310                simDontFallAsleep
 *fill*         0x000000000002f311        0x3 
 .bss           0x000000000002f314        0x4 obj_cooja/mtype358.a(cooja_mt.o)
 .bss           0x000000000002f318        0x4 obj_cooja/mtype358.a(cooja_mtarch.o)
 .bss           0x000000000002f31c        0xc obj_cooja/mtype358.a(rtimer-arch.o)
 .bss           0x000000000002f328        0x0 obj_cooja/mtype358.a(beep.o)
 .bss           0x000000000002f328        0x8 obj_cooja/mtype358.a(button-sensor.o)
 .bss           0x000000000002f330        0x0 obj_cooja/mtype358.a(leds-arch.o)
 .bss           0x000000000002f330        0x0 obj_cooja/mtype358.a(moteid.o)
 .bss           0x000000000002f330        0x1 obj_cooja/mtype358.a(pir-sensor.o)
                0x000000000002f330                simPirValue
 *fill*         0x000000000002f331        0x3 
 .bss           0x000000000002f334        0x4 obj_cooja/mtype358.a(rs232.o)
 .bss           0x000000000002f338        0x1 obj_cooja/mtype358.a(vib-sensor.o)
                0x000000000002f338                simVibValue
 .bss           0x000000000002f339        0x0 obj_cooja/mtype358.a(clock.o)
 *fill*         0x000000000002f339        0x7 
 .bss           0x000000000002f340      0x420 obj_cooja/mtype358.a(log.o)
 .bss           0x000000000002f760      0xfc0 obj_cooja/mtype358.a(cfs-cooja.o)
                0x000000000002f760                simCFSData
                0x0000000000030700                simCFSSize
                0x0000000000030704                simCFSChanged
                0x0000000000030708                simCFSRead
                0x000000000003070c                simCFSWritten
 .bss           0x0000000000030720       0x20 obj_cooja/mtype358.a(cooja-radio.o)
                0x0000000000030720                simReceiving
                0x0000000000030721                simReceivingLR
                0x0000000000030724                simInSize
                0x0000000000030728                simInSizeLR
                0x000000000003072c                simOutSize
                0x0000000000030730                simOutSizeLR
                0x0000000000030734                LongRangeTransmit
                0x0000000000030738                LongRangeReceiving
 .bss           0x0000000000030740        0xc obj_cooja/mtype358.a(eeprom.o)
                0x0000000000030740                simEEPROMChanged
                0x0000000000030744                simEEPROMRead
                0x0000000000030748                simEEPROMWritten
 .bss           0x000000000003074c        0x0 obj_cooja/mtype358.a(random.o)
 .bss           0x000000000003074c        0xc obj_cooja/mtype358.a(sensors.o)
 .bss           0x0000000000030758       0x28 obj_cooja/mtype358.a(dual_conf.o)
                0x0000000000030758                long_range_radio
 .bss           0x0000000000030780        0x0 obj_cooja/mtype358.a(autostart.o)
 .bss           0x0000000000030780        0x5 obj_cooja/mtype358.a(ctimer.o)
 *fill*         0x0000000000030785        0x3 
 .bss           0x0000000000030788        0x8 obj_cooja/mtype358.a(etimer.o)
 *fill*         0x0000000000030790       0x10 
 .bss           0x00000000000307a0      0x1b1 obj_cooja/mtype358.a(process.o)
                0x00000000000307a0                process_list
                0x00000000000307a4                process_current
 *fill*         0x0000000000030951        0x3 
 .bss           0x0000000000030954        0x4 obj_cooja/mtype358.a(rtimer.o)
 .bss           0x0000000000030958        0x0 obj_cooja/mtype358.a(stimer.o)
 .bss           0x0000000000030958        0x0 obj_cooja/mtype358.a(timer.o)
 *fill*         0x0000000000030958        0x8 
 .bss           0x0000000000030960      0x140 obj_cooja/mtype358.a(serial-line.o)
 .bss           0x0000000000030aa0        0x0 obj_cooja/mtype358.a(list.o)
 .bss           0x0000000000030aa0        0x0 obj_cooja/mtype358.a(ringbuf.o)
 .bss           0x0000000000030aa0      0x70c obj_cooja/mtype358.a(sicslowpan.o)
 *fill*         0x00000000000311ac       0x14 
 .bss           0x00000000000311c0      0x1e0 obj_cooja/mtype358.a(uip-ds6-nbr.o)
 .bss           0x00000000000313a0      0x308 obj_cooja/mtype358.a(uip-ds6-route.o)
 .bss           0x00000000000316a8       0x30 obj_cooja/mtype358.a(uip-ds6.o)
 .bss           0x00000000000316d8        0xe obj_cooja/mtype358.a(uip6.o)
                0x00000000000316d8                uip_ext_bitmap
                0x00000000000316d9                uip_ext_len
                0x00000000000316da                uip_ext_opt_offset
 *fill*         0x00000000000316e6       0x1a 
 .bss           0x0000000000031700       0x6a obj_cooja/mtype358.a(tcpip.o)
 .bss           0x000000000003176a        0x0 obj_cooja/mtype358.a(uip-debug.o)
 *fill*         0x000000000003176a       0x16 
 .bss           0x0000000000031780      0xcf8 obj_cooja/mtype358.a(uip-packetqueue)
 .bss           0x0000000000032478        0x0 obj_cooja/mtype358.a(uip-udp-packet.)
 *fill*         0x0000000000032478        0x8 
 .bss           0x0000000000032480      0x140 obj_cooja/mtype358.a(rpl-dag.o)
 .bss           0x00000000000325c0        0x0 obj_cooja/mtype358.a(rpl-ext-header.)
 .bss           0x00000000000325c0        0x0 obj_cooja/mtype358.a(rpl-icmp6.o)
 .bss           0x00000000000325c0        0x0 obj_cooja/mtype358.a(rpl-jkof.o)
 .bss           0x00000000000325c0       0x23 obj_cooja/mtype358.a(rpl-timers.o)
 *fill*         0x00000000000325e3        0x1 
 .bss           0x00000000000325e4        0x4 obj_cooja/mtype358.a(rpl.o)
 .bss           0x00000000000325e8        0x2 obj_cooja/mtype358.a(framer-802154.o)
 .bss           0x00000000000325ea        0x0 obj_cooja/mtype358.a(nullmac.o)
 .bss           0x00000000000325ea        0x0 obj_cooja/mtype358.a(nullrdc.o)
 .bss           0x00000000000325ea        0x0 obj_cooja/mtype358.a(linkaddr.o)
 *fill*         0x00000000000325ea       0x16 
 .bss           0x0000000000032600      0x174 obj_cooja/mtype358.a(nbr-table.o)
 .bss           0x0000000000032774        0x0 obj_cooja/mtype358.a(netstack.o)
 *fill*         0x0000000000032774        0xc 
 .bss           0x0000000000032780       0xa0 obj_cooja/mtype358.a(packetbuf.o)
 .bss           0x0000000000032820      0xb80 obj_cooja/mtype358.a(queuebuf.o)
 .bss           0x00000000000333a0        0x0 obj_cooja/mtype358.a(nullsec.o)
 .bss           0x00000000000333a0        0x0 obj_cooja/mtype358.a(watchdog.o)
 .bss           0x00000000000333a0        0x0 obj_cooja/mtype358.a(rimestats.o)
 .bss           0x00000000000333a0        0x0 obj_cooja/mtype358.a(memb.o)
 .bss           0x00000000000333a0       0x18 obj_cooja/mtype358.a(uip-icmp6.o)
 .bss           0x00000000000333b8        0x0 obj_cooja/mtype358.a(uip-nd6.o)
 *fill*         0x00000000000333b8        0x8 
 .bss           0x00000000000333c0       0x44 obj_cooja/mtype358.a(rpl-nbr-policy.)
 .bss           0x0000000000033404        0x0 obj_cooja/mtype358.a(frame802154.o)
 *fill*         0x0000000000033404       0x1c 
 .bss           0x0000000000033420       0x90 obj_cooja/mtype358.a(mac-sequence.o)
 .bss           0x00000000000334b0        0x0 obj_cooja/mtype358.a(mac.o)
 .bss           0x00000000000334b0        0x0 /usr/lib/gcc/i686-linux-gnu/4.8/crtendS.o
 .bss           0x00000000000334b0        0x0 /usr/lib/gcc/i686-linux-gnu/4.8/../../../i386-linux-gnu/crtn.o
 *(COMMON)
 COMMON         0x00000000000334b0        0x8 obj_cooja/mtype358.o
                0x00000000000334b0                referenceVar
                0x00000000000334b4                sensors_flags
 COMMON         0x00000000000334b8        0xc obj_cooja/mtype358.a(simEnvChange.o)
                0x00000000000334b8                simEtimerPending
                0x00000000000334bc                simProcessRunValue
                0x00000000000334c0                simNextExpirationTime
 COMMON         0x00000000000334c4        0x1 obj_cooja/mtype358.a(beep.o)
                0x00000000000334c4                simBeeped
 COMMON         0x00000000000334c5        0x3 obj_cooja/mtype358.a(button-sensor.o)
                0x00000000000334c5                simButtonIsActive
                0x00000000000334c6                simButtonIsDown
                0x00000000000334c7                simButtonChanged
 COMMON         0x00000000000334c8        0x1 obj_cooja/mtype358.a(leds-arch.o)
                0x00000000000334c8                simLedsValue
 *fill*         0x00000000000334c9        0x3 
 COMMON         0x00000000000334cc        0xc obj_cooja/mtype358.a(moteid.o)
                0x00000000000334cc                simRandomSeed
                0x00000000000334d0                simMoteIDChanged
                0x00000000000334d4                simMoteID
 COMMON         0x00000000000334d8        0x2 obj_cooja/mtype358.a(pir-sensor.o)
                0x00000000000334d8                simPirIsActive
                0x00000000000334d9                simPirChanged
 *fill*         0x00000000000334da        0x6 
 COMMON         0x00000000000334e0      0x820 obj_cooja/mtype358.a(rs232.o)
                0x00000000000334e0                simSerialReceivingFlag
                0x00000000000334e4                simSerialReceivingLength
                0x0000000000033500                simSerialReceivingData
 COMMON         0x0000000000033d00        0x2 obj_cooja/mtype358.a(vib-sensor.o)
                0x0000000000033d00                simVibChanged
                0x0000000000033d01                simVibIsActive
 *fill*         0x0000000000033d02        0x2 
 COMMON         0x0000000000033d04        0x4 obj_cooja/mtype358.a(clock.o)
                0x0000000000033d04                simCurrentTime
 *fill*         0x0000000000033d08       0x18 
 COMMON         0x0000000000033d20      0x420 obj_cooja/mtype358.a(log.o)
                0x0000000000033d20                simLoggedLength
                0x0000000000033d24                simLoggedFlag
                0x0000000000033d40                simLoggedData
 COMMON         0x0000000000034140      0x200 obj_cooja/mtype358.a(cooja-radio.o)
                0x0000000000034140                simOutDataBuffer
                0x00000000000341c0                simInDataBufferLR
                0x0000000000034240                simOutDataBufferLR
                0x00000000000342c0                simInDataBuffer
 COMMON         0x0000000000034340      0x400 obj_cooja/mtype358.a(eeprom.o)
                0x0000000000034340                simEEPROMData
 COMMON         0x0000000000034740        0x1 obj_cooja/mtype358.a(sensors.o)
                0x0000000000034740                sensors_event
 COMMON         0x0000000000034741        0x1 obj_cooja/mtype358.a(serial-line.o)
                0x0000000000034741                serial_line_event_message
 *fill*         0x0000000000034742       0x1e 
 COMMON         0x0000000000034760       0xc8 obj_cooja/mtype358.a(uip-ds6-nbr.o)
                0x0000000000034760                ds6_lr_addrmap
 *fill*         0x0000000000034828       0x18 
 COMMON         0x0000000000034840      0x298 obj_cooja/mtype358.a(uip-ds6.o)
                0x0000000000034840                uip_ds6_prefix_list
                0x00000000000348a0                uip_ds6_timer_periodic
                0x00000000000348b0                uip_ds6_netif_addr_list_offset
                0x00000000000348c0                uip_ds6_if
                0x00000000000349b8                uip_ds6_timer_ra
                0x00000000000349c0                uip_ds6_addr_size
                0x00000000000349e0                long_uip_ds6_if
 *fill*         0x0000000000034ad8        0x8 
 COMMON         0x0000000000034ae0      0x8ec obj_cooja/mtype358.a(uip6.o)
                0x0000000000034ae0                uip_slen
                0x0000000000034ae2                uip_acc32
                0x0000000000034b00                uip_conns
                0x0000000000034bc0                uip_lladdr
                0x0000000000034bc8                uip_appdata
                0x0000000000034bcc                uip_flags
                0x0000000000034be0                uip_aligned_buf
                0x0000000000035220                uip_listenports
                0x0000000000035230                uip_len
                0x0000000000035232                uip_long_lladdr
                0x000000000003523c                uip_sappdata
                0x0000000000035240                uip_udp_conns
                0x00000000000353c0                uip_udp_conn
                0x00000000000353c4                uip_next_hdr
                0x00000000000353c8                uip_conn
 COMMON         0x00000000000353cc        0x1 obj_cooja/mtype358.a(tcpip.o)
                0x00000000000353cc                tcpip_event
 *fill*         0x00000000000353cd       0x13 
 COMMON         0x00000000000353e0      0x170 obj_cooja/mtype358.a(rpl-dag.o)
                0x00000000000353e0                default_instance
                0x0000000000035400                instance_table
 COMMON         0x0000000000035550       0x10 obj_cooja/mtype358.a(linkaddr.o)
                0x0000000000035550                linkaddr_node_addr
                0x0000000000035558                long_linkaddr_node_addr
 COMMON         0x0000000000035560       0x2e obj_cooja/mtype358.a(packetbuf.o)
                0x0000000000035560                packetbuf_attrs
                0x000000000003557e                packetbuf_addrs
 *fill*         0x000000000003558e       0x12 
 COMMON         0x00000000000355a0       0x48 obj_cooja/mtype358.a(rimestats.o)
                0x00000000000355a0                rimestats
                0x00000000000355e8                . = ALIGN ((. != 0x0)?0x4:0x1)
                0x00000000000355e8                . = ALIGN (0x4)
                0x00000000000355e8                . = SEGMENT_START ("ldata-segment", .)
                0x00000000000355e8                . = ALIGN (0x4)
                0x00000000000355e8                _end = .
                0x00000000000355e8                PROVIDE (end, .)
                0x00000000000355e8                . = DATA_SEGMENT_END (.)

.stab
 *(.stab)

.stabstr
 *(.stabstr)

.stab.excl
 *(.stab.excl)

.stab.exclstr
 *(.stab.exclstr)

.stab.index
 *(.stab.index)

.stab.indexstr
 *(.stab.indexstr)

.comment        0x0000000000000000       0x2b
 *(.comment)
 .comment       0x0000000000000000       0x2b /usr/lib/gcc/i686-linux-gnu/4.8/crtbeginS.o
                                         0x2c (size before relaxing)
 .comment       0x0000000000000000       0x2c udp-client.co
 .comment       0x0000000000000000       0x2c obj_cooja/mtype358.o
 .comment       0x0000000000000000       0x2c obj_cooja/mtype358.a(simEnvChange.o)
 .comment       0x0000000000000000       0x2c obj_cooja/mtype358.a(cooja_mt.o)
 .comment       0x0000000000000000       0x2c obj_cooja/mtype358.a(cooja_mtarch.o)
 .comment       0x0000000000000000       0x2c obj_cooja/mtype358.a(rtimer-arch.o)
 .comment       0x0000000000000000       0x2c obj_cooja/mtype358.a(beep.o)
 .comment       0x0000000000000000       0x2c obj_cooja/mtype358.a(button-sensor.o)
 .comment       0x0000000000000000       0x2c obj_cooja/mtype358.a(leds-arch.o)
 .comment       0x0000000000000000       0x2c obj_cooja/mtype358.a(moteid.o)
 .comment       0x0000000000000000       0x2c obj_cooja/mtype358.a(pir-sensor.o)
 .comment       0x0000000000000000       0x2c obj_cooja/mtype358.a(rs232.o)
 .comment       0x0000000000000000       0x2c obj_cooja/mtype358.a(vib-sensor.o)
 .comment       0x0000000000000000       0x2c obj_cooja/mtype358.a(clock.o)
 .comment       0x0000000000000000       0x2c obj_cooja/mtype358.a(log.o)
 .comment       0x0000000000000000       0x2c obj_cooja/mtype358.a(cfs-cooja.o)
 .comment       0x0000000000000000       0x2c obj_cooja/mtype358.a(cooja-radio.o)
 .comment       0x0000000000000000       0x2c obj_cooja/mtype358.a(eeprom.o)
 .comment       0x0000000000000000       0x2c obj_cooja/mtype358.a(random.o)
 .comment       0x0000000000000000       0x2c obj_cooja/mtype358.a(sensors.o)
 .comment       0x0000000000000000       0x2c obj_cooja/mtype358.a(dual_conf.o)
 .comment       0x0000000000000000       0x2c obj_cooja/mtype358.a(autostart.o)
 .comment       0x0000000000000000       0x2c obj_cooja/mtype358.a(ctimer.o)
 .comment       0x0000000000000000       0x2c obj_cooja/mtype358.a(etimer.o)
 .comment       0x0000000000000000       0x2c obj_cooja/mtype358.a(process.o)
 .comment       0x0000000000000000       0x2c obj_cooja/mtype358.a(rtimer.o)
 .comment       0x0000000000000000       0x2c obj_cooja/mtype358.a(stimer.o)
 .comment       0x0000000000000000       0x2c obj_cooja/mtype358.a(timer.o)
 .comment       0x0000000000000000       0x2c obj_cooja/mtype358.a(serial-line.o)
 .comment       0x0000000000000000       0x2c obj_cooja/mtype358.a(list.o)
 .comment       0x0000000000000000       0x2c obj_cooja/mtype358.a(ringbuf.o)
 .comment       0x0000000000000000       0x2c obj_cooja/mtype358.a(sicslowpan.o)
 .comment       0x0000000000000000       0x2c obj_cooja/mtype358.a(uip-ds6-nbr.o)
 .comment       0x0000000000000000       0x2c obj_cooja/mtype358.a(uip-ds6-route.o)
 .comment       0x0000000000000000       0x2c obj_cooja/mtype358.a(uip-ds6.o)
 .comment       0x0000000000000000       0x2c obj_cooja/mtype358.a(uip6.o)
 .comment       0x0000000000000000       0x2c obj_cooja/mtype358.a(tcpip.o)
 .comment       0x0000000000000000       0x2c obj_cooja/mtype358.a(uip-debug.o)
 .comment       0x0000000000000000       0x2c obj_cooja/mtype358.a(uip-packetqueue)
 .comment       0x0000000000000000       0x2c obj_cooja/mtype358.a(uip-udp-packet.)
 .comment       0x0000000000000000       0x2c obj_cooja/mtype358.a(rpl-dag.o)
 .comment       0x0000000000000000       0x2c obj_cooja/mtype358.a(rpl-ext-header.)
 .comment       0x0000000000000000       0x2c obj_cooja/mtype358.a(rpl-icmp6.o)
 .comment       0x0000000000000000       0x2c obj_cooja/mtype358.a(rpl-jkof.o)
 .comment       0x0000000000000000       0x2c obj_cooja/mtype358.a(rpl-timers.o)
 .comment       0x0000000000000000       0x2c obj_cooja/mtype358.a(rpl.o)
 .comment       0x0000000000000000       0x2c obj_cooja/mtype358.a(framer-802154.o)
 .comment       0x0000000000000000       0x2c obj_cooja/mtype358.a(nullmac.o)
 .comment       0x0000000000000000       0x2c obj_cooja/mtype358.a(nullrdc.o)
 .comment       0x0000000000000000       0x2c obj_cooja/mtype358.a(linkaddr.o)
 .comment       0x0000000000000000       0x2c obj_cooja/mtype358.a(nbr-table.o)
 .comment       0x0000000000000000       0x2c obj_cooja/mtype358.a(netstack.o)
 .comment       0x0000000000000000       0x2c obj_cooja/mtype358.a(packetbuf.o)
 .comment       0x0000000000000000       0x2c obj_cooja/mtype358.a(queuebuf.o)
 .comment       0x0000000000000000       0x2c obj_cooja/mtype358.a(nullsec.o)
 .comment       0x0000000000000000       0x2c obj_cooja/mtype358.a(watchdog.o)
 .comment       0x0000000000000000       0x2c obj_cooja/mtype358.a(rimestats.o)
 .comment       0x0000000000000000       0x2c obj_cooja/mtype358.a(memb.o)
 .comment       0x0000000000000000       0x2c obj_cooja/mtype358.a(uip-icmp6.o)
 .comment       0x0000000000000000       0x2c obj_cooja/mtype358.a(uip-nd6.o)
 .comment       0x0000000000000000       0x2c obj_cooja/mtype358.a(rpl-nbr-policy.)
 .comment       0x0000000000000000       0x2c obj_cooja/mtype358.a(frame802154.o)
 .comment       0x0000000000000000       0x2c obj_cooja/mtype358.a(mac-sequence.o)
 .comment       0x0000000000000000       0x2c obj_cooja/mtype358.a(mac.o)
 .comment       0x0000000000000000       0x2c /usr/lib/gcc/i686-linux-gnu/4.8/crtendS.o

.debug
 *(.debug)

.line
 *(.line)

.debug_srcinfo
 *(.debug_srcinfo)

.debug_sfnames
 *(.debug_sfnames)

.debug_aranges  0x0000000000000000      0x7f8
 *(.debug_aranges)
 .debug_aranges
                0x0000000000000000       0x20 udp-client.co
 .debug_aranges
                0x0000000000000020       0x20 obj_cooja/mtype358.o
 .debug_aranges
                0x0000000000000040       0x20 obj_cooja/mtype358.a(simEnvChange.o)
 .debug_aranges
                0x0000000000000060       0x20 obj_cooja/mtype358.a(cooja_mt.o)
 .debug_aranges
                0x0000000000000080       0x20 obj_cooja/mtype358.a(cooja_mtarch.o)
 .debug_aranges
                0x00000000000000a0       0x20 obj_cooja/mtype358.a(rtimer-arch.o)
 .debug_aranges
                0x00000000000000c0       0x20 obj_cooja/mtype358.a(beep.o)
 .debug_aranges
                0x00000000000000e0       0x20 obj_cooja/mtype358.a(button-sensor.o)
 .debug_aranges
                0x0000000000000100       0x20 obj_cooja/mtype358.a(leds-arch.o)
 .debug_aranges
                0x0000000000000120       0x20 obj_cooja/mtype358.a(moteid.o)
 .debug_aranges
                0x0000000000000140       0x20 obj_cooja/mtype358.a(pir-sensor.o)
 .debug_aranges
                0x0000000000000160       0x20 obj_cooja/mtype358.a(rs232.o)
 .debug_aranges
                0x0000000000000180       0x20 obj_cooja/mtype358.a(vib-sensor.o)
 .debug_aranges
                0x00000000000001a0       0x20 obj_cooja/mtype358.a(clock.o)
 .debug_aranges
                0x00000000000001c0       0x20 obj_cooja/mtype358.a(log.o)
 .debug_aranges
                0x00000000000001e0       0x20 obj_cooja/mtype358.a(cfs-cooja.o)
 .debug_aranges
                0x0000000000000200       0x20 obj_cooja/mtype358.a(cooja-radio.o)
 .debug_aranges
                0x0000000000000220       0x20 obj_cooja/mtype358.a(eeprom.o)
 .debug_aranges
                0x0000000000000240       0x20 obj_cooja/mtype358.a(random.o)
 .debug_aranges
                0x0000000000000260       0x20 obj_cooja/mtype358.a(sensors.o)
 .debug_aranges
                0x0000000000000280       0x20 obj_cooja/mtype358.a(dual_conf.o)
 .debug_aranges
                0x00000000000002a0       0x20 obj_cooja/mtype358.a(autostart.o)
 .debug_aranges
                0x00000000000002c0       0x20 obj_cooja/mtype358.a(ctimer.o)
 .debug_aranges
                0x00000000000002e0       0x20 obj_cooja/mtype358.a(etimer.o)
 .debug_aranges
                0x0000000000000300       0x20 obj_cooja/mtype358.a(process.o)
 .debug_aranges
                0x0000000000000320       0x20 obj_cooja/mtype358.a(rtimer.o)
 .debug_aranges
                0x0000000000000340       0x20 obj_cooja/mtype358.a(stimer.o)
 .debug_aranges
                0x0000000000000360       0x20 obj_cooja/mtype358.a(timer.o)
 .debug_aranges
                0x0000000000000380       0x20 obj_cooja/mtype358.a(serial-line.o)
 .debug_aranges
                0x00000000000003a0       0x20 obj_cooja/mtype358.a(list.o)
 .debug_aranges
                0x00000000000003c0       0x20 obj_cooja/mtype358.a(ringbuf.o)
 .debug_aranges
                0x00000000000003e0       0x20 obj_cooja/mtype358.a(sicslowpan.o)
 .debug_aranges
                0x0000000000000400       0x20 obj_cooja/mtype358.a(uip-ds6-nbr.o)
 .debug_aranges
                0x0000000000000420       0x20 obj_cooja/mtype358.a(uip-ds6-route.o)
 .debug_aranges
                0x0000000000000440       0x20 obj_cooja/mtype358.a(uip-ds6.o)
 .debug_aranges
                0x0000000000000460       0x20 obj_cooja/mtype358.a(uip6.o)
 .debug_aranges
                0x0000000000000480       0x20 obj_cooja/mtype358.a(tcpip.o)
 .debug_aranges
                0x00000000000004a0       0x20 obj_cooja/mtype358.a(uip-debug.o)
 .debug_aranges
                0x00000000000004c0       0x20 obj_cooja/mtype358.a(uip-packetqueue)
 .debug_aranges
                0x00000000000004e0       0x20 obj_cooja/mtype358.a(uip-udp-packet.)
 .debug_aranges
                0x0000000000000500       0x20 obj_cooja/mtype358.a(rpl-dag.o)
 .debug_aranges
                0x0000000000000520       0x20 obj_cooja/mtype358.a(rpl-ext-header.)
 .debug_aranges
                0x0000000000000540       0x20 obj_cooja/mtype358.a(rpl-icmp6.o)
 .debug_aranges
                0x0000000000000560       0x20 obj_cooja/mtype358.a(rpl-jkof.o)
 .debug_aranges
                0x0000000000000580       0x20 obj_cooja/mtype358.a(rpl-timers.o)
 .debug_aranges
                0x00000000000005a0       0x20 obj_cooja/mtype358.a(rpl.o)
 .debug_aranges
                0x00000000000005c0       0x20 obj_cooja/mtype358.a(framer-802154.o)
 .debug_aranges
                0x00000000000005e0       0x20 obj_cooja/mtype358.a(nullmac.o)
 .debug_aranges
                0x0000000000000600       0x20 obj_cooja/mtype358.a(nullrdc.o)
 .debug_aranges
                0x0000000000000620       0x20 obj_cooja/mtype358.a(linkaddr.o)
 .debug_aranges
                0x0000000000000640       0x20 obj_cooja/mtype358.a(nbr-table.o)
 .debug_aranges
                0x0000000000000660       0x20 obj_cooja/mtype358.a(netstack.o)
 .debug_aranges
                0x0000000000000680       0x20 obj_cooja/mtype358.a(packetbuf.o)
 .debug_aranges
                0x00000000000006a0       0x20 obj_cooja/mtype358.a(queuebuf.o)
 .debug_aranges
                0x00000000000006c0       0x20 obj_cooja/mtype358.a(nullsec.o)
 .debug_aranges
                0x00000000000006e0       0x20 obj_cooja/mtype358.a(watchdog.o)
 .debug_aranges
                0x0000000000000700       0x18 obj_cooja/mtype358.a(rimestats.o)
 .debug_aranges
                0x0000000000000718       0x20 obj_cooja/mtype358.a(memb.o)
 .debug_aranges
                0x0000000000000738       0x20 obj_cooja/mtype358.a(uip-icmp6.o)
 .debug_aranges
                0x0000000000000758       0x20 obj_cooja/mtype358.a(uip-nd6.o)
 .debug_aranges
                0x0000000000000778       0x20 obj_cooja/mtype358.a(rpl-nbr-policy.)
 .debug_aranges
                0x0000000000000798       0x20 obj_cooja/mtype358.a(frame802154.o)
 .debug_aranges
                0x00000000000007b8       0x20 obj_cooja/mtype358.a(mac-sequence.o)
 .debug_aranges
                0x00000000000007d8       0x20 obj_cooja/mtype358.a(mac.o)

.debug_pubnames
 *(.debug_pubnames)

.debug_info     0x0000000000000000    0x1b108
 *(.debug_info .gnu.linkonce.wi.*)
 .debug_info    0x0000000000000000      0x8b3 udp-client.co
 .debug_info    0x00000000000008b3     0x3771 obj_cooja/mtype358.o
 .debug_info    0x0000000000004024      0x15a obj_cooja/mtype358.a(simEnvChange.o)
 .debug_info    0x000000000000417e      0x1e2 obj_cooja/mtype358.a(cooja_mt.o)
 .debug_info    0x0000000000004360      0x2e7 obj_cooja/mtype358.a(cooja_mtarch.o)
 .debug_info    0x0000000000004647      0x16b obj_cooja/mtype358.a(rtimer-arch.o)
 .debug_info    0x00000000000047b2      0x1f3 obj_cooja/mtype358.a(beep.o)
 .debug_info    0x00000000000049a5      0x257 obj_cooja/mtype358.a(button-sensor.o)
 .debug_info    0x0000000000004bfc      0x132 obj_cooja/mtype358.a(leds-arch.o)
 .debug_info    0x0000000000004d2e      0x10a obj_cooja/mtype358.a(moteid.o)
 .debug_info    0x0000000000004e38      0x216 obj_cooja/mtype358.a(pir-sensor.o)
 .debug_info    0x000000000000504e      0x21e obj_cooja/mtype358.a(rs232.o)
 .debug_info    0x000000000000526c      0x216 obj_cooja/mtype358.a(vib-sensor.o)
 .debug_info    0x0000000000005482      0x152 obj_cooja/mtype358.a(clock.o)
 .debug_info    0x00000000000055d4      0x2bb obj_cooja/mtype358.a(log.o)
 .debug_info    0x000000000000588f      0x3cf obj_cooja/mtype358.a(cfs-cooja.o)
 .debug_info    0x0000000000005c5e      0xcb8 obj_cooja/mtype358.a(cooja-radio.o)
 .debug_info    0x0000000000006916      0x1d5 obj_cooja/mtype358.a(eeprom.o)
 .debug_info    0x0000000000006aeb       0xb3 obj_cooja/mtype358.a(random.o)
 .debug_info    0x0000000000006b9e      0x36d obj_cooja/mtype358.a(sensors.o)
 .debug_info    0x0000000000006f0b      0x9a9 obj_cooja/mtype358.a(dual_conf.o)
 .debug_info    0x00000000000078b4      0x1a5 obj_cooja/mtype358.a(autostart.o)
 .debug_info    0x0000000000007a59      0x46c obj_cooja/mtype358.a(ctimer.o)
 .debug_info    0x0000000000007ec5      0x49c obj_cooja/mtype358.a(etimer.o)
 .debug_info    0x0000000000008361      0x4ba obj_cooja/mtype358.a(process.o)
 .debug_info    0x000000000000881b      0x1ab obj_cooja/mtype358.a(rtimer.o)
 .debug_info    0x00000000000089c6      0x179 obj_cooja/mtype358.a(stimer.o)
 .debug_info    0x0000000000008b3f      0x16c obj_cooja/mtype358.a(timer.o)
 .debug_info    0x0000000000008cab      0x2de obj_cooja/mtype358.a(serial-line.o)
 .debug_info    0x0000000000008f89      0x2ed obj_cooja/mtype358.a(list.o)
 .debug_info    0x0000000000009276      0x1aa obj_cooja/mtype358.a(ringbuf.o)
 .debug_info    0x0000000000009420     0x105e obj_cooja/mtype358.a(sicslowpan.o)
 .debug_info    0x000000000000a47e      0x8c7 obj_cooja/mtype358.a(uip-ds6-nbr.o)
 .debug_info    0x000000000000ad45      0xd30 obj_cooja/mtype358.a(uip-ds6-route.o)
 .debug_info    0x000000000000ba75      0xc19 obj_cooja/mtype358.a(uip-ds6.o)
 .debug_info    0x000000000000c68e      0xea0 obj_cooja/mtype358.a(uip6.o)
 .debug_info    0x000000000000d52e     0x14bf obj_cooja/mtype358.a(tcpip.o)
 .debug_info    0x000000000000e9ed      0x1b5 obj_cooja/mtype358.a(uip-debug.o)
 .debug_info    0x000000000000eba2      0x470 obj_cooja/mtype358.a(uip-packetqueue)
 .debug_info    0x000000000000f012      0x37a obj_cooja/mtype358.a(uip-udp-packet.)
 .debug_info    0x000000000000f38c     0x190c obj_cooja/mtype358.a(rpl-dag.o)
 .debug_info    0x0000000000010c98      0xe37 obj_cooja/mtype358.a(rpl-ext-header.)
 .debug_info    0x0000000000011acf     0x1780 obj_cooja/mtype358.a(rpl-icmp6.o)
 .debug_info    0x000000000001324f      0xb26 obj_cooja/mtype358.a(rpl-jkof.o)
 .debug_info    0x0000000000013d75      0xbf7 obj_cooja/mtype358.a(rpl-timers.o)
 .debug_info    0x000000000001496c      0xcea obj_cooja/mtype358.a(rpl.o)
 .debug_info    0x0000000000015656      0x5ed obj_cooja/mtype358.a(framer-802154.o)
 .debug_info    0x0000000000015c43      0x3d5 obj_cooja/mtype358.a(nullmac.o)
 .debug_info    0x0000000000016018      0xd05 obj_cooja/mtype358.a(nullrdc.o)
 .debug_info    0x0000000000016d1d      0x198 obj_cooja/mtype358.a(linkaddr.o)
 .debug_info    0x0000000000016eb5      0x9c3 obj_cooja/mtype358.a(nbr-table.o)
 .debug_info    0x0000000000017878      0x4ba obj_cooja/mtype358.a(netstack.o)
 .debug_info    0x0000000000017d32      0x478 obj_cooja/mtype358.a(packetbuf.o)
 .debug_info    0x00000000000181aa      0x57d obj_cooja/mtype358.a(queuebuf.o)
 .debug_info    0x0000000000018727      0x3aa obj_cooja/mtype358.a(nullsec.o)
 .debug_info    0x0000000000018ad1       0x7b obj_cooja/mtype358.a(watchdog.o)
 .debug_info    0x0000000000018b4c      0x119 obj_cooja/mtype358.a(rimestats.o)
 .debug_info    0x0000000000018c65      0x1d7 obj_cooja/mtype358.a(memb.o)
 .debug_info    0x0000000000018e3c      0x784 obj_cooja/mtype358.a(uip-icmp6.o)
 .debug_info    0x00000000000195c0      0x331 obj_cooja/mtype358.a(uip-nd6.o)
 .debug_info    0x00000000000198f1      0xdba obj_cooja/mtype358.a(rpl-nbr-policy.)
 .debug_info    0x000000000001a6ab      0x6b4 obj_cooja/mtype358.a(frame802154.o)
 .debug_info    0x000000000001ad5f      0x297 obj_cooja/mtype358.a(mac-sequence.o)
 .debug_info    0x000000000001aff6      0x112 obj_cooja/mtype358.a(mac.o)

.debug_abbrev   0x0000000000000000     0x66ef
 *(.debug_abbrev)
 .debug_abbrev  0x0000000000000000      0x1c0 udp-client.co
 .debug_abbrev  0x00000000000001c0      0x2b3 obj_cooja/mtype358.o